
===========================================================================
report_checks -unconstrained
===========================================================================
======================= nom_ff_n40C_1v95 Corner ===================================

Startpoint: rst_n (input port clocked by sclkb)
Endpoint: _517_ (recovery check against rising-edge clock sclkb)
Path Group: asynchronous
Path Type: max

Fanout         Cap        Slew       Delay        Time   Description
---------------------------------------------------------------------------------------------
                                  0.000000    0.000000   clock sclkb (rise edge)
                                  0.000000    0.000000   clock network delay (propagated)
                                  0.000000    0.000000 ^ input external delay
     1    0.002917    0.014331    0.007550    0.007550 ^ rst_n (in)
                                                         rst_n (net)
                      0.014336    0.000000    0.007550 ^ hold1/A (sky130_fd_sc_hd__dlygate4sd3_1)
     1    0.004014    0.045640    0.374447    0.381997 ^ hold1/X (sky130_fd_sc_hd__dlygate4sd3_1)
                                                         net79 (net)
                      0.045640    0.000095    0.382093 ^ input1/A (sky130_fd_sc_hd__clkbuf_1)
     1    0.003234    0.035787    0.057240    0.439333 ^ input1/X (sky130_fd_sc_hd__clkbuf_1)
                                                         net1 (net)
                      0.035787    0.000079    0.439412 ^ hold2/A (sky130_fd_sc_hd__dlygate4sd3_1)
     1    0.003699    0.043670    0.377555    0.816967 ^ hold2/X (sky130_fd_sc_hd__dlygate4sd3_1)
                                                         net80 (net)
                      0.043670    0.000094    0.817062 ^ fanout56/A (sky130_fd_sc_hd__clkbuf_2)
     5    0.037621    0.158770    0.158180    0.975242 ^ fanout56/X (sky130_fd_sc_hd__clkbuf_2)
                                                         net56 (net)
                      0.158775    0.000717    0.975959 ^ fanout55/A (sky130_fd_sc_hd__buf_4)
     6    0.075255    0.158754    0.180477    1.156436 ^ fanout55/X (sky130_fd_sc_hd__buf_4)
                                                         net55 (net)
                      0.159392    0.008287    1.164723 ^ fanout54/A (sky130_fd_sc_hd__buf_2)
     6    0.045362    0.167773    0.188317    1.353040 ^ fanout54/X (sky130_fd_sc_hd__buf_2)
                                                         net54 (net)
                      0.167777    0.000682    1.353722 ^ fanout53/A (sky130_fd_sc_hd__clkbuf_4)
     9    0.052672    0.124075    0.185853    1.539575 ^ fanout53/X (sky130_fd_sc_hd__clkbuf_4)
                                                         net53 (net)
                      0.124091    0.001180    1.540755 ^ fanout52/A (sky130_fd_sc_hd__clkbuf_4)
    10    0.046538    0.110869    0.170364    1.711119 ^ fanout52/X (sky130_fd_sc_hd__clkbuf_4)
                                                         net52 (net)
                      0.110883    0.001282    1.712401 ^ _517_/RESET_B (sky130_fd_sc_hd__dfrtp_4)
                                              1.712401   data arrival time

                               10000.000000 10000.000000   clock sclkb (rise edge)
                                  0.000000 10000.000000   clock source latency
     1    0.027553    0.096827    0.066393 10000.066406 ^ ui_in[4] (in)
                                                         ui_in[4] (net)
                      0.096848    0.000000 10000.066406 ^ clkbuf_0_ui_in[4]/A (sky130_fd_sc_hd__clkbuf_16)
     8    0.123428    0.106844    0.156433 10000.222656 ^ clkbuf_0_ui_in[4]/X (sky130_fd_sc_hd__clkbuf_16)
                                                         clknet_0_ui_in[4] (net)
                      0.108798    0.011823 10000.234375 ^ clkbuf_3_4__f_ui_in[4]/A (sky130_fd_sc_hd__clkbuf_16)
     8    0.039865    0.045434    0.117325 10000.351562 ^ clkbuf_3_4__f_ui_in[4]/X (sky130_fd_sc_hd__clkbuf_16)
                                                         clknet_3_4__leaf_ui_in[4] (net)
                      0.045916    0.002728 10000.354492 ^ _517_/CLK (sky130_fd_sc_hd__dfrtp_4)
                                 -0.250000 10000.104492   clock uncertainty
                                  0.000000 10000.104492   clock reconvergence pessimism
                                  0.108292 10000.212891   library recovery time
                                           10000.212891   data required time
---------------------------------------------------------------------------------------------
                                           10000.212891   data required time
                                             -1.712401   data arrival time
---------------------------------------------------------------------------------------------
                                           9998.500000   slack (MET)


Startpoint: _544_ (rising edge-triggered flip-flop clocked by sclka)
Endpoint: _544_ (rising edge-triggered flip-flop clocked by sclka)
Path Group: sclka
Path Type: max

Fanout         Cap        Slew       Delay        Time   Description
---------------------------------------------------------------------------------------------
                                  0.000000    0.000000   clock sclka (rise edge)
                                  0.000000    0.000000   clock source latency
     1    0.019987    0.071695    0.049209    0.049209 ^ ui_in[3] (in)
                                                         ui_in[3] (net)
                      0.071716    0.000000    0.049209 ^ clkbuf_0_ui_in[3]/A (sky130_fd_sc_hd__clkbuf_16)
     8    0.128620    0.109607    0.152231    0.201440 ^ clkbuf_0_ui_in[3]/X (sky130_fd_sc_hd__clkbuf_16)
                                                         clknet_0_ui_in[3] (net)
                      0.110209    0.006518    0.207958 ^ clkbuf_3_3__f_ui_in[3]/A (sky130_fd_sc_hd__clkbuf_16)
    13    0.053355    0.055281    0.125269    0.333228 ^ clkbuf_3_3__f_ui_in[3]/X (sky130_fd_sc_hd__clkbuf_16)
                                                         clknet_3_3__leaf_ui_in[3] (net)
                      0.055321    0.001368    0.334596 ^ _544_/CLK (sky130_fd_sc_hd__dfrtp_1)
     2    0.008615    0.046936    0.249870    0.584466 v _544_/Q (sky130_fd_sc_hd__dfrtp_1)
                                                         scan_chain.scan_cells[4].scan_cell.primary_ff (net)
                      0.046937    0.000191    0.584656 v hold98/A (sky130_fd_sc_hd__dlygate4sd3_1)
     1    0.005452    0.047324    0.378976    0.963633 v hold98/X (sky130_fd_sc_hd__dlygate4sd3_1)
                                                         net176 (net)
                      0.047324    0.000217    0.963850 v _318_/A0 (sky130_fd_sc_hd__mux2_1)
     1    0.004127    0.043486    0.153068    1.116918 v _318_/X (sky130_fd_sc_hd__mux2_1)
                                                         _070_ (net)
                      0.043486    0.000132    1.117049 v _544_/D (sky130_fd_sc_hd__dfrtp_1)
                                              1.117049   data arrival time

                               10000.000000 10000.000000   clock sclka (rise edge)
                                  0.000000 10000.000000   clock source latency
     1    0.019987    0.071695    0.049113 10000.048828 ^ ui_in[3] (in)
                                                         ui_in[3] (net)
                      0.071716    0.000000 10000.048828 ^ clkbuf_0_ui_in[3]/A (sky130_fd_sc_hd__clkbuf_16)
     8    0.128620    0.109607    0.151886 10000.201172 ^ clkbuf_0_ui_in[3]/X (sky130_fd_sc_hd__clkbuf_16)
                                                         clknet_0_ui_in[3] (net)
                      0.110209    0.007276 10000.208008 ^ clkbuf_3_3__f_ui_in[3]/A (sky130_fd_sc_hd__clkbuf_16)
    13    0.053355    0.055281    0.124601 10000.333008 ^ clkbuf_3_3__f_ui_in[3]/X (sky130_fd_sc_hd__clkbuf_16)
                                                         clknet_3_3__leaf_ui_in[3] (net)
                      0.055321    0.001819 10000.334961 ^ _544_/CLK (sky130_fd_sc_hd__dfrtp_1)
                                 -0.250000 10000.084961   clock uncertainty
                                  0.000000 10000.084961   clock reconvergence pessimism
                                 -0.074299 10000.009766   library setup time
                                           10000.009766   data required time
---------------------------------------------------------------------------------------------
                                           10000.009766   data required time
                                             -1.117049   data arrival time
---------------------------------------------------------------------------------------------
                                           9998.893555   slack (MET)


Startpoint: ui_in[2] (input port clocked by sclkb)
Endpoint: _501_ (rising edge-triggered flip-flop clocked by sclkb)
Path Group: sclkb
Path Type: max

Fanout         Cap        Slew       Delay        Time   Description
---------------------------------------------------------------------------------------------
                                  0.000000    0.000000   clock sclkb (rise edge)
                                  0.000000    0.000000   clock network delay (propagated)
                                  0.000000    0.000000 ^ input external delay
     1    0.003218    0.015416    0.008339    0.008339 ^ ui_in[2] (in)
                                                         ui_in[2] (net)
                      0.015416    0.000000    0.008339 ^ hold5/A (sky130_fd_sc_hd__dlygate4sd3_1)
     1    0.003860    0.044651    0.373859    0.382198 ^ hold5/X (sky130_fd_sc_hd__dlygate4sd3_1)
                                                         net83 (net)
                      0.044651    0.000125    0.382323 ^ input4/A (sky130_fd_sc_hd__clkbuf_1)
     1    0.007857    0.074514    0.084189    0.466512 ^ input4/X (sky130_fd_sc_hd__clkbuf_1)
                                                         net4 (net)
                      0.074516    0.000294    0.466806 ^ fanout22/A (sky130_fd_sc_hd__buf_4)
     8    0.118231    0.245373    0.226154    0.692960 ^ fanout22/X (sky130_fd_sc_hd__buf_4)
                                                         net22 (net)
                      0.245679    0.007236    0.700196 ^ fanout21/A (sky130_fd_sc_hd__clkbuf_2)
     5    0.036128    0.153266    0.183800    0.883996 ^ fanout21/X (sky130_fd_sc_hd__clkbuf_2)
                                                         net21 (net)
                      0.153308    0.002098    0.886094 ^ fanout20/A (sky130_fd_sc_hd__clkbuf_4)
     8    0.060870    0.141826    0.193633    1.079727 ^ fanout20/X (sky130_fd_sc_hd__clkbuf_4)
                                                         net20 (net)
                      0.141838    0.001099    1.080827 ^ fanout19/A (sky130_fd_sc_hd__clkbuf_4)
    10    0.061572    0.142534    0.195098    1.275925 ^ fanout19/X (sky130_fd_sc_hd__clkbuf_4)
                                                         net19 (net)
                      0.142597    0.002480    1.278405 ^ _252_/A (sky130_fd_sc_hd__nand2_2)
     3    0.041194    0.120095    0.114377    1.392782 v _252_/Y (sky130_fd_sc_hd__nand2_2)
                                                         _145_ (net)
                      0.120359    0.004688    1.397471 v fanout6/A (sky130_fd_sc_hd__clkbuf_4)
    10    0.060923    0.088524    0.186472    1.583943 v fanout6/X (sky130_fd_sc_hd__clkbuf_4)
                                                         net6 (net)
                      0.089032    0.005143    1.589086 v fanout5/A (sky130_fd_sc_hd__clkbuf_4)
    10    0.057526    0.086844    0.168697    1.757783 v fanout5/X (sky130_fd_sc_hd__clkbuf_4)
                                                         net5 (net)
                      0.087354    0.005279    1.763062 v _253_/S (sky130_fd_sc_hd__mux2_1)
     1    0.002542    0.037000    0.194195    1.957258 v _253_/X (sky130_fd_sc_hd__mux2_1)
                                                         _027_ (net)
                      0.037000    0.000072    1.957330 v _501_/D (sky130_fd_sc_hd__dfrtp_4)
                                              1.957330   data arrival time

                               10000.000000 10000.000000   clock sclkb (rise edge)
                                  0.000000 10000.000000   clock source latency
     1    0.027553    0.096827    0.066393 10000.066406 ^ ui_in[4] (in)
                                                         ui_in[4] (net)
                      0.096848    0.000000 10000.066406 ^ clkbuf_0_ui_in[4]/A (sky130_fd_sc_hd__clkbuf_16)
     8    0.123428    0.106844    0.156433 10000.222656 ^ clkbuf_0_ui_in[4]/X (sky130_fd_sc_hd__clkbuf_16)
                                                         clknet_0_ui_in[4] (net)
                      0.107744    0.008185 10000.231445 ^ clkbuf_3_2__f_ui_in[4]/A (sky130_fd_sc_hd__clkbuf_16)
    12    0.041727    0.046953    0.118234 10000.349609 ^ clkbuf_3_2__f_ui_in[4]/X (sky130_fd_sc_hd__clkbuf_16)
                                                         clknet_3_2__leaf_ui_in[4] (net)
                      0.047035    0.001819 10000.351562 ^ _501_/CLK (sky130_fd_sc_hd__dfrtp_4)
                                 -0.250000 10000.100586   clock uncertainty
                                  0.000000 10000.100586   clock reconvergence pessimism
                                 -0.072870 10000.028320   library setup time
                                           10000.028320   data required time
---------------------------------------------------------------------------------------------
                                           10000.028320   data required time
                                             -1.957330   data arrival time
---------------------------------------------------------------------------------------------
                                           9998.071289   slack (MET)




===========================================================================
report_checks --slack_max -0.01
============================================================================
======================= nom_ff_n40C_1v95 Corner ===================================

No paths found.


===========================================================================
 report_check_types -max_slew -max_cap -max_fanout -violators
============================================================================
======================= nom_ff_n40C_1v95 Corner ===================================

max fanout

Pin                                   Limit Fanout  Slack
---------------------------------------------------------
clkbuf_3_3__f_ui_in[3]/X                 10     13     -3 (VIOLATED)
clkbuf_3_6__f_ui_in[3]/X                 10     13     -3 (VIOLATED)
clkbuf_3_2__f_ui_in[4]/X                 10     12     -2 (VIOLATED)
clkbuf_3_3__f_ui_in[4]/X                 10     11        (VIOLATED)
clkbuf_3_6__f_ui_in[4]/X                 10     11        (VIOLATED)
clkbuf_3_7__f_ui_in[4]/X                 10     11        (VIOLATED)



===========================================================================
report_parasitic_annotation -report_unannotated
============================================================================
Found 41 unannotated drivers.
 clk
 ena
 uio_in[4]
 uio_in[5]
 uio_in[6]
 uio_in[7]
 clkload0/Y
 clkload1/Y
 clkload10/Y
 clkload11/X
 clkload12/X
 clkload2/Y
 clkload3/Y
 clkload4/Y
 clkload5/Y
 clkload6/Y
 clkload7/Y
 clkload8/X
 clkload9/Y
 tt_um_openram_top_57/HI
 tt_um_openram_top_58/HI
 tt_um_openram_top_59/HI
 tt_um_openram_top_60/HI
 tt_um_openram_top_61/HI
 tt_um_openram_top_62/HI
 tt_um_openram_top_63/HI
 tt_um_openram_top_64/HI
 tt_um_openram_top_65/HI
 tt_um_openram_top_66/HI
 tt_um_openram_top_67/HI
 tt_um_openram_top_68/HI
 tt_um_openram_top_69/HI
 tt_um_openram_top_70/HI
 tt_um_openram_top_71/HI
 tt_um_openram_top_72/HI
 tt_um_openram_top_73/HI
 tt_um_openram_top_74/HI
 tt_um_openram_top_75/HI
 tt_um_openram_top_76/HI
 tt_um_openram_top_77/HI
 tt_um_openram_top_78/HI
Found 42 partially unannotated drivers.
 uio_in[0]
  SRAM/wmask0[3]
 uio_in[1]
  SRAM/wmask0[2]
 uio_in[2]
  SRAM/wmask0[1]
 uio_in[3]
  SRAM/wmask0[0]
 _501_/Q
  SRAM/addr0[0]
 _503_/Q
  SRAM/addr0[1]
 _505_/Q
  SRAM/addr0[2]
 _507_/Q
  SRAM/addr0[3]
 _509_/Q
  SRAM/addr0[4]
 _511_/Q
  SRAM/addr0[5]
 _513_/Q
  SRAM/din0[0]
 _515_/Q
  SRAM/din0[1]
 _517_/Q
  SRAM/din0[2]
 _519_/Q
  SRAM/din0[3]
 _521_/Q
  SRAM/din0[4]
 _523_/Q
  SRAM/din0[5]
 _525_/Q
  SRAM/din0[6]
 _527_/Q
  SRAM/din0[7]
 _529_/Q
  SRAM/din0[8]
 _531_/Q
  SRAM/din0[9]
 _533_/Q
  SRAM/din0[10]
 _535_/Q
  SRAM/din0[11]
 _537_/Q
  SRAM/din0[12]
 _539_/Q
  SRAM/din0[13]
 _541_/Q
  SRAM/din0[14]
 _543_/Q
  SRAM/din0[15]
 _547_/Q
  SRAM/din0[17]
 _549_/Q
  SRAM/din0[18]
 _551_/Q
  SRAM/din0[19]
 _553_/Q
  SRAM/din0[20]
 _555_/Q
  SRAM/din0[21]
 _557_/Q
  SRAM/din0[22]
 _559_/Q
  SRAM/din0[23]
 _561_/Q
  SRAM/din0[24]
 _563_/Q
  SRAM/din0[25]
 _565_/Q
  SRAM/din0[26]
 _567_/Q
  SRAM/din0[27]
 _569_/Q
  SRAM/din0[28]
 _571_/Q
  SRAM/din0[29]
 _573_/Q
  SRAM/din0[30]
 _575_/Q
  SRAM/din0[31]
 _577_/Q
  SRAM/din0[32]

===========================================================================
max slew violation count 0
max fanout violation count 6
max cap violation count 0
============================================================================

===========================================================================
check_setup -verbose -unconstrained_endpoints -multiple_clock -no_clock -no_input_delay -loops -generated_clocks
===========================================================================
Warning: There are 22 unconstrained endpoints.
  uio_oe[0]
  uio_oe[1]
  uio_oe[2]
  uio_oe[3]
  uio_oe[4]
  uio_oe[5]
  uio_oe[6]
  uio_oe[7]
  uio_out[0]
  uio_out[1]
  uio_out[2]
  uio_out[3]
  uio_out[4]
  uio_out[5]
  uio_out[6]
  uio_out[7]
  uo_out[2]
  uo_out[3]
  uo_out[4]
  uo_out[5]
  uo_out[6]
  uo_out[7]
