Clock: sclka
Sources: ui_in[3] 
Generated: no
Virtual: yes
Propagated: no
Period: 10000.000000

===========================================================================
report_clock_properties
============================================================================
Clock                   Period          Waveform
----------------------------------------------------
sclka               10000.000000    0.0000005000.000000

===========================================================================
report_clock_latency
============================================================================
Clock sclka
rise -> rise
    min     max
0.000000 0.000000 source latency
0.331167         network latency _547_/CLK
        0.347486 network latency _618_/CLK
---------------
0.331167 0.347486 latency
        0.016319 skew

rise -> fall
    min     max
0.000000 0.000000 source latency
0.287866         network latency _547_/CLK
        0.298072 network latency _621_/CLK
---------------
0.287866 0.298072 latency
        0.010205 skew

fall -> fall
    min     max
0.000000 0.000000 source latency
0.292403         network latency _608_/CLK
        0.302862 network latency _516_/CLK
---------------
0.292403 0.302862 latency
        0.010459 skew



===========================================================================
report_clock_min_period
============================================================================
sclka period_min = 1.10 fmax = 908.69
Clock: sclkb
Sources: ui_in[4] 
Generated: no
Virtual: yes
Propagated: no
Period: 10000.000000

===========================================================================
report_clock_properties
============================================================================
Clock                   Period          Waveform
----------------------------------------------------
sclkb               10000.000000    0.0000005000.000000

===========================================================================
report_clock_latency
============================================================================
Clock sclkb
rise -> rise
    min     max
0.000000 0.000000 source latency
0.331167         network latency _547_/CLK
        0.347486 network latency _618_/CLK
---------------
0.331167 0.347486 latency
        0.016319 skew

rise -> fall
    min     max
0.000000 0.000000 source latency
0.292331         network latency _608_/CLK
        0.303002 network latency _618_/CLK
---------------
0.292331 0.303002 latency
        0.010671 skew

fall -> fall
    min     max
0.000000 0.000000 source latency
0.287855         network latency _547_/CLK
        0.298314 network latency _621_/CLK
---------------
0.287855 0.298314 latency
        0.010459 skew



===========================================================================
report_clock_min_period
============================================================================
sclkb period_min = 1.12 fmax = 893.91
