
===========================================================================
 report_power
============================================================================
======================= nom_ff_n40C_1v95 Corner ===================================

Group                    Internal    Switching      Leakage        Total
                            Power        Power        Power        Power (Watts)
------------------------------------------------------------------------
Sequential           8.352260e-07 1.412782e-07 2.537560e-09 9.790418e-07  43.5%
Combinational        3.139461e-07 1.550139e-07 4.744805e-09 4.737048e-07  21.0%
Clock                4.354148e-07 3.600427e-07 3.253351e-09 7.987109e-07  35.5%
Macro                0.000000e+00 0.000000e+00 0.000000e+00 0.000000e+00   0.0%
Pad                  0.000000e+00 0.000000e+00 0.000000e+00 0.000000e+00   0.0%
------------------------------------------------------------------------
Total                1.584587e-06 6.563350e-07 1.053573e-08 2.251458e-06 100.0%
                            70.4%        29.2%         0.5%

