┏━━━━━━━┳━━━━━━━━━┳━━━━━━━━━━┳━━━━━━━━━━━━━━━━━━━━━━━━━━━━━━━━━━━━━━━━━━━━━━┳━━━━━━━━━━━━┳━━━━━━━┓
┃ P / R ┃ Partial ┃ Required ┃ Net                                          ┃ Pin        ┃ Layer ┃
┡━━━━━━━╇━━━━━━━━━╇━━━━━━━━━━╇━━━━━━━━━━━━━━━━━━━━━━━━━━━━━━━━━━━━━━━━━━━━━━╇━━━━━━━━━━━━╇━━━━━━━┩
│ 2.71  │ 1084.08 │ 400.00   │ scan_chain.scan_cells[62\].scan_cell.data_in │ _278_/A0   │ met1  │
│ 2.39  │ 957.27  │ 400.00   │ dout[4\]                                     │ _482_/A0   │ met3  │
│ 1.96  │ 782.92  │ 400.00   │ dout[19\]                                    │ _422_/A0   │ met3  │
│ 1.93  │ 770.79  │ 400.00   │ dout[22\]                                    │ _410_/A0   │ met4  │
│ 1.88  │ 753.71  │ 400.00   │ dout[5\]                                     │ _478_/A0   │ met3  │
│ 1.80  │ 718.03  │ 400.00   │ dout[29\]                                    │ _382_/A0   │ met3  │
│ 1.64  │ 657.33  │ 400.00   │ dout[18\]                                    │ _426_/A0   │ met3  │
│ 1.35  │ 540.29  │ 400.00   │ net23                                        │ fanout17/A │ met2  │
│ 1.23  │ 493.14  │ 400.00   │ dout[1\]                                     │ _494_/A0   │ met4  │
│ 1.23  │ 493.14  │ 400.00   │ dout[21\]                                    │ _414_/A0   │ met4  │
└───────┴─────────┴──────────┴──────────────────────────────────────────────┴────────────┴───────┘
