
===========================================================================
report_checks -unconstrained
===========================================================================
======================= max_ss_100C_1v60 Corner ===================================

Startpoint: rst_n (input port clocked by sclkb)
Endpoint: _517_ (recovery check against rising-edge clock sclkb)
Path Group: asynchronous
Path Type: max

Fanout         Cap        Slew       Delay        Time   Description
---------------------------------------------------------------------------------------------
                                  0.000000    0.000000   clock sclkb (rise edge)
                                  0.000000    0.000000   clock network delay (propagated)
                                  0.000000    0.000000 ^ input external delay
     1    0.002661    0.031330    0.015102    0.015102 ^ rst_n (in)
                                                         rst_n (net)
                      0.031330    0.000000    0.015102 ^ hold1/A (sky130_fd_sc_hd__dlygate4sd3_1)
     1    0.005461    0.127483    1.061256    1.076358 ^ hold1/X (sky130_fd_sc_hd__dlygate4sd3_1)
                                                         net80 (net)
                      0.127483    0.000401    1.076759 ^ input1/A (sky130_fd_sc_hd__clkbuf_2)
     1    0.004023    0.056009    0.201208    1.277967 ^ input1/X (sky130_fd_sc_hd__clkbuf_2)
                                                         net1 (net)
                      0.056010    0.000289    1.278256 ^ hold2/A (sky130_fd_sc_hd__dlygate4sd3_1)
     4    0.034713    0.537845    1.389954    2.668210 ^ hold2/X (sky130_fd_sc_hd__dlygate4sd3_1)
                                                         net81 (net)
                      0.537856    0.003173    2.671383 ^ fanout57/A (sky130_fd_sc_hd__buf_4)
     6    0.072948    0.329037    0.584984    3.256367 ^ fanout57/X (sky130_fd_sc_hd__buf_4)
                                                         net57 (net)
                      0.329385    0.008952    3.265319 ^ fanout56/A (sky130_fd_sc_hd__buf_2)
     6    0.049030    0.381626    0.531518    3.796837 ^ fanout56/X (sky130_fd_sc_hd__buf_2)
                                                         net56 (net)
                      0.381626    0.001240    3.798077 ^ fanout55/A (sky130_fd_sc_hd__clkbuf_4)
     9    0.049576    0.246959    0.515235    4.313312 ^ fanout55/X (sky130_fd_sc_hd__clkbuf_4)
                                                         net55 (net)
                      0.247001    0.003345    4.316657 ^ fanout54/A (sky130_fd_sc_hd__clkbuf_4)
    10    0.045076    0.226474    0.443096    4.759753 ^ fanout54/X (sky130_fd_sc_hd__clkbuf_4)
                                                         net54 (net)
                      0.226523    0.003294    4.763047 ^ _517_/RESET_B (sky130_fd_sc_hd__dfrtp_4)
                                              4.763047   data arrival time

                               10000.000000 10000.000000   clock sclkb (rise edge)
                                  0.000000 10000.000000   clock source latency
     1    0.024362    0.180475    0.124601 10000.125000 ^ ui_in[4] (in)
                                                         ui_in[4] (net)
                      0.180491    0.000000 10000.125000 ^ clkbuf_0_ui_in[4]/A (sky130_fd_sc_hd__clkbuf_16)
     8    0.126129    0.214395    0.384716 10000.509766 ^ clkbuf_0_ui_in[4]/X (sky130_fd_sc_hd__clkbuf_16)
                                                         clknet_0_ui_in[4] (net)
                      0.216953    0.019099 10000.528320 ^ clkbuf_3_4__f_ui_in[4]/A (sky130_fd_sc_hd__clkbuf_16)
     8    0.042475    0.096960    0.319233 10000.847656 ^ clkbuf_3_4__f_ui_in[4]/X (sky130_fd_sc_hd__clkbuf_16)
                                                         clknet_3_4__leaf_ui_in[4] (net)
                      0.097238    0.003638 10000.851562 ^ _517_/CLK (sky130_fd_sc_hd__dfrtp_4)
                                 -0.250000 10000.601562   clock uncertainty
                                  0.000000 10000.601562   clock reconvergence pessimism
                                  0.379744 10000.981445   library recovery time
                                           10000.981445   data required time
---------------------------------------------------------------------------------------------
                                           10000.981445   data required time
                                             -4.763047   data arrival time
---------------------------------------------------------------------------------------------
                                           9996.218750   slack (MET)


Startpoint: _592_ (rising edge-triggered flip-flop clocked by sclka)
Endpoint: _592_ (rising edge-triggered flip-flop clocked by sclka)
Path Group: sclka
Path Type: max

Fanout         Cap        Slew       Delay        Time   Description
---------------------------------------------------------------------------------------------
                                  0.000000    0.000000   clock sclka (rise edge)
                                  0.000000    0.000000   clock source latency
     1    0.023956    0.177618    0.122154    0.122154 ^ ui_in[3] (in)
                                                         ui_in[3] (net)
                      0.177632    0.000000    0.122154 ^ clkbuf_0_ui_in[3]/A (sky130_fd_sc_hd__clkbuf_16)
     8    0.133813    0.226925    0.390491    0.512645 ^ clkbuf_0_ui_in[3]/X (sky130_fd_sc_hd__clkbuf_16)
                                                         clknet_0_ui_in[3] (net)
                      0.230305    0.022120    0.534764 ^ clkbuf_3_5__f_ui_in[3]/A (sky130_fd_sc_hd__clkbuf_16)
     8    0.045175    0.100728    0.328200    0.862964 ^ clkbuf_3_5__f_ui_in[3]/X (sky130_fd_sc_hd__clkbuf_16)
                                                         clknet_3_5__leaf_ui_in[3] (net)
                      0.100962    0.003956    0.866921 ^ _592_/CLK (sky130_fd_sc_hd__dfrtp_1)
     2    0.009362    0.132535    0.811321    1.678242 v _592_/Q (sky130_fd_sc_hd__dfrtp_1)
                                                         scan_chain.scan_cells[25].scan_cell.primary_ff (net)
                      0.132536    0.000630    1.678872 v hold75/A (sky130_fd_sc_hd__dlygate4sd3_1)
     1    0.004661    0.126664    1.183298    2.862170 v hold75/X (sky130_fd_sc_hd__dlygate4sd3_1)
                                                         net154 (net)
                      0.126664    0.000334    2.862504 v _397_/A0 (sky130_fd_sc_hd__mux2_1)
     1    0.003819    0.121021    0.667178    3.529681 v _397_/X (sky130_fd_sc_hd__mux2_1)
                                                         _118_ (net)
                      0.121021    0.000243    3.529924 v _592_/D (sky130_fd_sc_hd__dfrtp_1)
                                              3.529924   data arrival time

                               10000.000000 10000.000000   clock sclka (rise edge)
                                  0.000000 10000.000000   clock source latency
     1    0.023956    0.177618    0.121872 10000.122070 ^ ui_in[3] (in)
                                                         ui_in[3] (net)
                      0.177632    0.000000 10000.122070 ^ clkbuf_0_ui_in[3]/A (sky130_fd_sc_hd__clkbuf_16)
     8    0.133813    0.226925    0.391083 10000.512695 ^ clkbuf_0_ui_in[3]/X (sky130_fd_sc_hd__clkbuf_16)
                                                         clknet_0_ui_in[3] (net)
                      0.230305    0.021828 10000.535156 ^ clkbuf_3_5__f_ui_in[3]/A (sky130_fd_sc_hd__clkbuf_16)
     8    0.045175    0.100728    0.328328 10000.863281 ^ clkbuf_3_5__f_ui_in[3]/X (sky130_fd_sc_hd__clkbuf_16)
                                                         clknet_3_5__leaf_ui_in[3] (net)
                      0.100962    0.003638 10000.867188 ^ _592_/CLK (sky130_fd_sc_hd__dfrtp_1)
                                 -0.250000 10000.616211   clock uncertainty
                                  0.000000 10000.616211   clock reconvergence pessimism
                                 -0.289580 10000.327148   library setup time
                                           10000.327148   data required time
---------------------------------------------------------------------------------------------
                                           10000.327148   data required time
                                             -3.529924   data arrival time
---------------------------------------------------------------------------------------------
                                           9996.797852   slack (MET)


Startpoint: ui_in[2] (input port clocked by sclkb)
Endpoint: _501_ (rising edge-triggered flip-flop clocked by sclkb)
Path Group: sclkb
Path Type: max

Fanout         Cap        Slew       Delay        Time   Description
---------------------------------------------------------------------------------------------
                                  0.000000    0.000000   clock sclkb (rise edge)
                                  0.000000    0.000000   clock network delay (propagated)
                                  0.000000    0.000000 ^ input external delay
     1    0.008969    0.074112    0.047494    0.047494 ^ ui_in[2] (in)
                                                         ui_in[2] (net)
                      0.074116    0.000000    0.047494 ^ hold5/A (sky130_fd_sc_hd__dlygate4sd3_1)
     1    0.009433    0.181332    1.127341    1.174835 ^ hold5/X (sky130_fd_sc_hd__dlygate4sd3_1)
                                                         net84 (net)
                      0.181556    0.000635    1.175470 ^ input4/A (sky130_fd_sc_hd__clkbuf_1)
     1    0.006693    0.141731    0.247959    1.423429 ^ input4/X (sky130_fd_sc_hd__clkbuf_1)
                                                         net4 (net)
                      0.141731    0.000517    1.423946 ^ fanout23/A (sky130_fd_sc_hd__clkbuf_4)
     5    0.099276    0.465746    0.557914    1.981861 ^ fanout23/X (sky130_fd_sc_hd__clkbuf_4)
                                                         net23 (net)
                      0.466221    0.012434    1.994295 ^ fanout22/A (sky130_fd_sc_hd__clkbuf_2)
     5    0.036361    0.313408    0.526130    2.520425 ^ fanout22/X (sky130_fd_sc_hd__clkbuf_2)
                                                         net22 (net)
                      0.313477    0.004522    2.524947 ^ fanout21/A (sky130_fd_sc_hd__clkbuf_4)
     8    0.060070    0.292209    0.518072    3.043019 ^ fanout21/X (sky130_fd_sc_hd__clkbuf_4)
                                                         net21 (net)
                      0.292227    0.002786    3.045804 ^ fanout20/A (sky130_fd_sc_hd__clkbuf_4)
    10    0.059561    0.289859    0.509162    3.554967 ^ fanout20/X (sky130_fd_sc_hd__clkbuf_4)
                                                         net20 (net)
                      0.289902    0.003620    3.558587 ^ _252_/A (sky130_fd_sc_hd__nand2_2)
     3    0.041565    0.362134    0.394887    3.953474 v _252_/Y (sky130_fd_sc_hd__nand2_2)
                                                         _145_ (net)
                      0.362373    0.007750    3.961224 v fanout6/A (sky130_fd_sc_hd__clkbuf_4)
    10    0.062581    0.229809    0.529367    4.490591 v fanout6/X (sky130_fd_sc_hd__clkbuf_4)
                                                         net6 (net)
                      0.230177    0.008116    4.498707 v fanout5/A (sky130_fd_sc_hd__clkbuf_4)
    10    0.058315    0.216777    0.457084    4.955791 v fanout5/X (sky130_fd_sc_hd__clkbuf_4)
                                                         net5 (net)
                      0.217103    0.007463    4.963253 v _253_/S (sky130_fd_sc_hd__mux2_1)
     1    0.002775    0.109762    0.746138    5.709391 v _253_/X (sky130_fd_sc_hd__mux2_1)
                                                         _027_ (net)
                      0.109762    0.000175    5.709567 v _501_/D (sky130_fd_sc_hd__dfrtp_4)
                                              5.709567   data arrival time

                               10000.000000 10000.000000   clock sclkb (rise edge)
                                  0.000000 10000.000000   clock source latency
     1    0.024362    0.180475    0.124601 10000.125000 ^ ui_in[4] (in)
                                                         ui_in[4] (net)
                      0.180491    0.000000 10000.125000 ^ clkbuf_0_ui_in[4]/A (sky130_fd_sc_hd__clkbuf_16)
     8    0.126129    0.214395    0.384716 10000.509766 ^ clkbuf_0_ui_in[4]/X (sky130_fd_sc_hd__clkbuf_16)
                                                         clknet_0_ui_in[4] (net)
                      0.216228    0.016371 10000.525391 ^ clkbuf_3_2__f_ui_in[4]/A (sky130_fd_sc_hd__clkbuf_16)
    11    0.040958    0.095528    0.316504 10000.841797 ^ clkbuf_3_2__f_ui_in[4]/X (sky130_fd_sc_hd__clkbuf_16)
                                                         clknet_3_2__leaf_ui_in[4] (net)
                      0.095674    0.003638 10000.845703 ^ _501_/CLK (sky130_fd_sc_hd__dfrtp_4)
                                 -0.250000 10000.595703   clock uncertainty
                                  0.000000 10000.595703   clock reconvergence pessimism
                                 -0.284529 10000.311523   library setup time
                                           10000.311523   data required time
---------------------------------------------------------------------------------------------
                                           10000.311523   data required time
                                             -5.709567   data arrival time
---------------------------------------------------------------------------------------------
                                           9994.601562   slack (MET)




===========================================================================
report_checks --slack_max -0.01
============================================================================
======================= max_ss_100C_1v60 Corner ===================================

No paths found.


===========================================================================
 report_check_types -max_slew -max_cap -max_fanout -violators
============================================================================
======================= max_ss_100C_1v60 Corner ===================================

max fanout

Pin                                   Limit Fanout  Slack
---------------------------------------------------------
clkbuf_3_3__f_ui_in[3]/X                 10     13     -3 (VIOLATED)
clkbuf_3_3__f_ui_in[4]/X                 10     13     -3 (VIOLATED)
clkbuf_3_6__f_ui_in[3]/X                 10     13     -3 (VIOLATED)
clkbuf_3_2__f_ui_in[3]/X                 10     11        (VIOLATED)
clkbuf_3_2__f_ui_in[4]/X                 10     11        (VIOLATED)
clkbuf_3_6__f_ui_in[4]/X                 10     11        (VIOLATED)



===========================================================================
report_parasitic_annotation -report_unannotated
============================================================================
Found 42 unannotated drivers.
 clk
 ena
 uio_in[4]
 uio_in[5]
 uio_in[6]
 uio_in[7]
 clkload0/Y
 clkload1/Y
 clkload10/Y
 clkload11/Y
 clkload12/Y
 clkload13/Y
 clkload2/Y
 clkload3/Y
 clkload4/Y
 clkload5/X
 clkload6/Y
 clkload7/Y
 clkload8/Y
 clkload9/Y
 tt_um_openram_top_58/HI
 tt_um_openram_top_59/HI
 tt_um_openram_top_60/HI
 tt_um_openram_top_61/HI
 tt_um_openram_top_62/HI
 tt_um_openram_top_63/HI
 tt_um_openram_top_64/HI
 tt_um_openram_top_65/HI
 tt_um_openram_top_66/HI
 tt_um_openram_top_67/HI
 tt_um_openram_top_68/HI
 tt_um_openram_top_69/HI
 tt_um_openram_top_70/HI
 tt_um_openram_top_71/HI
 tt_um_openram_top_72/HI
 tt_um_openram_top_73/HI
 tt_um_openram_top_74/HI
 tt_um_openram_top_75/HI
 tt_um_openram_top_76/HI
 tt_um_openram_top_77/HI
 tt_um_openram_top_78/HI
 tt_um_openram_top_79/HI
Found 42 partially unannotated drivers.
 uio_in[0]
  SRAM/wmask0[3]
 uio_in[1]
  SRAM/wmask0[2]
 uio_in[2]
  SRAM/wmask0[1]
 uio_in[3]
  SRAM/wmask0[0]
 _501_/Q
  SRAM/addr0[0]
 _503_/Q
  SRAM/addr0[1]
 _505_/Q
  SRAM/addr0[2]
 _507_/Q
  SRAM/addr0[3]
 _509_/Q
  SRAM/addr0[4]
 _511_/Q
  SRAM/addr0[5]
 _513_/Q
  SRAM/din0[0]
 _515_/Q
  SRAM/din0[1]
 _517_/Q
  SRAM/din0[2]
 _519_/Q
  SRAM/din0[3]
 _521_/Q
  SRAM/din0[4]
 _523_/Q
  SRAM/din0[5]
 _525_/Q
  SRAM/din0[6]
 _527_/Q
  SRAM/din0[7]
 _529_/Q
  SRAM/din0[8]
 _531_/Q
  SRAM/din0[9]
 _533_/Q
  SRAM/din0[10]
 _535_/Q
  SRAM/din0[11]
 _537_/Q
  SRAM/din0[12]
 _539_/Q
  SRAM/din0[13]
 _541_/Q
  SRAM/din0[14]
 _543_/Q
  SRAM/din0[15]
 _547_/Q
  SRAM/din0[17]
 _549_/Q
  SRAM/din0[18]
 _551_/Q
  SRAM/din0[19]
 _553_/Q
  SRAM/din0[20]
 _555_/Q
  SRAM/din0[21]
 _557_/Q
  SRAM/din0[22]
 _559_/Q
  SRAM/din0[23]
 _561_/Q
  SRAM/din0[24]
 _563_/Q
  SRAM/din0[25]
 _565_/Q
  SRAM/din0[26]
 _567_/Q
  SRAM/din0[27]
 _569_/Q
  SRAM/din0[28]
 _571_/Q
  SRAM/din0[29]
 _573_/Q
  SRAM/din0[30]
 _575_/Q
  SRAM/din0[31]
 _577_/Q
  SRAM/din0[32]

===========================================================================
max slew violation count 0
max fanout violation count 6
max cap violation count 0
============================================================================

===========================================================================
check_setup -verbose -unconstrained_endpoints -multiple_clock -no_clock -no_input_delay -loops -generated_clocks
===========================================================================
Warning: There are 22 unconstrained endpoints.
  uio_oe[0]
  uio_oe[1]
  uio_oe[2]
  uio_oe[3]
  uio_oe[4]
  uio_oe[5]
  uio_oe[6]
  uio_oe[7]
  uio_out[0]
  uio_out[1]
  uio_out[2]
  uio_out[3]
  uio_out[4]
  uio_out[5]
  uio_out[6]
  uio_out[7]
  uo_out[2]
  uo_out[3]
  uo_out[4]
  uo_out[5]
  uo_out[6]
  uo_out[7]
