Clock: sclka
Sources: ui_in[3] 
Generated: no
Virtual: yes
Propagated: no
Period: 10000.000000

===========================================================================
report_clock_properties
============================================================================
Clock                   Period          Waveform
----------------------------------------------------
sclka               10000.000000    0.0000005000.000000

===========================================================================
report_clock_latency
============================================================================
Clock sclka
rise -> rise
    min     max
0.000000 0.000000 source latency
0.804023         network latency _636_/CLK
        0.878940 network latency _567_/CLK
---------------
0.804023 0.878940 latency
        0.074917 skew

rise -> fall
    min     max
0.000000 0.000000 source latency
0.760314         network latency _607_/CLK
        0.786374 network latency _621_/CLK
---------------
0.760314 0.786374 latency
        0.026059 skew

fall -> fall
    min     max
0.000000 0.000000 source latency
0.732143         network latency _546_/CLK
        0.759428 network latency _592_/CLK
---------------
0.732143 0.759428 latency
        0.027285 skew



===========================================================================
report_clock_min_period
============================================================================
sclka period_min = 3.16 fmax = 316.41
Clock: sclkb
Sources: ui_in[4] 
Generated: no
Virtual: yes
Propagated: no
Period: 10000.000000

===========================================================================
report_clock_properties
============================================================================
Clock                   Period          Waveform
----------------------------------------------------
sclkb               10000.000000    0.0000005000.000000

===========================================================================
report_clock_latency
============================================================================
Clock sclkb
rise -> rise
    min     max
0.000000 0.000000 source latency
0.804023         network latency _636_/CLK
        0.878940 network latency _567_/CLK
---------------
0.804023 0.878940 latency
        0.074917 skew

rise -> fall
    min     max
0.000000 0.000000 source latency
0.731874         network latency _636_/CLK
        0.759564 network latency _618_/CLK
---------------
0.731874 0.759564 latency
        0.027690 skew

fall -> fall
    min     max
0.000000 0.000000 source latency
0.760338         network latency _547_/CLK
        0.786258 network latency _567_/CLK
---------------
0.760338 0.786258 latency
        0.025921 skew



===========================================================================
report_clock_min_period
============================================================================
sclkb period_min = 3.34 fmax = 299.43
