
===========================================================================
 report_power
============================================================================
======================= max_ss_100C_1v60 Corner ===================================

Group                    Internal    Switching      Leakage        Total
                            Power        Power        Power        Power (Watts)
------------------------------------------------------------------------
Sequential           5.562983e-07 9.968092e-08 2.721319e-06 3.377298e-06  45.5%
Combinational        2.197538e-07 1.016050e-07 2.722810e-06 3.044169e-06  41.0%
Clock                3.213559e-07 2.444471e-07 4.352351e-07 1.001038e-06  13.5%
Macro                0.000000e+00 0.000000e+00 0.000000e+00 0.000000e+00   0.0%
Pad                  0.000000e+00 0.000000e+00 0.000000e+00 0.000000e+00   0.0%
------------------------------------------------------------------------
Total                1.097408e-06 4.457331e-07 5.879361e-06 7.422503e-06 100.0%
                            14.8%         6.0%        79.2%

