
===========================================================================
 report_power
============================================================================
======================= max_ss_100C_1v60 Corner ===================================

Group                    Internal    Switching      Leakage        Total
                            Power        Power        Power        Power (Watts)
------------------------------------------------------------------------
Sequential           5.561593e-07 9.945298e-08 2.719347e-06 3.374959e-06  45.2%
Combinational        2.170023e-07 1.006389e-07 2.706756e-06 3.024397e-06  40.5%
Clock                3.413254e-07 2.445292e-07 4.769721e-07 1.062827e-06  14.2%
Macro                0.000000e+00 0.000000e+00 0.000000e+00 0.000000e+00   0.0%
Pad                  0.000000e+00 0.000000e+00 0.000000e+00 0.000000e+00   0.0%
------------------------------------------------------------------------
Total                1.114487e-06 4.446213e-07 5.903074e-06 7.462182e-06 100.0%
                            14.9%         6.0%        79.1%

