
===========================================================================
 report_power
============================================================================
======================= max_ss_100C_1v60 Corner ===================================

Group                    Internal    Switching      Leakage        Total
                            Power        Power        Power        Power (Watts)
------------------------------------------------------------------------
Sequential           5.563252e-07 9.754077e-08 2.719993e-06 3.373859e-06  45.7%
Combinational        2.215319e-07 9.882202e-08 2.716297e-06 3.036651e-06  41.1%
Clock                3.093555e-07 2.425164e-07 4.254438e-07 9.773157e-07  13.2%
Macro                0.000000e+00 0.000000e+00 0.000000e+00 0.000000e+00   0.0%
Pad                  0.000000e+00 0.000000e+00 0.000000e+00 0.000000e+00   0.0%
------------------------------------------------------------------------
Total                1.087213e-06 4.388793e-07 5.861731e-06 7.387823e-06 100.0%
                            14.7%         5.9%        79.3%

