
===========================================================================
report_checks -unconstrained
===========================================================================
======================= nom_tt_025C_1v80 Corner ===================================

Startpoint: rst_n (input port clocked by sclkb)
Endpoint: _591_ (recovery check against rising-edge clock sclkb)
Path Group: asynchronous
Path Type: max

Fanout         Cap        Slew       Delay        Time   Description
---------------------------------------------------------------------------------------------
                                  0.000000    0.000000   clock sclkb (rise edge)
                                  0.000000    0.000000   clock network delay (propagated)
                                  0.000000    0.000000 ^ input external delay
   144    0.625384    2.779987    1.930699    1.930699 ^ rst_n (in)
                                                         rst_n (net)
                      2.780348    0.000000    1.930699 ^ _591_/RESET_B (sky130_fd_sc_hd__dfrtp_2)
                                              1.930699   data arrival time

                               10000.000000 10000.000000   clock sclkb (rise edge)
                                  0.000000 10000.000000   clock source latency
    72    0.211723    0.947074    0.659384 10000.659180 ^ ui_in[4] (in)
                                                         ui_in[4] (net)
                      0.947233    0.000000 10000.659180 ^ _591_/CLK (sky130_fd_sc_hd__dfrtp_2)
                                 -0.250000 10000.409180   clock uncertainty
                                  0.000000 10000.409180   clock reconvergence pessimism
                                 -0.392863 10000.016602   library recovery time
                                           10000.016602   data required time
---------------------------------------------------------------------------------------------
                                           10000.016602   data required time
                                             -1.930699   data arrival time
---------------------------------------------------------------------------------------------
                                           9998.085938   slack (MET)


Startpoint: _500_ (rising edge-triggered flip-flop clocked by sclka)
Endpoint: _500_ (rising edge-triggered flip-flop clocked by sclka)
Path Group: sclka
Path Type: max

Fanout         Cap        Slew       Delay        Time   Description
---------------------------------------------------------------------------------------------
                                  0.000000    0.000000   clock sclka (rise edge)
                                  0.000000    0.000000   clock source latency
    73    0.229234    1.024711    0.703069    0.703069 ^ ui_in[3] (in)
                                                         ui_in[3] (net)
                      1.024711    0.000000    0.703069 ^ _500_/CLK (sky130_fd_sc_hd__dfrtp_2)
     2    0.004394    0.044682    0.567560    1.270629 v _500_/Q (sky130_fd_sc_hd__dfrtp_2)
                                                         scan_chain.scan_cells[9].scan_cell.primary_ff (net)
                      0.044682    0.000004    1.270633 v _251_/A0 (sky130_fd_sc_hd__mux2_1)
     1    0.002139    0.060688    0.270241    1.540874 v _251_/X (sky130_fd_sc_hd__mux2_1)
                                                         _026_ (net)
                      0.060688    0.000002    1.540877 v _500_/D (sky130_fd_sc_hd__dfrtp_2)
                                              1.540877   data arrival time

                               10000.000000 10000.000000   clock sclka (rise edge)
                                  0.000000 10000.000000   clock source latency
    73    0.229234    1.024711    0.703039 10000.703125 ^ ui_in[3] (in)
                                                         ui_in[3] (net)
                      1.024711    0.000000 10000.703125 ^ _500_/CLK (sky130_fd_sc_hd__dfrtp_2)
                                 -0.250000 10000.453125   clock uncertainty
                                  0.000000 10000.453125   clock reconvergence pessimism
                                  0.027791 10000.481445   library setup time
                                           10000.481445   data required time
---------------------------------------------------------------------------------------------
                                           10000.481445   data required time
                                             -1.540877   data arrival time
---------------------------------------------------------------------------------------------
                                           9998.940430   slack (MET)


Startpoint: ui_in[2] (input port clocked by sclkb)
Endpoint: _501_ (rising edge-triggered flip-flop clocked by sclkb)
Path Group: sclkb
Path Type: max

Fanout         Cap        Slew       Delay        Time   Description
---------------------------------------------------------------------------------------------
                                  0.000000    0.000000   clock sclkb (rise edge)
                                  0.000000    0.000000   clock network delay (propagated)
                                  0.000000    0.000000 ^ input external delay
   106    0.467812    2.082375    1.443292    1.443292 ^ ui_in[2] (in)
                                                         ui_in[2] (net)
                      2.082639    0.000000    1.443292 ^ _252_/A (sky130_fd_sc_hd__nand2_2)
    39    0.165663    0.910067    1.095075    2.538367 v _252_/Y (sky130_fd_sc_hd__nand2_2)
                                                         _145_ (net)
                      0.910338    0.012825    2.551192 v _253_/S (sky130_fd_sc_hd__mux2_1)
     1    0.002135    0.059844    0.592579    3.143771 v _253_/X (sky130_fd_sc_hd__mux2_1)
                                                         _027_ (net)
                      0.059844    0.000002    3.143773 v _501_/D (sky130_fd_sc_hd__dfrtp_2)
                                              3.143773   data arrival time

                               10000.000000 10000.000000   clock sclkb (rise edge)
                                  0.000000 10000.000000   clock source latency
    72    0.211723    0.947074    0.651198 10000.651367 ^ ui_in[4] (in)
                                                         ui_in[4] (net)
                      0.947081    0.000000 10000.651367 ^ _501_/CLK (sky130_fd_sc_hd__dfrtp_2)
                                 -0.250000 10000.401367   clock uncertainty
                                  0.000000 10000.401367   clock reconvergence pessimism
                                  0.021527 10000.422852   library setup time
                                           10000.422852   data required time
---------------------------------------------------------------------------------------------
                                           10000.422852   data required time
                                             -3.143773   data arrival time
---------------------------------------------------------------------------------------------
                                           9997.279297   slack (MET)




===========================================================================
report_checks --slack_max -0.01
============================================================================
======================= nom_tt_025C_1v80 Corner ===================================

No paths found.


===========================================================================
 report_check_types -max_slew -max_cap -max_fanout -violators
============================================================================
======================= nom_tt_025C_1v80 Corner ===================================

max slew

Pin                                        Limit        Slew       Slack
------------------------------------------------------------------------
rst_n                                   1.497817    2.779987   -1.282170 (VIOLATED)
_618_/RESET_B                           1.500000    2.780384   -1.280384 (VIOLATED)
_592_/RESET_B                           1.500000    2.780383   -1.280383 (VIOLATED)
_621_/RESET_B                           1.500000    2.780384   -1.280384 (VIOLATED)
_594_/RESET_B                           1.500000    2.780381   -1.280381 (VIOLATED)
_595_/RESET_B                           1.500000    2.780378   -1.280378 (VIOLATED)
_593_/RESET_B                           1.500000    2.780373   -1.280373 (VIOLATED)
_619_/RESET_B                           1.500000    2.780373   -1.280373 (VIOLATED)
_597_/RESET_B                           1.500000    2.780367   -1.280367 (VIOLATED)
_590_/RESET_B                           1.500000    2.780361   -1.280361 (VIOLATED)
_596_/RESET_B                           1.500000    2.780355   -1.280355 (VIOLATED)
_591_/RESET_B                           1.500000    2.780348   -1.280348 (VIOLATED)
_599_/RESET_B                           1.500000    2.780341   -1.280341 (VIOLATED)
_598_/RESET_B                           1.500000    2.780332   -1.280332 (VIOLATED)
_601_/RESET_B                           1.500000    2.780322   -1.280322 (VIOLATED)
_600_/RESET_B                           1.500000    2.780315   -1.280315 (VIOLATED)
_603_/RESET_B                           1.500000    2.780305   -1.280305 (VIOLATED)
_588_/RESET_B                           1.500000    2.780294   -1.280295 (VIOLATED)
_602_/RESET_B                           1.500000    2.780289   -1.280289 (VIOLATED)
_589_/RESET_B                           1.500000    2.780274   -1.280274 (VIOLATED)
_515_/RESET_B                           1.500000    2.780252   -1.280252 (VIOLATED)
_514_/RESET_B                           1.500000    2.780249   -1.280249 (VIOLATED)
_512_/RESET_B                           1.500000    2.780246   -1.280246 (VIOLATED)
_513_/RESET_B                           1.500000    2.780246   -1.280246 (VIOLATED)
_517_/RESET_B                           1.500000    2.780230   -1.280230 (VIOLATED)
_516_/RESET_B                           1.500000    2.780225   -1.280225 (VIOLATED)
_520_/RESET_B                           1.500000    2.780214   -1.280214 (VIOLATED)
_521_/RESET_B                           1.500000    2.780214   -1.280214 (VIOLATED)
_518_/RESET_B                           1.500000    2.780198   -1.280198 (VIOLATED)
_519_/RESET_B                           1.500000    2.780198   -1.280198 (VIOLATED)
_523_/RESET_B                           1.500000    2.780197   -1.280197 (VIOLATED)
_522_/RESET_B                           1.500000    2.780191   -1.280191 (VIOLATED)
_525_/RESET_B                           1.500000    2.780178   -1.280178 (VIOLATED)
_634_/RESET_B                           1.500000    2.780178   -1.280178 (VIOLATED)
_527_/RESET_B                           1.500000    2.780169   -1.280169 (VIOLATED)
_526_/RESET_B                           1.500000    2.780162   -1.280162 (VIOLATED)
_586_/RESET_B                           1.500000    2.780152   -1.280152 (VIOLATED)
_587_/RESET_B                           1.500000    2.780152   -1.280152 (VIOLATED)
_528_/RESET_B                           1.500000    2.780151   -1.280151 (VIOLATED)
_529_/RESET_B                           1.500000    2.780151   -1.280151 (VIOLATED)
_531_/RESET_B                           1.500000    2.780149   -1.280149 (VIOLATED)
_530_/RESET_B                           1.500000    2.780143   -1.280143 (VIOLATED)
_533_/RESET_B                           1.500000    2.780128   -1.280128 (VIOLATED)
_532_/RESET_B                           1.500000    2.780120   -1.280120 (VIOLATED)
_535_/RESET_B                           1.500000    2.780121   -1.280121 (VIOLATED)
_534_/RESET_B                           1.500000    2.780119   -1.280119 (VIOLATED)
_536_/RESET_B                           1.500000    2.780098   -1.280098 (VIOLATED)
_537_/RESET_B                           1.500000    2.780098   -1.280098 (VIOLATED)
_585_/RESET_B                           1.500000    2.780099   -1.280099 (VIOLATED)
_640_/RESET_B                           1.500000    2.780099   -1.280099 (VIOLATED)
_582_/RESET_B                           1.500000    2.780096   -1.280096 (VIOLATED)
_583_/RESET_B                           1.500000    2.780096   -1.280096 (VIOLATED)
_580_/RESET_B                           1.500000    2.780093   -1.280093 (VIOLATED)
_581_/RESET_B                           1.500000    2.780093   -1.280093 (VIOLATED)
_578_/RESET_B                           1.500000    2.780086   -1.280086 (VIOLATED)
_538_/RESET_B                           1.500000    2.780071   -1.280072 (VIOLATED)
_539_/RESET_B                           1.500000    2.780071   -1.280072 (VIOLATED)
_579_/RESET_B                           1.500000    2.780072   -1.280072 (VIOLATED)
_540_/RESET_B                           1.500000    2.780071   -1.280071 (VIOLATED)
_541_/RESET_B                           1.500000    2.780071   -1.280071 (VIOLATED)
_542_/RESET_B                           1.500000    2.780068   -1.280069 (VIOLATED)
_543_/RESET_B                           1.500000    2.780069   -1.280069 (VIOLATED)
_545_/RESET_B                           1.500000    2.780066   -1.280066 (VIOLATED)
_636_/RESET_B                           1.500000    2.780066   -1.280066 (VIOLATED)
_611_/RESET_B                           1.500000    2.780046   -1.280046 (VIOLATED)
_610_/RESET_B                           1.500000    2.780044   -1.280044 (VIOLATED)
_546_/RESET_B                           1.500000    2.780040   -1.280040 (VIOLATED)
_547_/RESET_B                           1.500000    2.780041   -1.280041 (VIOLATED)
_606_/RESET_B                           1.500000    2.780040   -1.280040 (VIOLATED)
_607_/RESET_B                           1.500000    2.780040   -1.280040 (VIOLATED)
_608_/RESET_B                           1.500000    2.780039   -1.280039 (VIOLATED)
_609_/RESET_B                           1.500000    2.780039   -1.280039 (VIOLATED)
_620_/RESET_B                           1.500000    2.780032   -1.280033 (VIOLATED)
_605_/RESET_B                           1.500000    2.780024   -1.280024 (VIOLATED)
_613_/RESET_B                           1.500000    2.780024   -1.280024 (VIOLATED)
_642_/RESET_B                           1.500000    2.780023   -1.280023 (VIOLATED)
_502_/RESET_B                           1.500000    2.780020   -1.280020 (VIOLATED)
_506_/RESET_B                           1.500000    2.780020   -1.280020 (VIOLATED)
_548_/RESET_B                           1.500000    2.780021   -1.280021 (VIOLATED)
_549_/RESET_B                           1.500000    2.780021   -1.280021 (VIOLATED)
_503_/RESET_B                           1.500000    2.780019   -1.280019 (VIOLATED)
_505_/RESET_B                           1.500000    2.780020   -1.280019 (VIOLATED)
_507_/RESET_B                           1.500000    2.780020   -1.280020 (VIOLATED)
_508_/RESET_B                           1.500000    2.780020   -1.280020 (VIOLATED)
_509_/RESET_B                           1.500000    2.780020   -1.280020 (VIOLATED)
_510_/RESET_B                           1.500000    2.780019   -1.280019 (VIOLATED)
_632_/RESET_B                           1.500000    2.780020   -1.280020 (VIOLATED)
_550_/RESET_B                           1.500000    2.780018   -1.280018 (VIOLATED)
_551_/RESET_B                           1.500000    2.780019   -1.280019 (VIOLATED)
_501_/RESET_B                           1.500000    2.780016   -1.280016 (VIOLATED)
_511_/RESET_B                           1.500000    2.780017   -1.280017 (VIOLATED)
_553_/RESET_B                           1.500000    2.780016   -1.280017 (VIOLATED)
_572_/RESET_B                           1.500000    2.780017   -1.280017 (VIOLATED)
_573_/RESET_B                           1.500000    2.780017   -1.280017 (VIOLATED)
_612_/RESET_B                           1.500000    2.780017   -1.280017 (VIOLATED)
_616_/RESET_B                           1.500000    2.780016   -1.280016 (VIOLATED)
_630_/RESET_B                           1.500000    2.780017   -1.280017 (VIOLATED)
_574_/RESET_B                           1.500000    2.780015   -1.280015 (VIOLATED)
_575_/RESET_B                           1.500000    2.780015   -1.280015 (VIOLATED)
_617_/RESET_B                           1.500000    2.780015   -1.280015 (VIOLATED)
_576_/RESET_B                           1.500000    2.780013   -1.280013 (VIOLATED)
_577_/RESET_B                           1.500000    2.780013   -1.280013 (VIOLATED)
_614_/RESET_B                           1.500000    2.780014   -1.280014 (VIOLATED)
_615_/RESET_B                           1.500000    2.780013   -1.280013 (VIOLATED)
_584_/RESET_B                           1.500000    2.780009   -1.280009 (VIOLATED)
_639_/RESET_B                           1.500000    2.780010   -1.280010 (VIOLATED)
_524_/RESET_B                           1.500000    2.780006   -1.280006 (VIOLATED)
_544_/RESET_B                           1.500000    2.780007   -1.280007 (VIOLATED)
_564_/RESET_B                           1.500000    2.780007   -1.280007 (VIOLATED)
_566_/RESET_B                           1.500000    2.780007   -1.280007 (VIOLATED)
_567_/RESET_B                           1.500000    2.780007   -1.280007 (VIOLATED)
_568_/RESET_B                           1.500000    2.780007   -1.280007 (VIOLATED)
_569_/RESET_B                           1.500000    2.780007   -1.280007 (VIOLATED)
_570_/RESET_B                           1.500000    2.780008   -1.280008 (VIOLATED)
_571_/RESET_B                           1.500000    2.780008   -1.280008 (VIOLATED)
_637_/RESET_B                           1.500000    2.780007   -1.280007 (VIOLATED)
_641_/RESET_B                           1.500000    2.780006   -1.280006 (VIOLATED)
_504_/RESET_B                           1.500000    2.780005   -1.280005 (VIOLATED)
_604_/RESET_B                           1.500000    2.780005   -1.280005 (VIOLATED)
_633_/RESET_B                           1.500000    2.780006   -1.280006 (VIOLATED)
_635_/RESET_B                           1.500000    2.780006   -1.280007 (VIOLATED)
_631_/RESET_B                           1.500000    2.780004   -1.280004 (VIOLATED)
_643_/RESET_B                           1.500000    2.780003   -1.280003 (VIOLATED)
_624_/RESET_B                           1.500000    2.780001   -1.280001 (VIOLATED)
_562_/RESET_B                           1.500000    2.779997   -1.279997 (VIOLATED)
_623_/RESET_B                           1.500000    2.779997   -1.279997 (VIOLATED)
_628_/RESET_B                           1.500000    2.779997   -1.279997 (VIOLATED)
_629_/RESET_B                           1.500000    2.779997   -1.279997 (VIOLATED)
_626_/RESET_B                           1.500000    2.779995   -1.279995 (VIOLATED)
_627_/RESET_B                           1.500000    2.779994   -1.279994 (VIOLATED)
_638_/RESET_B                           1.500000    2.779993   -1.279993 (VIOLATED)
_500_/RESET_B                           1.500000    2.779991   -1.279991 (VIOLATED)
_552_/RESET_B                           1.500000    2.779992   -1.279992 (VIOLATED)
_554_/RESET_B                           1.500000    2.779993   -1.279993 (VIOLATED)
_555_/RESET_B                           1.500000    2.779993   -1.279993 (VIOLATED)
_556_/RESET_B                           1.500000    2.779992   -1.279992 (VIOLATED)
_557_/RESET_B                           1.500000    2.779992   -1.279992 (VIOLATED)
_558_/RESET_B                           1.500000    2.779992   -1.279992 (VIOLATED)
_559_/RESET_B                           1.500000    2.779992   -1.279992 (VIOLATED)
_560_/RESET_B                           1.500000    2.779993   -1.279993 (VIOLATED)
_561_/RESET_B                           1.500000    2.779993   -1.279993 (VIOLATED)
_563_/RESET_B                           1.500000    2.779992   -1.279992 (VIOLATED)
_565_/RESET_B                           1.500000    2.779993   -1.279993 (VIOLATED)
_622_/RESET_B                           1.500000    2.779990   -1.279991 (VIOLATED)
_625_/RESET_B                           1.500000    2.779991   -1.279991 (VIOLATED)
ui_in[1]                                1.497817    2.096069   -0.598252 (VIOLATED)
_455_/S                                 1.500000    2.096470   -0.596470 (VIOLATED)
_449_/S                                 1.500000    2.096469   -0.596469 (VIOLATED)
_397_/S                                 1.500000    2.096467   -0.596467 (VIOLATED)
_401_/S                                 1.500000    2.096464   -0.596464 (VIOLATED)
_403_/S                                 1.500000    2.096463   -0.596463 (VIOLATED)
_399_/S                                 1.500000    2.096458   -0.596458 (VIOLATED)
_451_/S                                 1.500000    2.096459   -0.596459 (VIOLATED)
_407_/S                                 1.500000    2.096447   -0.596447 (VIOLATED)
_393_/S                                 1.500000    2.096441   -0.596441 (VIOLATED)
_405_/S                                 1.500000    2.096434   -0.596434 (VIOLATED)
_395_/S                                 1.500000    2.096431   -0.596431 (VIOLATED)
_411_/S                                 1.500000    2.096417   -0.596417 (VIOLATED)
_409_/S                                 1.500000    2.096408   -0.596408 (VIOLATED)
_415_/S                                 1.500000    2.096397   -0.596397 (VIOLATED)
_413_/S                                 1.500000    2.096388   -0.596388 (VIOLATED)
_419_/S                                 1.500000    2.096376   -0.596377 (VIOLATED)
_389_/S                                 1.500000    2.096364   -0.596364 (VIOLATED)
_417_/S                                 1.500000    2.096360   -0.596360 (VIOLATED)
_391_/S                                 1.500000    2.096346   -0.596346 (VIOLATED)
_273_/S                                 1.500000    2.096319   -0.596319 (VIOLATED)
_270_/S                                 1.500000    2.096313   -0.596313 (VIOLATED)
_276_/S                                 1.500000    2.096291   -0.596291 (VIOLATED)
_252_/B                                 1.500000    2.096278   -0.596278 (VIOLATED)
_282_/S                                 1.500000    2.096274   -0.596274 (VIOLATED)
_285_/S                                 1.500000    2.096256   -0.596256 (VIOLATED)
_481_/S                                 1.500000    2.096246   -0.596246 (VIOLATED)
_291_/S                                 1.500000    2.096234   -0.596234 (VIOLATED)
_294_/S                                 1.500000    2.096228   -0.596228 (VIOLATED)
_297_/S                                 1.500000    2.096216   -0.596216 (VIOLATED)
_300_/S                                 1.500000    2.096201   -0.596201 (VIOLATED)
_303_/S                                 1.500000    2.096198   -0.596198 (VIOLATED)
_279_/S                                 1.500000    2.096192   -0.596192 (VIOLATED)
_385_/S                                 1.500000    2.096191   -0.596192 (VIOLATED)
_387_/S                                 1.500000    2.096191   -0.596191 (VIOLATED)
_493_/S                                 1.500000    2.096190   -0.596190 (VIOLATED)
_383_/S                                 1.500000    2.096188   -0.596188 (VIOLATED)
_306_/S                                 1.500000    2.096185   -0.596186 (VIOLATED)
_309_/S                                 1.500000    2.096185   -0.596185 (VIOLATED)
_377_/S                                 1.500000    2.096182   -0.596182 (VIOLATED)
_312_/S                                 1.500000    2.096181   -0.596181 (VIOLATED)
_379_/S                                 1.500000    2.096181   -0.596181 (VIOLATED)
_373_/S                                 1.500000    2.096177   -0.596177 (VIOLATED)
_375_/S                                 1.500000    2.096175   -0.596175 (VIOLATED)
_369_/S                                 1.500000    2.096165   -0.596166 (VIOLATED)
_371_/S                                 1.500000    2.096156   -0.596156 (VIOLATED)
_315_/S                                 1.500000    2.096127   -0.596127 (VIOLATED)
_321_/S                                 1.500000    2.096127   -0.596127 (VIOLATED)
_427_/S                                 1.500000    2.096127   -0.596127 (VIOLATED)
_435_/S                                 1.500000    2.096127   -0.596127 (VIOLATED)
_425_/S                                 1.500000    2.096126   -0.596126 (VIOLATED)
_433_/S                                 1.500000    2.096127   -0.596126 (VIOLATED)
_431_/S                                 1.500000    2.096126   -0.596126 (VIOLATED)
_485_/S                                 1.500000    2.096126   -0.596126 (VIOLATED)
_429_/S                                 1.500000    2.096125   -0.596125 (VIOLATED)
_453_/S                                 1.500000    2.096117   -0.596118 (VIOLATED)
_439_/S                                 1.500000    2.096108   -0.596108 (VIOLATED)
_423_/S                                 1.500000    2.096107   -0.596107 (VIOLATED)
_497_/S                                 1.500000    2.096107   -0.596107 (VIOLATED)
_324_/S                                 1.500000    2.096104   -0.596104 (VIOLATED)
_437_/S                                 1.500000    2.096104   -0.596104 (VIOLATED)
_327_/S                                 1.500000    2.096102   -0.596102 (VIOLATED)
_445_/S                                 1.500000    2.096100   -0.596100 (VIOLATED)
_447_/S                                 1.500000    2.096100   -0.596100 (VIOLATED)
_441_/S                                 1.500000    2.096098   -0.596098 (VIOLATED)
_443_/S                                 1.500000    2.096097   -0.596097 (VIOLATED)
_255_/S                                 1.500000    2.096087   -0.596087 (VIOLATED)
_261_/S                                 1.500000    2.096087   -0.596087 (VIOLATED)
_264_/S                                 1.500000    2.096087   -0.596087 (VIOLATED)
_477_/S                                 1.500000    2.096087   -0.596087 (VIOLATED)
_267_/S                                 1.500000    2.096086   -0.596086 (VIOLATED)
_360_/S                                 1.500000    2.096086   -0.596086 (VIOLATED)
_473_/S                                 1.500000    2.096086   -0.596086 (VIOLATED)
_363_/S                                 1.500000    2.096085   -0.596085 (VIOLATED)
_366_/S                                 1.500000    2.096084   -0.596084 (VIOLATED)
_318_/S                                 1.500000    2.096083   -0.596083 (VIOLATED)
_348_/S                                 1.500000    2.096083   -0.596083 (VIOLATED)
_483_/S                                 1.500000    2.096083   -0.596083 (VIOLATED)
_487_/S                                 1.500000    2.096083   -0.596083 (VIOLATED)
_381_/S                                 1.500000    2.096082   -0.596082 (VIOLATED)
_491_/S                                 1.500000    2.096082   -0.596082 (VIOLATED)
_459_/S                                 1.500000    2.096081   -0.596081 (VIOLATED)
_351_/S                                 1.500000    2.096079   -0.596079 (VIOLATED)
_354_/S                                 1.500000    2.096080   -0.596080 (VIOLATED)
_357_/S                                 1.500000    2.096080   -0.596080 (VIOLATED)
_495_/S                                 1.500000    2.096080   -0.596080 (VIOLATED)
_258_/S                                 1.500000    2.096079   -0.596079 (VIOLATED)
_288_/S                                 1.500000    2.096079   -0.596079 (VIOLATED)
_421_/S                                 1.500000    2.096079   -0.596079 (VIOLATED)
_475_/S                                 1.500000    2.096079   -0.596079 (VIOLATED)
_479_/S                                 1.500000    2.096079   -0.596079 (VIOLATED)
_499_/S                                 1.500000    2.096078   -0.596078 (VIOLATED)
_461_/S                                 1.500000    2.096076   -0.596077 (VIOLATED)
_345_/S                                 1.500000    2.096074   -0.596074 (VIOLATED)
_457_/S                                 1.500000    2.096074   -0.596074 (VIOLATED)
_469_/S                                 1.500000    2.096074   -0.596074 (VIOLATED)
_471_/S                                 1.500000    2.096074   -0.596074 (VIOLATED)
_465_/S                                 1.500000    2.096073   -0.596073 (VIOLATED)
_467_/S                                 1.500000    2.096072   -0.596073 (VIOLATED)
_330_/S                                 1.500000    2.096072   -0.596072 (VIOLATED)
_333_/S                                 1.500000    2.096072   -0.596072 (VIOLATED)
_336_/S                                 1.500000    2.096071   -0.596072 (VIOLATED)
_339_/S                                 1.500000    2.096072   -0.596072 (VIOLATED)
_342_/S                                 1.500000    2.096072   -0.596072 (VIOLATED)
_489_/S                                 1.500000    2.096072   -0.596072 (VIOLATED)
_251_/S                                 1.500000    2.096069   -0.596069 (VIOLATED)
_463_/S                                 1.500000    2.096069   -0.596069 (VIOLATED)
ui_in[2]                                1.497817    2.082375   -0.584558 (VIOLATED)
_450_/S                                 1.500000    2.082865   -0.582865 (VIOLATED)
_398_/S                                 1.500000    2.082864   -0.582864 (VIOLATED)
_448_/S                                 1.500000    2.082864   -0.582864 (VIOLATED)
_402_/S                                 1.500000    2.082861   -0.582862 (VIOLATED)
_396_/S                                 1.500000    2.082858   -0.582858 (VIOLATED)
_400_/S                                 1.500000    2.082857   -0.582857 (VIOLATED)
_406_/S                                 1.500000    2.082843   -0.582843 (VIOLATED)
_392_/S                                 1.500000    2.082838   -0.582838 (VIOLATED)
_394_/S                                 1.500000    2.082837   -0.582837 (VIOLATED)
_404_/S                                 1.500000    2.082829   -0.582829 (VIOLATED)
_410_/S                                 1.500000    2.082813   -0.582813 (VIOLATED)
_408_/S                                 1.500000    2.082803   -0.582803 (VIOLATED)
_414_/S                                 1.500000    2.082793   -0.582793 (VIOLATED)
_412_/S                                 1.500000    2.082782   -0.582782 (VIOLATED)
_418_/S                                 1.500000    2.082770   -0.582770 (VIOLATED)
_388_/S                                 1.500000    2.082758   -0.582759 (VIOLATED)
_416_/S                                 1.500000    2.082757   -0.582757 (VIOLATED)
_390_/S                                 1.500000    2.082751   -0.582751 (VIOLATED)
_269_/S                                 1.500000    2.082710   -0.582710 (VIOLATED)
_272_/S                                 1.500000    2.082702   -0.582702 (VIOLATED)
_275_/S                                 1.500000    2.082680   -0.582680 (VIOLATED)
_278_/S                                 1.500000    2.082669   -0.582669 (VIOLATED)
_384_/S                                 1.500000    2.082651   -0.582651 (VIOLATED)
_252_/A                                 1.500000    2.082639   -0.582639 (VIOLATED)
_281_/S                                 1.500000    2.082638   -0.582638 (VIOLATED)
_284_/S                                 1.500000    2.082636   -0.582636 (VIOLATED)
_386_/S                                 1.500000    2.082636   -0.582636 (VIOLATED)
_480_/S                                 1.500000    2.082635   -0.582636 (VIOLATED)
_290_/S                                 1.500000    2.082633   -0.582633 (VIOLATED)
_293_/S                                 1.500000    2.082630   -0.582630 (VIOLATED)
_492_/S                                 1.500000    2.082627   -0.582627 (VIOLATED)
_382_/S                                 1.500000    2.082606   -0.582606 (VIOLATED)
_454_/S                                 1.500000    2.082597   -0.582597 (VIOLATED)
_452_/S                                 1.500000    2.082596   -0.582596 (VIOLATED)
_308_/S                                 1.500000    2.082580   -0.582580 (VIOLATED)
_311_/S                                 1.500000    2.082555   -0.582555 (VIOLATED)
_296_/S                                 1.500000    2.082549   -0.582549 (VIOLATED)
_299_/S                                 1.500000    2.082548   -0.582548 (VIOLATED)
_302_/S                                 1.500000    2.082548   -0.582548 (VIOLATED)
_305_/S                                 1.500000    2.082547   -0.582547 (VIOLATED)
_368_/S                                 1.500000    2.082546   -0.582546 (VIOLATED)
_370_/S                                 1.500000    2.082546   -0.582546 (VIOLATED)
_372_/S                                 1.500000    2.082546   -0.582546 (VIOLATED)
_374_/S                                 1.500000    2.082546   -0.582546 (VIOLATED)
_376_/S                                 1.500000    2.082546   -0.582546 (VIOLATED)
_378_/S                                 1.500000    2.082543   -0.582543 (VIOLATED)
_314_/S                                 1.500000    2.082523   -0.582523 (VIOLATED)
_484_/S                                 1.500000    2.082495   -0.582495 (VIOLATED)
_424_/S                                 1.500000    2.082469   -0.582469 (VIOLATED)
_430_/S                                 1.500000    2.082462   -0.582462 (VIOLATED)
_428_/S                                 1.500000    2.082447   -0.582447 (VIOLATED)
_432_/S                                 1.500000    2.082447   -0.582447 (VIOLATED)
_434_/S                                 1.500000    2.082447   -0.582447 (VIOLATED)
_438_/S                                 1.500000    2.082430   -0.582430 (VIOLATED)
_320_/S                                 1.500000    2.082427   -0.582427 (VIOLATED)
_422_/S                                 1.500000    2.082427   -0.582427 (VIOLATED)
_436_/S                                 1.500000    2.082427   -0.582427 (VIOLATED)
_496_/S                                 1.500000    2.082427   -0.582427 (VIOLATED)
_426_/S                                 1.500000    2.082426   -0.582426 (VIOLATED)
_323_/S                                 1.500000    2.082425   -0.582425 (VIOLATED)
_326_/S                                 1.500000    2.082424   -0.582424 (VIOLATED)
_444_/S                                 1.500000    2.082422   -0.582422 (VIOLATED)
_446_/S                                 1.500000    2.082422   -0.582422 (VIOLATED)
_440_/S                                 1.500000    2.082419   -0.582419 (VIOLATED)
_442_/S                                 1.500000    2.082420   -0.582420 (VIOLATED)
_458_/S                                 1.500000    2.082398   -0.582398 (VIOLATED)
_260_/S                                 1.500000    2.082393   -0.582393 (VIOLATED)
_263_/S                                 1.500000    2.082393   -0.582393 (VIOLATED)
_254_/S                                 1.500000    2.082392   -0.582392 (VIOLATED)
_476_/S                                 1.500000    2.082392   -0.582393 (VIOLATED)
_329_/S                                 1.500000    2.082392   -0.582392 (VIOLATED)
_332_/S                                 1.500000    2.082391   -0.582391 (VIOLATED)
_472_/S                                 1.500000    2.082392   -0.582392 (VIOLATED)
_335_/S                                 1.500000    2.082391   -0.582391 (VIOLATED)
_338_/S                                 1.500000    2.082391   -0.582391 (VIOLATED)
_362_/S                                 1.500000    2.082391   -0.582391 (VIOLATED)
_462_/S                                 1.500000    2.082390   -0.582390 (VIOLATED)
_266_/S                                 1.500000    2.082389   -0.582389 (VIOLATED)
_317_/S                                 1.500000    2.082389   -0.582389 (VIOLATED)
_347_/S                                 1.500000    2.082389   -0.582389 (VIOLATED)
_356_/S                                 1.500000    2.082389   -0.582389 (VIOLATED)
_359_/S                                 1.500000    2.082389   -0.582389 (VIOLATED)
_365_/S                                 1.500000    2.082390   -0.582390 (VIOLATED)
_353_/S                                 1.500000    2.082389   -0.582389 (VIOLATED)
_380_/S                                 1.500000    2.082389   -0.582389 (VIOLATED)
_456_/S                                 1.500000    2.082389   -0.582389 (VIOLATED)
_486_/S                                 1.500000    2.082389   -0.582389 (VIOLATED)
_482_/S                                 1.500000    2.082388   -0.582388 (VIOLATED)
_490_/S                                 1.500000    2.082389   -0.582389 (VIOLATED)
_287_/S                                 1.500000    2.082387   -0.582388 (VIOLATED)
_257_/S                                 1.500000    2.082387   -0.582387 (VIOLATED)
_350_/S                                 1.500000    2.082387   -0.582387 (VIOLATED)
_420_/S                                 1.500000    2.082387   -0.582387 (VIOLATED)
_478_/S                                 1.500000    2.082387   -0.582387 (VIOLATED)
_474_/S                                 1.500000    2.082386   -0.582386 (VIOLATED)
_494_/S                                 1.500000    2.082386   -0.582387 (VIOLATED)
_460_/S                                 1.500000    2.082385   -0.582385 (VIOLATED)
_468_/S                                 1.500000    2.082385   -0.582385 (VIOLATED)
_498_/S                                 1.500000    2.082384   -0.582384 (VIOLATED)
_341_/S                                 1.500000    2.082381   -0.582381 (VIOLATED)
_344_/S                                 1.500000    2.082381   -0.582381 (VIOLATED)
_464_/S                                 1.500000    2.082381   -0.582381 (VIOLATED)
_470_/S                                 1.500000    2.082381   -0.582381 (VIOLATED)
_488_/S                                 1.500000    2.082381   -0.582381 (VIOLATED)
_250_/S                                 1.500000    2.082381   -0.582381 (VIOLATED)
_466_/S                                 1.500000    2.082380   -0.582380 (VIOLATED)

max fanout

Pin                                   Limit Fanout  Slack
---------------------------------------------------------
rst_n                                    10    144   -134 (VIOLATED)
ui_in[1]                                 10    106    -96 (VIOLATED)
ui_in[2]                                 10    106    -96 (VIOLATED)
ui_in[3]                                 10     73    -63 (VIOLATED)
ui_in[4]                                 10     72    -62 (VIOLATED)
_252_/Y                                  10     39    -29 (VIOLATED)

max capacitance

Pin                                        Limit         Cap       Slack
------------------------------------------------------------------------
rst_n                                   0.331431    0.625384   -0.293953 (VIOLATED)
ui_in[1]                                0.331431    0.470988   -0.139557 (VIOLATED)
ui_in[2]                                0.331431    0.467812   -0.136381 (VIOLATED)



===========================================================================
report_parasitic_annotation -report_unannotated
============================================================================
Found 28 unannotated drivers.
 clk
 ena
 uio_in[4]
 uio_in[5]
 uio_in[6]
 uio_in[7]
 _644_/HI
 _645_/HI
 _646_/HI
 _647_/HI
 _648_/HI
 _649_/HI
 _650_/HI
 _651_/HI
 _652_/HI
 _653_/HI
 _654_/HI
 _655_/HI
 _656_/HI
 _657_/HI
 _658_/HI
 _659_/HI
 _660_/HI
 _661_/HI
 _662_/HI
 _663_/HI
 _664_/HI
 _665_/HI
Found 0 partially unannotated drivers.

===========================================================================
max slew violation count 359
Writing metric design__max_slew_violation__count__corner:nom_tt_025C_1v80: 359
max fanout violation count 6
Writing metric design__max_fanout_violation__count__corner:nom_tt_025C_1v80: 6
max cap violation count 3
Writing metric design__max_cap_violation__count__corner:nom_tt_025C_1v80: 3
============================================================================

===========================================================================
check_setup -verbose -unconstrained_endpoints -multiple_clock -no_clock -no_input_delay -loops -generated_clocks
===========================================================================
Warning: There are 22 unconstrained endpoints.
  uio_oe[0]
  uio_oe[1]
  uio_oe[2]
  uio_oe[3]
  uio_oe[4]
  uio_oe[5]
  uio_oe[6]
  uio_oe[7]
  uio_out[0]
  uio_out[1]
  uio_out[2]
  uio_out[3]
  uio_out[4]
  uio_out[5]
  uio_out[6]
  uio_out[7]
  uo_out[2]
  uo_out[3]
  uo_out[4]
  uo_out[5]
  uo_out[6]
  uo_out[7]
