Clock: sclka
Sources: ui_in[3] 
Generated: no
Virtual: yes
Propagated: no
Period: 10000.000000

===========================================================================
report_clock_properties
============================================================================
Clock                   Period          Waveform
----------------------------------------------------
sclka               10000.000000    0.0000005000.000000

===========================================================================
report_clock_latency
============================================================================
Clock sclka
rise -> rise
    min     max
0.000000 0.000000 source latency
0.656311         network latency _563_/CLK
        0.711640 network latency _618_/CLK
---------------
0.656311 0.711640 latency
        0.055329 skew

rise -> fall
    min     max
0.000000 0.000000 source latency
0.325397         network latency _563_/CLK
        0.335011 network latency _621_/CLK
---------------
0.325397 0.335011 latency
        0.009615 skew

fall -> fall
    min     max
0.000000 0.000000 source latency
0.350155         network latency _500_/CLK
        0.358796 network latency _590_/CLK
---------------
0.350155 0.358796 latency
        0.008640 skew



===========================================================================
report_clock_min_period
============================================================================
sclka period_min = 1.06 fmax = 941.36
Clock: sclkb
Sources: ui_in[4] 
Generated: no
Virtual: yes
Propagated: no
Period: 10000.000000

===========================================================================
report_clock_properties
============================================================================
Clock                   Period          Waveform
----------------------------------------------------
sclkb               10000.000000    0.0000005000.000000

===========================================================================
report_clock_latency
============================================================================
Clock sclkb
rise -> rise
    min     max
0.000000 0.000000 source latency
0.656311         network latency _563_/CLK
        0.711640 network latency _618_/CLK
---------------
0.656311 0.711640 latency
        0.055329 skew

rise -> fall
    min     max
0.000000 0.000000 source latency
0.349946         network latency _500_/CLK
        0.358905 network latency _618_/CLK
---------------
0.349946 0.358905 latency
        0.008959 skew

fall -> fall
    min     max
0.000000 0.000000 source latency
0.325599         network latency _557_/CLK
        0.335149 network latency _595_/CLK
---------------
0.325599 0.335149 latency
        0.009550 skew



===========================================================================
report_clock_min_period
============================================================================
sclkb period_min = 1.18 fmax = 845.13
