
===========================================================================
Violator List
============================================================================
[hold in-reg] rst_n -> _625_/RESET_B : -0.207117
[hold in-reg] rst_n -> _557_/RESET_B : -0.206599
[hold in-reg] rst_n -> _559_/RESET_B : -0.206549
[hold in-reg] rst_n -> _555_/RESET_B : -0.206540
[hold in-reg] rst_n -> _623_/RESET_B : -0.206431
[hold in-reg] rst_n -> _627_/RESET_B : -0.206202
[hold in-reg] rst_n -> _567_/RESET_B : -0.206192
[hold in-reg] rst_n -> _569_/RESET_B : -0.206096
[hold in-reg] rst_n -> _561_/RESET_B : -0.206093
[hold in-reg] rst_n -> _563_/RESET_B : -0.206087
[hold in-reg] rst_n -> _571_/RESET_B : -0.206058
[hold in-reg] rst_n -> _573_/RESET_B : -0.206047
[hold in-reg] rst_n -> _629_/RESET_B : -0.205980
[hold in-reg] rst_n -> _565_/RESET_B : -0.205818
[hold in-reg] rst_n -> _631_/RESET_B : -0.205236
[hold in-reg] rst_n -> _633_/RESET_B : -0.205168
[hold in-reg] rst_n -> _643_/RESET_B : -0.205149
[hold in-reg] rst_n -> _635_/RESET_B : -0.205086
[hold in-reg] rst_n -> _637_/RESET_B : -0.205053
[hold in-reg] rst_n -> _641_/RESET_B : -0.204773
[hold in-reg] rst_n -> _615_/RESET_B : -0.204599
[hold in-reg] rst_n -> _617_/RESET_B : -0.204466
[hold in-reg] rst_n -> _639_/RESET_B : -0.204415
[hold in-reg] rst_n -> _577_/RESET_B : -0.204076
[hold in-reg] rst_n -> _575_/RESET_B : -0.203956
[hold in-reg] rst_n -> _501_/RESET_B : -0.203771
[hold in-reg] rst_n -> _613_/RESET_B : -0.203652
[hold in-reg] rst_n -> _541_/RESET_B : -0.203625
[hold in-reg] rst_n -> _511_/RESET_B : -0.203620
[hold in-reg] rst_n -> _539_/RESET_B : -0.203594
[hold in-reg] rst_n -> _503_/RESET_B : -0.203544
[hold in-reg] rst_n -> _505_/RESET_B : -0.203519
[hold in-reg] rst_n -> _507_/RESET_B : -0.203436
[hold in-reg] rst_n -> _509_/RESET_B : -0.203425
[hold in-reg] rst_n -> _553_/RESET_B : -0.203084
[hold in-reg] rst_n -> _551_/RESET_B : -0.203082
[hold in-reg] rst_n -> _545_/RESET_B : -0.202454
[hold in-reg] rst_n -> _609_/RESET_B : -0.202119
[hold in-reg] rst_n -> _611_/RESET_B : -0.202052
[hold in-reg] rst_n -> _547_/RESET_B : -0.201812
[hold in-reg] rst_n -> _607_/RESET_B : -0.201787
[hold in-reg] rst_n -> _543_/RESET_B : -0.201768
[hold in-reg] rst_n -> _605_/RESET_B : -0.201546
[hold in-reg] rst_n -> _585_/RESET_B : -0.201023
[hold in-reg] rst_n -> _579_/RESET_B : -0.200866
[hold in-reg] rst_n -> _537_/RESET_B : -0.200832
[hold in-reg] rst_n -> _583_/RESET_B : -0.200370
[hold in-reg] rst_n -> _581_/RESET_B : -0.199965
[hold in-reg] rst_n -> _549_/RESET_B : -0.199134
[hold in-reg] rst_n -> _519_/RESET_B : -0.199022
[hold in-reg] rst_n -> _587_/RESET_B : -0.198646
[hold in-reg] rst_n -> _535_/RESET_B : -0.198434
[hold in-reg] rst_n -> _529_/RESET_B : -0.198422
[hold in-reg] rst_n -> _531_/RESET_B : -0.198174
[hold in-reg] rst_n -> _533_/RESET_B : -0.197961
[hold in-reg] rst_n -> _527_/RESET_B : -0.197639
[hold in-reg] rst_n -> _525_/RESET_B : -0.196840
[hold in-reg] rst_n -> _523_/RESET_B : -0.195957
[hold in-reg] rst_n -> _517_/RESET_B : -0.195611
[hold in-reg] rst_n -> _513_/RESET_B : -0.195149
[hold in-reg] rst_n -> _515_/RESET_B : -0.195136
[hold in-reg] rst_n -> _521_/RESET_B : -0.195094
[hold in-reg] rst_n -> _589_/RESET_B : -0.194331
[hold in-reg] rst_n -> _603_/RESET_B : -0.193633
[hold in-reg] rst_n -> _601_/RESET_B : -0.193246
[hold in-reg] rst_n -> _599_/RESET_B : -0.192839
[hold in-reg] rst_n -> _591_/RESET_B : -0.192674
[hold in-reg] rst_n -> _597_/RESET_B : -0.192275
[hold in-reg] rst_n -> _619_/RESET_B : -0.192135
[hold in-reg] rst_n -> _593_/RESET_B : -0.192132
[hold in-reg] rst_n -> _595_/RESET_B : -0.192007
[hold in-reg] rst_n -> _621_/RESET_B : -0.191864
Writing metric timing__hold_vio__count__corner:nom_tt_025C_1v80: 72
Writing metric timing__hold_r2r__ws__corner:nom_tt_025C_1v80: 0.341135
Writing metric timing__hold_r2r_vio__count__corner:nom_tt_025C_1v80: 0
Writing metric timing__setup_vio__count__corner:nom_tt_025C_1v80: 0
Writing metric timing__setup_r2r__ws__corner:nom_tt_025C_1v80: 9998.937500
Writing metric timing__setup_r2r_vio__count__corner:nom_tt_025C_1v80: 0
