Clock: sclka
Sources: ui_in[3] 
Generated: no
Virtual: yes
Propagated: no
Period: 10000.000000

===========================================================================
report_clock_properties
============================================================================
Clock                   Period          Waveform
----------------------------------------------------
sclka               10000.000000    0.0000005000.000000

===========================================================================
report_clock_latency
============================================================================
Clock sclka
rise -> rise
    min     max
0.000000 0.000000 source latency
0.408994         network latency _562_/CLK
        0.418962 network latency _514_/CLK
---------------
0.408994 0.418962 latency
        0.009968 skew

rise -> fall
    min     max
0.000000 0.000000 source latency
0.376371         network latency _609_/CLK
        0.382189 network latency _621_/CLK
---------------
0.376371 0.382189 latency
        0.005819 skew

fall -> fall
    min     max
0.000000 0.000000 source latency
0.375167         network latency _562_/CLK
        0.384262 network latency _514_/CLK
---------------
0.375167 0.384262 latency
        0.009095 skew



===========================================================================
report_clock_min_period
============================================================================
sclka period_min = 1.60 fmax = 625.79
Clock: sclkb
Sources: ui_in[4] 
Generated: no
Virtual: yes
Propagated: no
Period: 10000.000000

===========================================================================
report_clock_properties
============================================================================
Clock                   Period          Waveform
----------------------------------------------------
sclkb               10000.000000    0.0000005000.000000

===========================================================================
report_clock_latency
============================================================================
Clock sclkb
rise -> rise
    min     max
0.000000 0.000000 source latency
0.408994         network latency _562_/CLK
        0.418962 network latency _514_/CLK
---------------
0.408994 0.418962 latency
        0.009968 skew

rise -> fall
    min     max
0.000000 0.000000 source latency
0.375005         network latency _562_/CLK
        0.384176 network latency _514_/CLK
---------------
0.375005 0.384176 latency
        0.009171 skew

fall -> fall
    min     max
0.000000 0.000000 source latency
0.376986         network latency _549_/CLK
        0.382443 network latency _515_/CLK
---------------
0.376986 0.382443 latency
        0.005457 skew



===========================================================================
report_clock_min_period
============================================================================
sclkb period_min = 1.63 fmax = 613.22
