
===========================================================================
 report_power
============================================================================
======================= nom_tt_025C_1v80 Corner ===================================

Group                    Internal    Switching      Leakage        Total
                            Power        Power        Power        Power (Watts)
------------------------------------------------------------------------
Sequential           7.354533e-07 4.468131e-08 1.640172e-09 7.817748e-07  82.3%
Combinational        1.267503e-07 4.011065e-08 1.335952e-09 1.681969e-07  17.7%
Clock                0.000000e+00 0.000000e+00 0.000000e+00 0.000000e+00   0.0%
Macro                0.000000e+00 0.000000e+00 0.000000e+00 0.000000e+00   0.0%
Pad                  0.000000e+00 0.000000e+00 0.000000e+00 0.000000e+00   0.0%
------------------------------------------------------------------------
Total                8.622034e-07 8.479208e-08 2.976123e-09 9.499716e-07 100.0%
                            90.8%         8.9%         0.3%

