
===========================================================================
report_checks -unconstrained
===========================================================================
======================= max_tt_025C_1v80 Corner ===================================

Startpoint: rst_n (input port clocked by sclkb)
Endpoint: _517_ (recovery check against rising-edge clock sclkb)
Path Group: asynchronous
Path Type: max

Fanout         Cap        Slew       Delay        Time   Description
---------------------------------------------------------------------------------------------
                                  0.000000    0.000000   clock sclkb (rise edge)
                                  0.000000    0.000000   clock network delay (propagated)
                                  0.000000    0.000000 ^ input external delay
     1    0.002759    0.019553    0.010219    0.010219 ^ rst_n (in)
                                                         rst_n (net)
                      0.019554    0.000000    0.010219 ^ hold1/A (sky130_fd_sc_hd__dlygate4sd3_1)
     1    0.005483    0.076219    0.547925    0.558145 ^ hold1/X (sky130_fd_sc_hd__dlygate4sd3_1)
                                                         net80 (net)
                      0.076219    0.000403    0.558547 ^ input1/A (sky130_fd_sc_hd__clkbuf_2)
     1    0.004121    0.034503    0.107221    0.665768 ^ input1/X (sky130_fd_sc_hd__clkbuf_2)
                                                         net1 (net)
                      0.034504    0.000298    0.666066 ^ hold2/A (sky130_fd_sc_hd__dlygate4sd3_1)
     4    0.034777    0.346155    0.752466    1.418532 ^ hold2/X (sky130_fd_sc_hd__dlygate4sd3_1)
                                                         net81 (net)
                      0.346180    0.003179    1.421711 ^ fanout57/A (sky130_fd_sc_hd__buf_4)
     6    0.073819    0.207997    0.301840    1.723551 ^ fanout57/X (sky130_fd_sc_hd__buf_4)
                                                         net57 (net)
                      0.208562    0.009047    1.732599 ^ fanout56/A (sky130_fd_sc_hd__buf_2)
     6    0.050872    0.249166    0.300633    2.033231 ^ fanout56/X (sky130_fd_sc_hd__buf_2)
                                                         net56 (net)
                      0.249175    0.001283    2.034514 ^ fanout55/A (sky130_fd_sc_hd__clkbuf_4)
     9    0.052529    0.163235    0.290723    2.325237 ^ fanout55/X (sky130_fd_sc_hd__clkbuf_4)
                                                         net55 (net)
                      0.163346    0.003533    2.328770 ^ fanout54/A (sky130_fd_sc_hd__clkbuf_4)
    10    0.048771    0.153005    0.255516    2.584285 ^ fanout54/X (sky130_fd_sc_hd__clkbuf_4)
                                                         net54 (net)
                      0.153182    0.003569    2.587854 ^ _517_/RESET_B (sky130_fd_sc_hd__dfrtp_4)
                                              2.587854   data arrival time

                               10000.000000 10000.000000   clock sclkb (rise edge)
                                  0.000000 10000.000000   clock source latency
     1    0.024362    0.115222    0.080036 10000.080078 ^ ui_in[4] (in)
                                                         ui_in[4] (net)
                      0.115249    0.000000 10000.080078 ^ clkbuf_0_ui_in[4]/A (sky130_fd_sc_hd__clkbuf_16)
     8    0.126129    0.140388    0.221007 10000.300781 ^ clkbuf_0_ui_in[4]/X (sky130_fd_sc_hd__clkbuf_16)
                                                         clknet_0_ui_in[4] (net)
                      0.144352    0.019099 10000.320312 ^ clkbuf_3_4__f_ui_in[4]/A (sky130_fd_sc_hd__clkbuf_16)
     8    0.043054    0.062996    0.178261 10000.498047 ^ clkbuf_3_4__f_ui_in[4]/X (sky130_fd_sc_hd__clkbuf_16)
                                                         clknet_3_4__leaf_ui_in[4] (net)
                      0.063401    0.003638 10000.501953 ^ _517_/CLK (sky130_fd_sc_hd__dfrtp_4)
                                 -0.250000 10000.251953   clock uncertainty
                                  0.000000 10000.251953   clock reconvergence pessimism
                                  0.187958 10000.440430   library recovery time
                                           10000.440430   data required time
---------------------------------------------------------------------------------------------
                                           10000.440430   data required time
                                             -2.587854   data arrival time
---------------------------------------------------------------------------------------------
                                           9997.852539   slack (MET)


Startpoint: _592_ (rising edge-triggered flip-flop clocked by sclka)
Endpoint: _592_ (rising edge-triggered flip-flop clocked by sclka)
Path Group: sclka
Path Type: max

Fanout         Cap        Slew       Delay        Time   Description
---------------------------------------------------------------------------------------------
                                  0.000000    0.000000   clock sclka (rise edge)
                                  0.000000    0.000000   clock source latency
     1    0.023956    0.113397    0.078543    0.078543 ^ ui_in[3] (in)
                                                         ui_in[3] (net)
                      0.113419    0.000000    0.078543 ^ clkbuf_0_ui_in[3]/A (sky130_fd_sc_hd__clkbuf_16)
     8    0.133813    0.147978    0.224269    0.302813 ^ clkbuf_0_ui_in[3]/X (sky130_fd_sc_hd__clkbuf_16)
                                                         clknet_0_ui_in[3] (net)
                      0.153217    0.021894    0.324707 ^ clkbuf_3_5__f_ui_in[3]/A (sky130_fd_sc_hd__clkbuf_16)
     8    0.045890    0.065746    0.182728    0.507434 ^ clkbuf_3_5__f_ui_in[3]/X (sky130_fd_sc_hd__clkbuf_16)
                                                         clknet_3_5__leaf_ui_in[3] (net)
                      0.066216    0.004025    0.511460 ^ _592_/CLK (sky130_fd_sc_hd__dfrtp_1)
     2    0.009455    0.068085    0.397202    0.908662 v _592_/Q (sky130_fd_sc_hd__dfrtp_1)
                                                         scan_chain.scan_cells[25].scan_cell.primary_ff (net)
                      0.068085    0.000638    0.909300 v hold75/A (sky130_fd_sc_hd__dlygate4sd3_1)
     1    0.004706    0.062496    0.571962    1.481262 v hold75/X (sky130_fd_sc_hd__dlygate4sd3_1)
                                                         net154 (net)
                      0.062496    0.000338    1.481600 v _397_/A0 (sky130_fd_sc_hd__mux2_1)
     1    0.003930    0.061361    0.291831    1.773431 v _397_/X (sky130_fd_sc_hd__mux2_1)
                                                         _118_ (net)
                      0.061361    0.000253    1.773683 v _592_/D (sky130_fd_sc_hd__dfrtp_1)
                                              1.773683   data arrival time

                               10000.000000 10000.000000   clock sclka (rise edge)
                                  0.000000 10000.000000   clock source latency
     1    0.023956    0.113397    0.078217 10000.078125 ^ ui_in[3] (in)
                                                         ui_in[3] (net)
                      0.113419    0.000000 10000.078125 ^ clkbuf_0_ui_in[3]/A (sky130_fd_sc_hd__clkbuf_16)
     8    0.133813    0.147978    0.224645 10000.302734 ^ clkbuf_0_ui_in[3]/X (sky130_fd_sc_hd__clkbuf_16)
                                                         clknet_0_ui_in[3] (net)
                      0.153217    0.021828 10000.325195 ^ clkbuf_3_5__f_ui_in[3]/A (sky130_fd_sc_hd__clkbuf_16)
     8    0.045890    0.065746    0.182808 10000.507812 ^ clkbuf_3_5__f_ui_in[3]/X (sky130_fd_sc_hd__clkbuf_16)
                                                         clknet_3_5__leaf_ui_in[3] (net)
                      0.066216    0.003638 10000.510742 ^ _592_/CLK (sky130_fd_sc_hd__dfrtp_1)
                                 -0.250000 10000.260742   clock uncertainty
                                  0.000000 10000.260742   clock reconvergence pessimism
                                 -0.116548 10000.144531   library setup time
                                           10000.144531   data required time
---------------------------------------------------------------------------------------------
                                           10000.144531   data required time
                                             -1.773683   data arrival time
---------------------------------------------------------------------------------------------
                                           9998.371094   slack (MET)


Startpoint: ui_in[2] (input port clocked by sclkb)
Endpoint: _501_ (rising edge-triggered flip-flop clocked by sclkb)
Path Group: sclkb
Path Type: max

Fanout         Cap        Slew       Delay        Time   Description
---------------------------------------------------------------------------------------------
                                  0.000000    0.000000   clock sclkb (rise edge)
                                  0.000000    0.000000   clock network delay (propagated)
                                  0.000000    0.000000 ^ input external delay
     1    0.009067    0.047296    0.031211    0.031211 ^ ui_in[2] (in)
                                                         ui_in[2] (net)
                      0.047304    0.000000    0.031211 ^ hold5/A (sky130_fd_sc_hd__dlygate4sd3_1)
     1    0.009499    0.111301    0.587374    0.618585 ^ hold5/X (sky130_fd_sc_hd__dlygate4sd3_1)
                                                         net84 (net)
                      0.111302    0.000643    0.619228 ^ input4/A (sky130_fd_sc_hd__clkbuf_1)
     1    0.006700    0.087692    0.129781    0.749010 ^ input4/X (sky130_fd_sc_hd__clkbuf_1)
                                                         net4 (net)
                      0.087693    0.000518    0.749527 ^ fanout23/A (sky130_fd_sc_hd__clkbuf_4)
     5    0.099661    0.299353    0.319582    1.069109 ^ fanout23/X (sky130_fd_sc_hd__clkbuf_4)
                                                         net23 (net)
                      0.300098    0.012457    1.081566 ^ fanout22/A (sky130_fd_sc_hd__clkbuf_2)
     5    0.036867    0.202391    0.287193    1.368759 ^ fanout22/X (sky130_fd_sc_hd__clkbuf_2)
                                                         net22 (net)
                      0.202622    0.004586    1.373345 ^ fanout21/A (sky130_fd_sc_hd__clkbuf_4)
     8    0.061225    0.187941    0.291433    1.664778 ^ fanout21/X (sky130_fd_sc_hd__clkbuf_4)
                                                         net21 (net)
                      0.188002    0.002836    1.667614 ^ fanout20/A (sky130_fd_sc_hd__clkbuf_4)
    10    0.061048    0.186473    0.288092    1.955706 ^ fanout20/X (sky130_fd_sc_hd__clkbuf_4)
                                                         net20 (net)
                      0.186659    0.003694    1.959400 ^ _252_/A (sky130_fd_sc_hd__nand2_2)
     3    0.041625    0.175449    0.190122    2.149523 v _252_/Y (sky130_fd_sc_hd__nand2_2)
                                                         _145_ (net)
                      0.175966    0.007750    2.157272 v fanout6/A (sky130_fd_sc_hd__clkbuf_4)
    10    0.063546    0.130285    0.280291    2.437563 v fanout6/X (sky130_fd_sc_hd__clkbuf_4)
                                                         net6 (net)
                      0.131138    0.008197    2.445760 v fanout5/A (sky130_fd_sc_hd__clkbuf_4)
    10    0.059415    0.122584    0.254421    2.700181 v fanout5/X (sky130_fd_sc_hd__clkbuf_4)
                                                         net5 (net)
                      0.123365    0.007580    2.707762 v _253_/S (sky130_fd_sc_hd__mux2_1)
     1    0.002886    0.055810    0.332631    3.040393 v _253_/X (sky130_fd_sc_hd__mux2_1)
                                                         _027_ (net)
                      0.055810    0.000185    3.040578 v _501_/D (sky130_fd_sc_hd__dfrtp_4)
                                              3.040578   data arrival time

                               10000.000000 10000.000000   clock sclkb (rise edge)
                                  0.000000 10000.000000   clock source latency
     1    0.024362    0.115222    0.080036 10000.080078 ^ ui_in[4] (in)
                                                         ui_in[4] (net)
                      0.115249    0.000000 10000.080078 ^ clkbuf_0_ui_in[4]/A (sky130_fd_sc_hd__clkbuf_16)
     8    0.126129    0.140388    0.221007 10000.300781 ^ clkbuf_0_ui_in[4]/X (sky130_fd_sc_hd__clkbuf_16)
                                                         clknet_0_ui_in[4] (net)
                      0.143262    0.016371 10000.317383 ^ clkbuf_3_2__f_ui_in[4]/A (sky130_fd_sc_hd__clkbuf_16)
    11    0.041772    0.061804    0.176442 10000.494141 ^ clkbuf_3_2__f_ui_in[4]/X (sky130_fd_sc_hd__clkbuf_16)
                                                         clknet_3_2__leaf_ui_in[4] (net)
                      0.062144    0.003638 10000.497070 ^ _501_/CLK (sky130_fd_sc_hd__dfrtp_4)
                                 -0.250000 10000.247070   clock uncertainty
                                  0.000000 10000.247070   clock reconvergence pessimism
                                 -0.115063 10000.131836   library setup time
                                           10000.131836   data required time
---------------------------------------------------------------------------------------------
                                           10000.131836   data required time
                                             -3.040578   data arrival time
---------------------------------------------------------------------------------------------
                                           9997.091797   slack (MET)




===========================================================================
report_checks --slack_max -0.01
============================================================================
======================= max_tt_025C_1v80 Corner ===================================

No paths found.


===========================================================================
 report_check_types -max_slew -max_cap -max_fanout -violators
============================================================================
======================= max_tt_025C_1v80 Corner ===================================

max fanout

Pin                                   Limit Fanout  Slack
---------------------------------------------------------
clkbuf_3_3__f_ui_in[3]/X                 10     13     -3 (VIOLATED)
clkbuf_3_3__f_ui_in[4]/X                 10     13     -3 (VIOLATED)
clkbuf_3_6__f_ui_in[3]/X                 10     13     -3 (VIOLATED)
clkbuf_3_2__f_ui_in[3]/X                 10     11        (VIOLATED)
clkbuf_3_2__f_ui_in[4]/X                 10     11        (VIOLATED)
clkbuf_3_6__f_ui_in[4]/X                 10     11        (VIOLATED)



===========================================================================
report_parasitic_annotation -report_unannotated
============================================================================
Found 42 unannotated drivers.
 clk
 ena
 uio_in[4]
 uio_in[5]
 uio_in[6]
 uio_in[7]
 clkload0/Y
 clkload1/Y
 clkload10/Y
 clkload11/Y
 clkload12/Y
 clkload13/Y
 clkload2/Y
 clkload3/Y
 clkload4/Y
 clkload5/X
 clkload6/Y
 clkload7/Y
 clkload8/Y
 clkload9/Y
 tt_um_openram_top_58/HI
 tt_um_openram_top_59/HI
 tt_um_openram_top_60/HI
 tt_um_openram_top_61/HI
 tt_um_openram_top_62/HI
 tt_um_openram_top_63/HI
 tt_um_openram_top_64/HI
 tt_um_openram_top_65/HI
 tt_um_openram_top_66/HI
 tt_um_openram_top_67/HI
 tt_um_openram_top_68/HI
 tt_um_openram_top_69/HI
 tt_um_openram_top_70/HI
 tt_um_openram_top_71/HI
 tt_um_openram_top_72/HI
 tt_um_openram_top_73/HI
 tt_um_openram_top_74/HI
 tt_um_openram_top_75/HI
 tt_um_openram_top_76/HI
 tt_um_openram_top_77/HI
 tt_um_openram_top_78/HI
 tt_um_openram_top_79/HI
Found 42 partially unannotated drivers.
 uio_in[0]
  SRAM/wmask0[3]
 uio_in[1]
  SRAM/wmask0[2]
 uio_in[2]
  SRAM/wmask0[1]
 uio_in[3]
  SRAM/wmask0[0]
 _501_/Q
  SRAM/addr0[0]
 _503_/Q
  SRAM/addr0[1]
 _505_/Q
  SRAM/addr0[2]
 _507_/Q
  SRAM/addr0[3]
 _509_/Q
  SRAM/addr0[4]
 _511_/Q
  SRAM/addr0[5]
 _513_/Q
  SRAM/din0[0]
 _515_/Q
  SRAM/din0[1]
 _517_/Q
  SRAM/din0[2]
 _519_/Q
  SRAM/din0[3]
 _521_/Q
  SRAM/din0[4]
 _523_/Q
  SRAM/din0[5]
 _525_/Q
  SRAM/din0[6]
 _527_/Q
  SRAM/din0[7]
 _529_/Q
  SRAM/din0[8]
 _531_/Q
  SRAM/din0[9]
 _533_/Q
  SRAM/din0[10]
 _535_/Q
  SRAM/din0[11]
 _537_/Q
  SRAM/din0[12]
 _539_/Q
  SRAM/din0[13]
 _541_/Q
  SRAM/din0[14]
 _543_/Q
  SRAM/din0[15]
 _547_/Q
  SRAM/din0[17]
 _549_/Q
  SRAM/din0[18]
 _551_/Q
  SRAM/din0[19]
 _553_/Q
  SRAM/din0[20]
 _555_/Q
  SRAM/din0[21]
 _557_/Q
  SRAM/din0[22]
 _559_/Q
  SRAM/din0[23]
 _561_/Q
  SRAM/din0[24]
 _563_/Q
  SRAM/din0[25]
 _565_/Q
  SRAM/din0[26]
 _567_/Q
  SRAM/din0[27]
 _569_/Q
  SRAM/din0[28]
 _571_/Q
  SRAM/din0[29]
 _573_/Q
  SRAM/din0[30]
 _575_/Q
  SRAM/din0[31]
 _577_/Q
  SRAM/din0[32]

===========================================================================
max slew violation count 0
max fanout violation count 6
max cap violation count 0
============================================================================

===========================================================================
check_setup -verbose -unconstrained_endpoints -multiple_clock -no_clock -no_input_delay -loops -generated_clocks
===========================================================================
Warning: There are 22 unconstrained endpoints.
  uio_oe[0]
  uio_oe[1]
  uio_oe[2]
  uio_oe[3]
  uio_oe[4]
  uio_oe[5]
  uio_oe[6]
  uio_oe[7]
  uio_out[0]
  uio_out[1]
  uio_out[2]
  uio_out[3]
  uio_out[4]
  uio_out[5]
  uio_out[6]
  uio_out[7]
  uo_out[2]
  uo_out[3]
  uo_out[4]
  uo_out[5]
  uo_out[6]
  uo_out[7]
