Clock: sclka
Sources: ui_in[3] 
Generated: no
Virtual: yes
Propagated: no
Period: 10000.000000

===========================================================================
report_clock_properties
============================================================================
Clock                   Period          Waveform
----------------------------------------------------
sclka               10000.000000    0.0000005000.000000

===========================================================================
report_clock_latency
============================================================================
Clock sclka
rise -> rise
    min     max
0.000000 0.000000 source latency
0.468829         network latency _636_/CLK
        0.518278 network latency _621_/CLK
---------------
0.468829 0.518278 latency
        0.049449 skew

rise -> fall
    min     max
0.000000 0.000000 source latency
0.430282         network latency _607_/CLK
        0.450420 network latency _621_/CLK
---------------
0.430282 0.450420 latency
        0.020138 skew

fall -> fall
    min     max
0.000000 0.000000 source latency
0.414730         network latency _546_/CLK
        0.438831 network latency _592_/CLK
---------------
0.414730 0.438831 latency
        0.024102 skew



===========================================================================
report_clock_min_period
============================================================================
sclka period_min = 1.61 fmax = 622.60
Clock: sclkb
Sources: ui_in[4] 
Generated: no
Virtual: yes
Propagated: no
Period: 10000.000000

===========================================================================
report_clock_properties
============================================================================
Clock                   Period          Waveform
----------------------------------------------------
sclkb               10000.000000    0.0000005000.000000

===========================================================================
report_clock_latency
============================================================================
Clock sclkb
rise -> rise
    min     max
0.000000 0.000000 source latency
0.468829         network latency _636_/CLK
        0.518278 network latency _621_/CLK
---------------
0.468829 0.518278 latency
        0.049449 skew

rise -> fall
    min     max
0.000000 0.000000 source latency
0.414729         network latency _636_/CLK
        0.438705 network latency _618_/CLK
---------------
0.414729 0.438705 latency
        0.023976 skew

fall -> fall
    min     max
0.000000 0.000000 source latency
0.430191         network latency _547_/CLK
        0.450200 network latency _595_/CLK
---------------
0.430191 0.450200 latency
        0.020009 skew



===========================================================================
report_clock_min_period
============================================================================
sclkb period_min = 1.70 fmax = 587.66
