Clock: sclka
Sources: ui_in[3] 
Generated: no
Virtual: yes
Propagated: no
Period: 10000.000000

===========================================================================
report_clock_properties
============================================================================
Clock                   Period          Waveform
----------------------------------------------------
sclka               10000.000000    0.0000005000.000000

===========================================================================
report_clock_latency
============================================================================
Clock sclka
rise -> rise
    min     max
0.000000 0.000000 source latency
0.489794         network latency _611_/CLK
        0.511515 network latency _618_/CLK
---------------
0.489794 0.511515 latency
        0.021721 skew

rise -> fall
    min     max
0.000000 0.000000 source latency
0.426695         network latency _611_/CLK
        0.442631 network latency _575_/CLK
---------------
0.426695 0.442631 latency
        0.015936 skew

fall -> fall
    min     max
0.000000 0.000000 source latency
0.432920         network latency _608_/CLK
        0.447471 network latency _618_/CLK
---------------
0.432920 0.447471 latency
        0.014552 skew



===========================================================================
report_clock_min_period
============================================================================
sclka period_min = 1.63 fmax = 613.91
Clock: sclkb
Sources: ui_in[4] 
Generated: no
Virtual: yes
Propagated: no
Period: 10000.000000

===========================================================================
report_clock_properties
============================================================================
Clock                   Period          Waveform
----------------------------------------------------
sclkb               10000.000000    0.0000005000.000000

===========================================================================
report_clock_latency
============================================================================
Clock sclkb
rise -> rise
    min     max
0.000000 0.000000 source latency
0.489794         network latency _611_/CLK
        0.511515 network latency _618_/CLK
---------------
0.489794 0.511515 latency
        0.021721 skew

rise -> fall
    min     max
0.000000 0.000000 source latency
0.433110         network latency _608_/CLK
        0.447424 network latency _618_/CLK
---------------
0.433110 0.447424 latency
        0.014314 skew

fall -> fall
    min     max
0.000000 0.000000 source latency
0.426553         network latency _547_/CLK
        0.442469 network latency _575_/CLK
---------------
0.426553 0.442469 latency
        0.015916 skew



===========================================================================
report_clock_min_period
============================================================================
sclkb period_min = 1.66 fmax = 603.46
