
===========================================================================
 report_power
============================================================================
======================= max_tt_025C_1v80 Corner ===================================

Group                    Internal    Switching      Leakage        Total
                            Power        Power        Power        Power (Watts)
------------------------------------------------------------------------
Sequential           7.197546e-07 1.254220e-07 1.781407e-09 8.469580e-07  43.5%
Combinational        2.782998e-07 1.293102e-07 2.145896e-09 4.097559e-07  21.0%
Clock                3.767408e-07 3.120388e-07 1.734277e-09 6.905140e-07  35.5%
Macro                0.000000e+00 0.000000e+00 0.000000e+00 0.000000e+00   0.0%
Pad                  0.000000e+00 0.000000e+00 0.000000e+00 0.000000e+00   0.0%
------------------------------------------------------------------------
Total                1.374796e-06 5.667711e-07 5.661581e-09 1.947228e-06 100.0%
                            70.6%        29.1%         0.3%

