
===========================================================================
 report_power
============================================================================
======================= max_tt_025C_1v80 Corner ===================================

Group                    Internal    Switching      Leakage        Total
                            Power        Power        Power        Power (Watts)
------------------------------------------------------------------------
Sequential           7.197813e-07 1.281084e-07 1.781071e-09 8.496708e-07  43.2%
Combinational        2.760876e-07 1.328192e-07 2.151551e-09 4.110583e-07  20.9%
Clock                3.912668e-07 3.144914e-07 1.780726e-09 7.075390e-07  35.9%
Macro                0.000000e+00 0.000000e+00 0.000000e+00 0.000000e+00   0.0%
Pad                  0.000000e+00 0.000000e+00 0.000000e+00 0.000000e+00   0.0%
------------------------------------------------------------------------
Total                1.387135e-06 5.754190e-07 5.713349e-09 1.968267e-06 100.0%
                            70.5%        29.2%         0.3%

