
===========================================================================
 report_power
============================================================================
======================= max_tt_025C_1v80 Corner ===================================

Group                    Internal    Switching      Leakage        Total
                            Power        Power        Power        Power (Watts)
------------------------------------------------------------------------
Sequential           7.197372e-07 1.312807e-07 1.783084e-09 8.528009e-07  43.4%
Combinational        2.763080e-07 1.340928e-07 2.147158e-09 4.125480e-07  21.0%
Clock                3.808881e-07 3.158946e-07 1.826376e-09 6.986090e-07  35.6%
Macro                0.000000e+00 0.000000e+00 0.000000e+00 0.000000e+00   0.0%
Pad                  0.000000e+00 0.000000e+00 0.000000e+00 0.000000e+00   0.0%
------------------------------------------------------------------------
Total                1.376933e-06 5.812682e-07 5.756617e-09 1.963958e-06 100.0%
                            70.1%        29.6%         0.3%

