Net: dout\[11\]
  Pin:   _454_/A0 (sky130_fd_sc_hd__mux2_1)
    Layer: mcon
      Partial area ratio:    0.23
      Required ratio:    3.00 (Gate area) 
      Cumulative area ratio:    0.23
      Required ratio:    0.00 (Cumulative area) 

    Layer: met1
      Partial area ratio:    2.73
      Required ratio:    0.00 (Gate area) 
      Cumulative area ratio:    2.73
      Required ratio:    0.00 (Cumulative area) 
      Partial area ratio:   12.18
      Required ratio:  400.00 (Side area) 
      Cumulative area ratio:   12.18
      Required ratio:    0.00 (Cumulative side area) 

    Layer: via
      Partial area ratio:    0.36
      Required ratio:    6.00 (Gate area) 
      Cumulative area ratio:    0.59
      Required ratio:    0.00 (Cumulative area) 

    Layer: met2
      Partial area ratio:    1.48
      Required ratio:    0.00 (Gate area) 
      Cumulative area ratio:    4.21
      Required ratio:    0.00 (Cumulative area) 
      Partial area ratio:    6.83
      Required ratio:  400.00 (Side area) 
      Cumulative area ratio:   19.01
      Required ratio:    0.00 (Cumulative side area) 

    Layer: via2
      Partial area ratio:    0.32
      Required ratio:    6.00 (Gate area) 
      Cumulative area ratio:    0.90
      Required ratio:    0.00 (Cumulative area) 

    Layer: met3
      Partial area ratio:    0.99
      Required ratio:    0.00 (Gate area) 
      Cumulative area ratio:    5.20
      Required ratio:    0.00 (Cumulative area) 
      Partial area ratio:    9.02
      Required ratio:  400.00 (Side area) 
      Cumulative area ratio:   28.03
      Required ratio:    0.00 (Cumulative side area) 

    Layer: via3
      Partial area ratio:    0.32
      Required ratio:    6.00 (Gate area) 
      Cumulative area ratio:    1.22
      Required ratio:    0.00 (Cumulative area) 

    Layer: met4
      Partial area ratio:  364.18
      Required ratio:    0.00 (Gate area) 
      Cumulative area ratio:  369.38
      Required ratio:    0.00 (Cumulative area) 
      Partial area ratio: 1953.52
      Required ratio:  400.00 (Side area) (VIOLATED)
      Cumulative area ratio: 1981.55
      Required ratio:    0.00 (Cumulative side area) 



Net: dout\[12\]
  Pin:   _450_/A0 (sky130_fd_sc_hd__mux2_1)
    Layer: mcon
      Partial area ratio:    0.23
      Required ratio:    3.00 (Gate area) 
      Cumulative area ratio:    0.23
      Required ratio:    0.00 (Cumulative area) 

    Layer: met1
      Partial area ratio:   17.96
      Required ratio:    0.00 (Gate area) 
      Cumulative area ratio:   17.96
      Required ratio:    0.00 (Cumulative area) 
      Partial area ratio:   88.33
      Required ratio:  400.00 (Side area) 
      Cumulative area ratio:   88.33
      Required ratio:    0.00 (Cumulative side area) 

    Layer: via
      Partial area ratio:    0.36
      Required ratio:    6.00 (Gate area) 
      Cumulative area ratio:    0.59
      Required ratio:    0.00 (Cumulative area) 

    Layer: met2
      Partial area ratio:  126.36
      Required ratio:    0.00 (Gate area) 
      Cumulative area ratio:  144.32
      Required ratio:    0.00 (Cumulative area) 
      Partial area ratio:  628.47
      Required ratio:  400.00 (Side area) (VIOLATED)
      Cumulative area ratio:  716.81
      Required ratio:    0.00 (Cumulative side area) 

    Layer: via2
      Partial area ratio:    0.32
      Required ratio:    6.00 (Gate area) 
      Cumulative area ratio:    0.90
      Required ratio:    0.00 (Cumulative area) 

    Layer: met3
      Partial area ratio:   17.41
      Required ratio:    0.00 (Gate area) 
      Cumulative area ratio:  161.73
      Required ratio:    0.00 (Cumulative area) 
      Partial area ratio:   96.57
      Required ratio:  400.00 (Side area) 
      Cumulative area ratio:  813.38
      Required ratio:    0.00 (Cumulative side area) 

    Layer: via3
      Partial area ratio:    0.32
      Required ratio:    6.00 (Gate area) 
      Cumulative area ratio:    1.22
      Required ratio:    0.00 (Cumulative area) 

    Layer: met4
      Partial area ratio:  149.66
      Required ratio:    0.00 (Gate area) 
      Cumulative area ratio:  311.39
      Required ratio:    0.00 (Cumulative area) 
      Partial area ratio:  805.71
      Required ratio:  400.00 (Side area) (VIOLATED)
      Cumulative area ratio: 1619.09
      Required ratio:    0.00 (Cumulative side area) 



Net: dout\[14\]
  Pin:   _442_/A0 (sky130_fd_sc_hd__mux2_1)
    Layer: mcon
      Partial area ratio:    0.23
      Required ratio:    3.00 (Gate area) 
      Cumulative area ratio:    0.23
      Required ratio:    0.00 (Cumulative area) 

    Layer: met1
      Partial area ratio:    5.89
      Required ratio:    0.00 (Gate area) 
      Cumulative area ratio:    5.89
      Required ratio:    0.00 (Cumulative area) 
      Partial area ratio:   27.99
      Required ratio:  400.00 (Side area) 
      Cumulative area ratio:   27.99
      Required ratio:    0.00 (Cumulative side area) 

    Layer: via
      Partial area ratio:    0.36
      Required ratio:    6.00 (Gate area) 
      Cumulative area ratio:    0.59
      Required ratio:    0.00 (Cumulative area) 

    Layer: met2
      Partial area ratio:    1.48
      Required ratio:    0.00 (Gate area) 
      Cumulative area ratio:    7.37
      Required ratio:    0.00 (Cumulative area) 
      Partial area ratio:    6.83
      Required ratio:  400.00 (Side area) 
      Cumulative area ratio:   34.82
      Required ratio:    0.00 (Cumulative side area) 

    Layer: via2
      Partial area ratio:    0.32
      Required ratio:    6.00 (Gate area) 
      Cumulative area ratio:    0.90
      Required ratio:    0.00 (Cumulative area) 

    Layer: met3
      Partial area ratio:   50.27
      Required ratio:    0.00 (Gate area) 
      Cumulative area ratio:   57.64
      Required ratio:    0.00 (Cumulative area) 
      Partial area ratio:  271.81
      Required ratio:  400.00 (Side area) 
      Cumulative area ratio:  306.63
      Required ratio:    0.00 (Cumulative side area) 

    Layer: via3
      Partial area ratio:    0.32
      Required ratio:    6.00 (Gate area) 
      Cumulative area ratio:    1.22
      Required ratio:    0.00 (Cumulative area) 

    Layer: met4
      Partial area ratio:   93.54
      Required ratio:    0.00 (Gate area) 
      Cumulative area ratio:  151.19
      Required ratio:    0.00 (Cumulative area) 
      Partial area ratio:  502.67
      Required ratio:  400.00 (Side area) (VIOLATED)
      Cumulative area ratio:  809.30
      Required ratio:    0.00 (Cumulative side area) 



Net: dout\[15\]
  Pin:   _438_/A0 (sky130_fd_sc_hd__mux2_1)
    Layer: mcon
      Partial area ratio:    0.23
      Required ratio:    3.00 (Gate area) 
      Cumulative area ratio:    0.23
      Required ratio:    0.00 (Cumulative area) 

    Layer: met1
      Partial area ratio:   23.74
      Required ratio:    0.00 (Gate area) 
      Cumulative area ratio:   23.74
      Required ratio:    0.00 (Cumulative area) 
      Partial area ratio:  117.23
      Required ratio:  400.00 (Side area) 
      Cumulative area ratio:  117.23
      Required ratio:    0.00 (Cumulative side area) 

    Layer: via
      Partial area ratio:    0.36
      Required ratio:    6.00 (Gate area) 
      Cumulative area ratio:    0.59
      Required ratio:    0.00 (Cumulative area) 

    Layer: met2
      Partial area ratio:    1.48
      Required ratio:    0.00 (Gate area) 
      Cumulative area ratio:   25.22
      Required ratio:    0.00 (Cumulative area) 
      Partial area ratio:    6.83
      Required ratio:  400.00 (Side area) 
      Cumulative area ratio:  124.07
      Required ratio:    0.00 (Cumulative side area) 

    Layer: via2
      Partial area ratio:    0.32
      Required ratio:    6.00 (Gate area) 
      Cumulative area ratio:    0.90
      Required ratio:    0.00 (Cumulative area) 

    Layer: met3
      Partial area ratio:   33.84
      Required ratio:    0.00 (Gate area) 
      Cumulative area ratio:   59.06
      Required ratio:    0.00 (Cumulative area) 
      Partial area ratio:  184.19
      Required ratio:  400.00 (Side area) 
      Cumulative area ratio:  308.26
      Required ratio:    0.00 (Cumulative side area) 

    Layer: via3
      Partial area ratio:    0.32
      Required ratio:    6.00 (Gate area) 
      Cumulative area ratio:    1.22
      Required ratio:    0.00 (Cumulative area) 

    Layer: met4
      Partial area ratio:  102.17
      Required ratio:    0.00 (Gate area) 
      Cumulative area ratio:  161.23
      Required ratio:    0.00 (Cumulative area) 
      Partial area ratio:  538.22
      Required ratio:  400.00 (Side area) (VIOLATED)
      Cumulative area ratio:  846.48
      Required ratio:    0.00 (Cumulative side area) 



Net: dout\[16\]
  Pin:   _434_/A0 (sky130_fd_sc_hd__mux2_1)
    Layer: mcon
      Partial area ratio:    0.23
      Required ratio:    3.00 (Gate area) 
      Cumulative area ratio:    0.23
      Required ratio:    0.00 (Cumulative area) 

    Layer: met1
      Partial area ratio:   27.79
      Required ratio:    0.00 (Gate area) 
      Cumulative area ratio:   27.79
      Required ratio:    0.00 (Cumulative area) 
      Partial area ratio:  137.50
      Required ratio:  400.00 (Side area) 
      Cumulative area ratio:  137.50
      Required ratio:    0.00 (Cumulative side area) 

    Layer: via
      Partial area ratio:    0.36
      Required ratio:    6.00 (Gate area) 
      Cumulative area ratio:    0.59
      Required ratio:    0.00 (Cumulative area) 

    Layer: met2
      Partial area ratio:   17.09
      Required ratio:    0.00 (Gate area) 
      Cumulative area ratio:   44.89
      Required ratio:    0.00 (Cumulative area) 
      Partial area ratio:   84.03
      Required ratio:  400.00 (Side area) 
      Cumulative area ratio:  221.53
      Required ratio:    0.00 (Cumulative side area) 

    Layer: via2
      Partial area ratio:    0.32
      Required ratio:    6.00 (Gate area) 
      Cumulative area ratio:    0.90
      Required ratio:    0.00 (Cumulative area) 

    Layer: met3
      Partial area ratio:   50.27
      Required ratio:    0.00 (Gate area) 
      Cumulative area ratio:   95.16
      Required ratio:    0.00 (Cumulative area) 
      Partial area ratio:  271.81
      Required ratio:  400.00 (Side area) 
      Cumulative area ratio:  493.34
      Required ratio:    0.00 (Cumulative side area) 

    Layer: via3
      Partial area ratio:    0.32
      Required ratio:    6.00 (Gate area) 
      Cumulative area ratio:    1.22
      Required ratio:    0.00 (Cumulative area) 

    Layer: met4
      Partial area ratio:   75.88
      Required ratio:    0.00 (Gate area) 
      Cumulative area ratio:  171.03
      Required ratio:    0.00 (Cumulative area) 
      Partial area ratio:  408.44
      Required ratio:  400.00 (Side area) (VIOLATED)
      Cumulative area ratio:  901.78
      Required ratio:    0.00 (Cumulative side area) 



Net: dout\[17\]
  Pin:   _430_/A0 (sky130_fd_sc_hd__mux2_1)
    Layer: mcon
      Partial area ratio:    0.23
      Required ratio:    3.00 (Gate area) 
      Cumulative area ratio:    0.23
      Required ratio:    0.00 (Cumulative area) 

    Layer: met1
      Partial area ratio:    6.40
      Required ratio:    0.00 (Gate area) 
      Cumulative area ratio:    6.40
      Required ratio:    0.00 (Cumulative area) 
      Partial area ratio:   30.54
      Required ratio:  400.00 (Side area) 
      Cumulative area ratio:   30.54
      Required ratio:    0.00 (Cumulative side area) 

    Layer: via
      Partial area ratio:    0.36
      Required ratio:    6.00 (Gate area) 
      Cumulative area ratio:    0.59
      Required ratio:    0.00 (Cumulative area) 

    Layer: met2
      Partial area ratio:    9.43
      Required ratio:    0.00 (Gate area) 
      Cumulative area ratio:   15.83
      Required ratio:    0.00 (Cumulative area) 
      Partial area ratio:   45.69
      Required ratio:  400.00 (Side area) 
      Cumulative area ratio:   76.23
      Required ratio:    0.00 (Cumulative side area) 

    Layer: via2
      Partial area ratio:    0.32
      Required ratio:    6.00 (Gate area) 
      Cumulative area ratio:    0.90
      Required ratio:    0.00 (Cumulative area) 

    Layer: met3
      Partial area ratio:  115.98
      Required ratio:    0.00 (Gate area) 
      Cumulative area ratio:  131.81
      Required ratio:    0.00 (Cumulative area) 
      Partial area ratio:  622.29
      Required ratio:  400.00 (Side area) (VIOLATED)
      Cumulative area ratio:  698.52
      Required ratio:    0.00 (Cumulative side area) 

    Layer: via3
      Partial area ratio:    0.32
      Required ratio:    6.00 (Gate area) 
      Cumulative area ratio:    1.22
      Required ratio:    0.00 (Cumulative area) 

    Layer: met4
      Partial area ratio:  103.88
      Required ratio:    0.00 (Gate area) 
      Cumulative area ratio:  235.69
      Required ratio:    0.00 (Cumulative area) 
      Partial area ratio:  557.78
      Required ratio:  400.00 (Side area) (VIOLATED)
      Cumulative area ratio: 1256.30
      Required ratio:    0.00 (Cumulative side area) 



Net: dout\[18\]
  Pin:   _426_/A0 (sky130_fd_sc_hd__mux2_1)
    Layer: mcon
      Partial area ratio:    0.23
      Required ratio:    3.00 (Gate area) 
      Cumulative area ratio:    0.23
      Required ratio:    0.00 (Cumulative area) 

    Layer: met1
      Partial area ratio:    4.79
      Required ratio:    0.00 (Gate area) 
      Cumulative area ratio:    4.79
      Required ratio:    0.00 (Cumulative area) 
      Partial area ratio:   22.48
      Required ratio:  400.00 (Side area) 
      Cumulative area ratio:   22.48
      Required ratio:    0.00 (Cumulative side area) 

    Layer: via
      Partial area ratio:    0.36
      Required ratio:    6.00 (Gate area) 
      Cumulative area ratio:    0.59
      Required ratio:    0.00 (Cumulative area) 

    Layer: met2
      Partial area ratio:   17.09
      Required ratio:    0.00 (Gate area) 
      Cumulative area ratio:   21.88
      Required ratio:    0.00 (Cumulative area) 
      Partial area ratio:   84.03
      Required ratio:  400.00 (Side area) 
      Cumulative area ratio:  106.51
      Required ratio:    0.00 (Cumulative side area) 

    Layer: via2
      Partial area ratio:    0.32
      Required ratio:    6.00 (Gate area) 
      Cumulative area ratio:    0.90
      Required ratio:    0.00 (Cumulative area) 

    Layer: met3
      Partial area ratio:  132.41
      Required ratio:    0.00 (Gate area) 
      Cumulative area ratio:  154.30
      Required ratio:    0.00 (Cumulative area) 
      Partial area ratio:  709.90
      Required ratio:  400.00 (Side area) (VIOLATED)
      Cumulative area ratio:  816.42
      Required ratio:    0.00 (Cumulative side area) 

    Layer: via3
      Partial area ratio:    0.32
      Required ratio:    6.00 (Gate area) 
      Cumulative area ratio:    1.22
      Required ratio:    0.00 (Cumulative area) 

    Layer: met4
      Partial area ratio:   22.07
      Required ratio:    0.00 (Gate area) 
      Cumulative area ratio:  176.36
      Required ratio:    0.00 (Cumulative area) 
      Partial area ratio:  121.46
      Required ratio:  400.00 (Side area) 
      Cumulative area ratio:  937.88
      Required ratio:    0.00 (Cumulative side area) 



Net: dout\[19\]
  Pin:   _422_/A0 (sky130_fd_sc_hd__mux2_1)
    Layer: mcon
      Partial area ratio:    0.23
      Required ratio:    3.00 (Gate area) 
      Cumulative area ratio:    0.23
      Required ratio:    0.00 (Cumulative area) 

    Layer: met1
      Partial area ratio:   33.16
      Required ratio:    0.00 (Gate area) 
      Cumulative area ratio:   33.16
      Required ratio:    0.00 (Cumulative area) 
      Partial area ratio:  164.33
      Required ratio:  400.00 (Side area) 
      Cumulative area ratio:  164.33
      Required ratio:    0.00 (Cumulative side area) 

    Layer: via
      Partial area ratio:    0.36
      Required ratio:    6.00 (Gate area) 
      Cumulative area ratio:    0.59
      Required ratio:    0.00 (Cumulative area) 

    Layer: met2
      Partial area ratio:    9.43
      Required ratio:    0.00 (Gate area) 
      Cumulative area ratio:   42.59
      Required ratio:    0.00 (Cumulative area) 
      Partial area ratio:   45.69
      Required ratio:  400.00 (Side area) 
      Cumulative area ratio:  210.03
      Required ratio:    0.00 (Cumulative side area) 

    Layer: via2
      Partial area ratio:    0.32
      Required ratio:    6.00 (Gate area) 
      Cumulative area ratio:    0.90
      Required ratio:    0.00 (Cumulative area) 

    Layer: met3
      Partial area ratio:   83.13
      Required ratio:    0.00 (Gate area) 
      Cumulative area ratio:  125.71
      Required ratio:    0.00 (Cumulative area) 
      Partial area ratio:  447.05
      Required ratio:  400.00 (Side area) (VIOLATED)
      Cumulative area ratio:  657.08
      Required ratio:    0.00 (Cumulative side area) 

    Layer: via3
      Partial area ratio:    0.32
      Required ratio:    6.00 (Gate area) 
      Cumulative area ratio:    1.22
      Required ratio:    0.00 (Cumulative area) 

    Layer: met4
      Partial area ratio:   24.66
      Required ratio:    0.00 (Gate area) 
      Cumulative area ratio:  150.38
      Required ratio:    0.00 (Cumulative area) 
      Partial area ratio:  135.30
      Required ratio:  400.00 (Side area) 
      Cumulative area ratio:  792.38
      Required ratio:    0.00 (Cumulative side area) 



Net: dout\[1\]
  Pin:   _494_/A0 (sky130_fd_sc_hd__mux2_1)
    Layer: mcon
      Partial area ratio:    0.23
      Required ratio:    3.00 (Gate area) 
      Cumulative area ratio:    0.23
      Required ratio:    0.00 (Cumulative area) 

    Layer: met1
      Partial area ratio:    7.51
      Required ratio:    0.00 (Gate area) 
      Cumulative area ratio:    7.51
      Required ratio:    0.00 (Cumulative area) 
      Partial area ratio:   36.09
      Required ratio:  400.00 (Side area) 
      Cumulative area ratio:   36.09
      Required ratio:    0.00 (Cumulative side area) 

    Layer: via
      Partial area ratio:    0.36
      Required ratio:    6.00 (Gate area) 
      Cumulative area ratio:    0.59
      Required ratio:    0.00 (Cumulative area) 

    Layer: met2
      Partial area ratio:   17.09
      Required ratio:    0.00 (Gate area) 
      Cumulative area ratio:   24.61
      Required ratio:    0.00 (Cumulative area) 
      Partial area ratio:   84.03
      Required ratio:  400.00 (Side area) 
      Cumulative area ratio:  120.12
      Required ratio:    0.00 (Cumulative side area) 

    Layer: via2
      Partial area ratio:    0.32
      Required ratio:    6.00 (Gate area) 
      Cumulative area ratio:    0.90
      Required ratio:    0.00 (Cumulative area) 

    Layer: met3
      Partial area ratio:  181.70
      Required ratio:    0.00 (Gate area) 
      Cumulative area ratio:  206.30
      Required ratio:    0.00 (Cumulative area) 
      Partial area ratio:  972.76
      Required ratio:  400.00 (Side area) (VIOLATED)
      Cumulative area ratio: 1092.88
      Required ratio:    0.00 (Cumulative side area) 

    Layer: via3
      Partial area ratio:    0.32
      Required ratio:    6.00 (Gate area) 
      Cumulative area ratio:    1.22
      Required ratio:    0.00 (Cumulative area) 

    Layer: met4
      Partial area ratio:   68.33
      Required ratio:    0.00 (Gate area) 
      Cumulative area ratio:  274.63
      Required ratio:    0.00 (Cumulative area) 
      Partial area ratio:  362.98
      Required ratio:  400.00 (Side area) 
      Cumulative area ratio: 1455.87
      Required ratio:    0.00 (Cumulative side area) 



Net: dout\[22\]
  Pin:   _410_/A0 (sky130_fd_sc_hd__mux2_1)
    Layer: mcon
      Partial area ratio:    0.23
      Required ratio:    3.00 (Gate area) 
      Cumulative area ratio:    0.23
      Required ratio:    0.00 (Cumulative area) 

    Layer: met1
      Partial area ratio:    7.39
      Required ratio:    0.00 (Gate area) 
      Cumulative area ratio:    7.39
      Required ratio:    0.00 (Cumulative area) 
      Partial area ratio:   35.49
      Required ratio:  400.00 (Side area) 
      Cumulative area ratio:   35.49
      Required ratio:    0.00 (Cumulative side area) 

    Layer: via
      Partial area ratio:    0.36
      Required ratio:    6.00 (Gate area) 
      Cumulative area ratio:    0.59
      Required ratio:    0.00 (Cumulative area) 

    Layer: met2
      Partial area ratio:   78.43
      Required ratio:    0.00 (Gate area) 
      Cumulative area ratio:   85.82
      Required ratio:    0.00 (Cumulative area) 
      Partial area ratio:  390.69
      Required ratio:  400.00 (Side area) 
      Cumulative area ratio:  426.18
      Required ratio:    0.00 (Cumulative side area) 

    Layer: via2
      Partial area ratio:    0.32
      Required ratio:    6.00 (Gate area) 
      Cumulative area ratio:    0.90
      Required ratio:    0.00 (Cumulative area) 

    Layer: met3
      Partial area ratio:  379.79
      Required ratio:    0.00 (Gate area) 
      Cumulative area ratio:  465.61
      Required ratio:    0.00 (Cumulative area) 
      Partial area ratio: 2033.02
      Required ratio:  400.00 (Side area) (VIOLATED)
      Cumulative area ratio: 2459.20
      Required ratio:    0.00 (Cumulative side area) 

    Layer: via3
      Partial area ratio:    0.32
      Required ratio:    6.00 (Gate area) 
      Cumulative area ratio:    1.22
      Required ratio:    0.00 (Cumulative area) 

    Layer: met4
      Partial area ratio:    0.86
      Required ratio:    0.00 (Gate area) 
      Cumulative area ratio:  466.47
      Required ratio:    0.00 (Cumulative area) 
      Partial area ratio:    8.38
      Required ratio:  400.00 (Side area) 
      Cumulative area ratio: 2467.58
      Required ratio:    0.00 (Cumulative side area) 



Net: dout\[23\]
  Pin:   _406_/A0 (sky130_fd_sc_hd__mux2_1)
    Layer: mcon
      Partial area ratio:    0.23
      Required ratio:    3.00 (Gate area) 
      Cumulative area ratio:    0.23
      Required ratio:    0.00 (Cumulative area) 

    Layer: met1
      Partial area ratio:    5.80
      Required ratio:    0.00 (Gate area) 
      Cumulative area ratio:    5.80
      Required ratio:    0.00 (Cumulative area) 
      Partial area ratio:   27.54
      Required ratio:  400.00 (Side area) 
      Cumulative area ratio:   27.54
      Required ratio:    0.00 (Cumulative side area) 

    Layer: via
      Partial area ratio:    0.36
      Required ratio:    6.00 (Gate area) 
      Cumulative area ratio:    0.59
      Required ratio:    0.00 (Cumulative area) 

    Layer: met2
      Partial area ratio:  110.75
      Required ratio:    0.00 (Gate area) 
      Cumulative area ratio:  116.55
      Required ratio:    0.00 (Cumulative area) 
      Partial area ratio:  551.28
      Required ratio:  400.00 (Side area) (VIOLATED)
      Cumulative area ratio:  578.82
      Required ratio:    0.00 (Cumulative side area) 

    Layer: via2
      Partial area ratio:    0.32
      Required ratio:    6.00 (Gate area) 
      Cumulative area ratio:    0.90
      Required ratio:    0.00 (Cumulative area) 

    Layer: met3
      Partial area ratio:    0.99
      Required ratio:    0.00 (Gate area) 
      Cumulative area ratio:  117.54
      Required ratio:    0.00 (Cumulative area) 
      Partial area ratio:    9.02
      Required ratio:  400.00 (Side area) 
      Cumulative area ratio:  587.84
      Required ratio:    0.00 (Cumulative side area) 

    Layer: via3
      Partial area ratio:    0.32
      Required ratio:    6.00 (Gate area) 
      Cumulative area ratio:    1.22
      Required ratio:    0.00 (Cumulative area) 

    Layer: met4
      Partial area ratio:    0.86
      Required ratio:    0.00 (Gate area) 
      Cumulative area ratio:  118.40
      Required ratio:    0.00 (Cumulative area) 
      Partial area ratio:    8.38
      Required ratio:  400.00 (Side area) 
      Cumulative area ratio:  596.22
      Required ratio:    0.00 (Cumulative side area) 



Net: dout\[24\]
  Pin:   _402_/A0 (sky130_fd_sc_hd__mux2_1)
    Layer: mcon
      Partial area ratio:    0.23
      Required ratio:    3.00 (Gate area) 
      Cumulative area ratio:    0.23
      Required ratio:    0.00 (Cumulative area) 

    Layer: met1
      Partial area ratio:   18.41
      Required ratio:    0.00 (Gate area) 
      Cumulative area ratio:   18.41
      Required ratio:    0.00 (Cumulative area) 
      Partial area ratio:   90.56
      Required ratio:  400.00 (Side area) 
      Cumulative area ratio:   90.56
      Required ratio:    0.00 (Cumulative side area) 

    Layer: via
      Partial area ratio:    0.36
      Required ratio:    6.00 (Gate area) 
      Cumulative area ratio:    0.59
      Required ratio:    0.00 (Cumulative area) 

    Layer: met2
      Partial area ratio:   56.39
      Required ratio:    0.00 (Gate area) 
      Cumulative area ratio:   74.80
      Required ratio:    0.00 (Cumulative area) 
      Partial area ratio:  279.58
      Required ratio:  400.00 (Side area) 
      Cumulative area ratio:  370.14
      Required ratio:    0.00 (Cumulative side area) 

    Layer: via2
      Partial area ratio:    0.32
      Required ratio:    6.00 (Gate area) 
      Cumulative area ratio:    0.90
      Required ratio:    0.00 (Cumulative area) 

    Layer: met3
      Partial area ratio:   17.41
      Required ratio:    0.00 (Gate area) 
      Cumulative area ratio:   92.21
      Required ratio:    0.00 (Cumulative area) 
      Partial area ratio:   96.57
      Required ratio:  400.00 (Side area) 
      Cumulative area ratio:  466.71
      Required ratio:    0.00 (Cumulative side area) 

    Layer: via3
      Partial area ratio:    0.32
      Required ratio:    6.00 (Gate area) 
      Cumulative area ratio:    1.22
      Required ratio:    0.00 (Cumulative area) 

    Layer: met4
      Partial area ratio:  231.81
      Required ratio:    0.00 (Gate area) 
      Cumulative area ratio:  324.02
      Required ratio:    0.00 (Cumulative area) 
      Partial area ratio: 1243.81
      Required ratio:  400.00 (Side area) (VIOLATED)
      Cumulative area ratio: 1710.52
      Required ratio:    0.00 (Cumulative side area) 



Net: dout\[25\]
  Pin:   _398_/A0 (sky130_fd_sc_hd__mux2_1)
    Layer: mcon
      Partial area ratio:    0.23
      Required ratio:    3.00 (Gate area) 
      Cumulative area ratio:    0.23
      Required ratio:    0.00 (Cumulative area) 

    Layer: met1
      Partial area ratio:   16.78
      Required ratio:    0.00 (Gate area) 
      Cumulative area ratio:   16.78
      Required ratio:    0.00 (Cumulative area) 
      Partial area ratio:   82.44
      Required ratio:  400.00 (Side area) 
      Cumulative area ratio:   82.44
      Required ratio:    0.00 (Cumulative side area) 

    Layer: via
      Partial area ratio:    0.36
      Required ratio:    6.00 (Gate area) 
      Cumulative area ratio:    0.59
      Required ratio:    0.00 (Cumulative area) 

    Layer: met2
      Partial area ratio:  162.76
      Required ratio:    0.00 (Gate area) 
      Cumulative area ratio:  179.54
      Required ratio:    0.00 (Cumulative area) 
      Partial area ratio:  812.36
      Required ratio:  400.00 (Side area) (VIOLATED)
      Cumulative area ratio:  894.81
      Required ratio:    0.00 (Cumulative side area) 

    Layer: via2
      Partial area ratio:    0.32
      Required ratio:    6.00 (Gate area) 
      Cumulative area ratio:    0.90
      Required ratio:    0.00 (Cumulative area) 

    Layer: met3
      Partial area ratio:    0.99
      Required ratio:    0.00 (Gate area) 
      Cumulative area ratio:  180.53
      Required ratio:    0.00 (Cumulative area) 
      Partial area ratio:    9.02
      Required ratio:  400.00 (Side area) 
      Cumulative area ratio:  903.82
      Required ratio:    0.00 (Cumulative side area) 

    Layer: via3
      Partial area ratio:    0.32
      Required ratio:    6.00 (Gate area) 
      Cumulative area ratio:    1.22
      Required ratio:    0.00 (Cumulative area) 

    Layer: met4
      Partial area ratio:  109.36
      Required ratio:    0.00 (Gate area) 
      Cumulative area ratio:  289.89
      Required ratio:    0.00 (Cumulative area) 
      Partial area ratio:  594.48
      Required ratio:  400.00 (Side area) (VIOLATED)
      Cumulative area ratio: 1498.30
      Required ratio:    0.00 (Cumulative side area) 



Net: dout\[26\]
  Pin:   _394_/A0 (sky130_fd_sc_hd__mux2_1)
    Layer: mcon
      Partial area ratio:    0.23
      Required ratio:    3.00 (Gate area) 
      Cumulative area ratio:    0.23
      Required ratio:    0.00 (Cumulative area) 

    Layer: met1
      Partial area ratio:    7.84
      Required ratio:    0.00 (Gate area) 
      Cumulative area ratio:    7.84
      Required ratio:    0.00 (Cumulative area) 
      Partial area ratio:   37.71
      Required ratio:  400.00 (Side area) 
      Cumulative area ratio:   37.71
      Required ratio:    0.00 (Cumulative side area) 

    Layer: via
      Partial area ratio:    0.36
      Required ratio:    6.00 (Gate area) 
      Cumulative area ratio:    0.59
      Required ratio:    0.00 (Cumulative area) 

    Layer: met2
      Partial area ratio:    1.48
      Required ratio:    0.00 (Gate area) 
      Cumulative area ratio:    9.32
      Required ratio:    0.00 (Cumulative area) 
      Partial area ratio:    6.83
      Required ratio:  400.00 (Side area) 
      Cumulative area ratio:   44.54
      Required ratio:    0.00 (Cumulative side area) 

    Layer: via2
      Partial area ratio:    0.32
      Required ratio:    6.00 (Gate area) 
      Cumulative area ratio:    0.90
      Required ratio:    0.00 (Cumulative area) 

    Layer: met3
      Partial area ratio:   17.41
      Required ratio:    0.00 (Gate area) 
      Cumulative area ratio:   26.73
      Required ratio:    0.00 (Cumulative area) 
      Partial area ratio:   96.57
      Required ratio:  400.00 (Side area) 
      Cumulative area ratio:  141.12
      Required ratio:    0.00 (Cumulative side area) 

    Layer: via3
      Partial area ratio:    0.32
      Required ratio:    6.00 (Gate area) 
      Cumulative area ratio:    1.22
      Required ratio:    0.00 (Cumulative area) 

    Layer: met4
      Partial area ratio:  215.38
      Required ratio:    0.00 (Gate area) 
      Cumulative area ratio:  242.11
      Required ratio:    0.00 (Cumulative area) 
      Partial area ratio: 1156.19
      Required ratio:  400.00 (Side area) (VIOLATED)
      Cumulative area ratio: 1297.31
      Required ratio:    0.00 (Cumulative side area) 



Net: dout\[28\]
  Pin:   _386_/A0 (sky130_fd_sc_hd__mux2_1)
    Layer: mcon
      Partial area ratio:    0.23
      Required ratio:    3.00 (Gate area) 
      Cumulative area ratio:    0.23
      Required ratio:    0.00 (Cumulative area) 

    Layer: met1
      Partial area ratio:    4.26
      Required ratio:    0.00 (Gate area) 
      Cumulative area ratio:    4.26
      Required ratio:    0.00 (Cumulative area) 
      Partial area ratio:   20.43
      Required ratio:  400.00 (Side area) 
      Cumulative area ratio:   20.43
      Required ratio:    0.00 (Cumulative side area) 

    Layer: via
      Partial area ratio:    0.25
      Required ratio:    6.00 (Gate area) 
      Cumulative area ratio:    0.48
      Required ratio:    0.00 (Cumulative area) 

    Layer: met2
      Partial area ratio:    0.94
      Required ratio:    0.00 (Gate area) 
      Cumulative area ratio:    5.20
      Required ratio:    0.00 (Cumulative area) 
      Partial area ratio:    3.87
      Required ratio:  400.00 (Side area) 
      Cumulative area ratio:   24.30
      Required ratio:    0.00 (Cumulative side area) 

    Layer: via2
      Partial area ratio:    0.32
      Required ratio:    6.00 (Gate area) 
      Cumulative area ratio:    0.79
      Required ratio:    0.00 (Cumulative area) 

    Layer: met3
      Partial area ratio:  231.93
      Required ratio:    0.00 (Gate area) 
      Cumulative area ratio:  237.14
      Required ratio:    0.00 (Cumulative area) 
      Partial area ratio: 1244.44
      Required ratio:  400.00 (Side area) (VIOLATED)
      Cumulative area ratio: 1268.74
      Required ratio:    0.00 (Cumulative side area) 

    Layer: via3
      Partial area ratio:    0.32
      Required ratio:    6.00 (Gate area) 
      Cumulative area ratio:    1.11
      Required ratio:    0.00 (Cumulative area) 

    Layer: met4
      Partial area ratio:    0.86
      Required ratio:    0.00 (Gate area) 
      Cumulative area ratio:  238.00
      Required ratio:    0.00 (Cumulative area) 
      Partial area ratio:    8.38
      Required ratio:  400.00 (Side area) 
      Cumulative area ratio: 1277.13
      Required ratio:    0.00 (Cumulative side area) 



Net: dout\[2\]
  Pin:   _490_/A0 (sky130_fd_sc_hd__mux2_1)
    Layer: mcon
      Partial area ratio:    0.23
      Required ratio:    3.00 (Gate area) 
      Cumulative area ratio:    0.23
      Required ratio:    0.00 (Cumulative area) 

    Layer: met1
      Partial area ratio:    4.85
      Required ratio:    0.00 (Gate area) 
      Cumulative area ratio:    4.85
      Required ratio:    0.00 (Cumulative area) 
      Partial area ratio:   22.35
      Required ratio:  400.00 (Side area) 
      Cumulative area ratio:   22.35
      Required ratio:    0.00 (Cumulative side area) 

    Layer: via
      Partial area ratio:    0.36
      Required ratio:    6.00 (Gate area) 
      Cumulative area ratio:    0.59
      Required ratio:    0.00 (Cumulative area) 

    Layer: met2
      Partial area ratio:    1.48
      Required ratio:    0.00 (Gate area) 
      Cumulative area ratio:    6.33
      Required ratio:    0.00 (Cumulative area) 
      Partial area ratio:    6.83
      Required ratio:  400.00 (Side area) 
      Cumulative area ratio:   29.18
      Required ratio:    0.00 (Cumulative side area) 

    Layer: via2
      Partial area ratio:    0.32
      Required ratio:    6.00 (Gate area) 
      Cumulative area ratio:    0.90
      Required ratio:    0.00 (Cumulative area) 

    Layer: met3
      Partial area ratio:  198.13
      Required ratio:    0.00 (Gate area) 
      Cumulative area ratio:  204.46
      Required ratio:    0.00 (Cumulative area) 
      Partial area ratio: 1060.38
      Required ratio:  400.00 (Side area) (VIOLATED)
      Cumulative area ratio: 1089.56
      Required ratio:    0.00 (Cumulative side area) 

    Layer: via3
      Partial area ratio:    0.32
      Required ratio:    6.00 (Gate area) 
      Cumulative area ratio:    1.22
      Required ratio:    0.00 (Cumulative area) 

    Layer: met4
      Partial area ratio:   87.83
      Required ratio:    0.00 (Gate area) 
      Cumulative area ratio:  292.29
      Required ratio:    0.00 (Cumulative area) 
      Partial area ratio:  472.19
      Required ratio:  400.00 (Side area) (VIOLATED)
      Cumulative area ratio: 1561.75
      Required ratio:    0.00 (Cumulative side area) 



Net: dout\[30\]
  Pin:   _378_/A0 (sky130_fd_sc_hd__mux2_1)
    Layer: mcon
      Partial area ratio:    0.23
      Required ratio:    3.00 (Gate area) 
      Cumulative area ratio:    0.23
      Required ratio:    0.00 (Cumulative area) 

    Layer: met1
      Partial area ratio:   97.36
      Required ratio:    0.00 (Gate area) 
      Cumulative area ratio:   97.36
      Required ratio:    0.00 (Cumulative area) 
      Partial area ratio:  485.32
      Required ratio:  400.00 (Side area) (VIOLATED)
      Cumulative area ratio:  485.32
      Required ratio:    0.00 (Cumulative side area) 

    Layer: via
      Partial area ratio:    0.36
      Required ratio:    6.00 (Gate area) 
      Cumulative area ratio:    0.59
      Required ratio:    0.00 (Cumulative area) 

    Layer: met2
      Partial area ratio:    1.48
      Required ratio:    0.00 (Gate area) 
      Cumulative area ratio:   98.84
      Required ratio:    0.00 (Cumulative area) 
      Partial area ratio:    6.83
      Required ratio:  400.00 (Side area) 
      Cumulative area ratio:  492.15
      Required ratio:    0.00 (Cumulative side area) 

    Layer: via2
      Partial area ratio:    0.32
      Required ratio:    6.00 (Gate area) 
      Cumulative area ratio:    0.90
      Required ratio:    0.00 (Cumulative area) 

    Layer: met3
      Partial area ratio:   66.70
      Required ratio:    0.00 (Gate area) 
      Cumulative area ratio:  165.54
      Required ratio:    0.00 (Cumulative area) 
      Partial area ratio:  359.43
      Required ratio:  400.00 (Side area) 
      Cumulative area ratio:  851.58
      Required ratio:    0.00 (Cumulative side area) 

    Layer: via3
      Partial area ratio:    0.32
      Required ratio:    6.00 (Gate area) 
      Cumulative area ratio:    1.22
      Required ratio:    0.00 (Cumulative area) 

    Layer: met4
      Partial area ratio:   57.35
      Required ratio:    0.00 (Gate area) 
      Cumulative area ratio:  222.89
      Required ratio:    0.00 (Cumulative area) 
      Partial area ratio:  309.65
      Required ratio:  400.00 (Side area) 
      Cumulative area ratio: 1161.23
      Required ratio:    0.00 (Cumulative side area) 



Net: dout\[31\]
  Pin:   _374_/A0 (sky130_fd_sc_hd__mux2_1)
    Layer: mcon
      Partial area ratio:    0.23
      Required ratio:    3.00 (Gate area) 
      Cumulative area ratio:    0.23
      Required ratio:    0.00 (Cumulative area) 

    Layer: met1
      Partial area ratio:    6.91
      Required ratio:    0.00 (Gate area) 
      Cumulative area ratio:    6.91
      Required ratio:    0.00 (Cumulative area) 
      Partial area ratio:   33.09
      Required ratio:  400.00 (Side area) 
      Cumulative area ratio:   33.09
      Required ratio:    0.00 (Cumulative side area) 

    Layer: via
      Partial area ratio:    0.36
      Required ratio:    6.00 (Gate area) 
      Cumulative area ratio:    0.59
      Required ratio:    0.00 (Cumulative area) 

    Layer: met2
      Partial area ratio:    1.48
      Required ratio:    0.00 (Gate area) 
      Cumulative area ratio:    8.40
      Required ratio:    0.00 (Cumulative area) 
      Partial area ratio:    6.83
      Required ratio:  400.00 (Side area) 
      Cumulative area ratio:   39.93
      Required ratio:    0.00 (Cumulative side area) 

    Layer: via2
      Partial area ratio:    0.32
      Required ratio:    6.00 (Gate area) 
      Cumulative area ratio:    0.90
      Required ratio:    0.00 (Cumulative area) 

    Layer: met3
      Partial area ratio:  116.93
      Required ratio:    0.00 (Gate area) 
      Cumulative area ratio:  125.33
      Required ratio:    0.00 (Cumulative area) 
      Partial area ratio:  631.11
      Required ratio:  400.00 (Side area) (VIOLATED)
      Cumulative area ratio:  671.04
      Required ratio:    0.00 (Cumulative side area) 

    Layer: via3
      Partial area ratio:    0.32
      Required ratio:    6.00 (Gate area) 
      Cumulative area ratio:    1.22
      Required ratio:    0.00 (Cumulative area) 

    Layer: met4
      Partial area ratio:    0.86
      Required ratio:    0.00 (Gate area) 
      Cumulative area ratio:  126.19
      Required ratio:    0.00 (Cumulative area) 
      Partial area ratio:    8.38
      Required ratio:  400.00 (Side area) 
      Cumulative area ratio:  679.42
      Required ratio:    0.00 (Cumulative side area) 



Net: dout\[32\]
  Pin:   _370_/A0 (sky130_fd_sc_hd__mux2_1)
    Layer: li1
      Partial area ratio:    0.01
      Required ratio:    0.00 (Gate area) 
      Cumulative area ratio:    0.01
      Required ratio:    0.00 (Cumulative area) 
      Partial area ratio:    0.28
      Required ratio:   75.00 (Side area) 
      Cumulative area ratio:    0.28
      Required ratio:    0.00 (Cumulative side area) 

    Layer: mcon
      Partial area ratio:    0.23
      Required ratio:    3.00 (Gate area) 
      Cumulative area ratio:    0.23
      Required ratio:    0.00 (Cumulative area) 

    Layer: met1
      Partial area ratio:    0.66
      Required ratio:    0.00 (Gate area) 
      Cumulative area ratio:    0.67
      Required ratio:    0.00 (Cumulative area) 
      Partial area ratio:    3.22
      Required ratio:  400.00 (Side area) 
      Cumulative area ratio:    3.50
      Required ratio:    0.00 (Cumulative side area) 

    Layer: via
      Partial area ratio:    0.18
      Required ratio:    6.00 (Gate area) 
      Cumulative area ratio:    0.41
      Required ratio:    0.00 (Cumulative area) 

    Layer: met2
      Partial area ratio:    0.82
      Required ratio:    0.00 (Gate area) 
      Cumulative area ratio:    1.49
      Required ratio:    0.00 (Cumulative area) 
      Partial area ratio:    3.61
      Required ratio:  400.00 (Side area) 
      Cumulative area ratio:    7.11
      Required ratio:    0.00 (Cumulative side area) 

    Layer: via2
      Partial area ratio:    0.32
      Required ratio:    6.00 (Gate area) 
      Cumulative area ratio:    0.73
      Required ratio:    0.00 (Cumulative area) 

    Layer: met3
      Partial area ratio:  183.59
      Required ratio:    0.00 (Gate area) 
      Cumulative area ratio:  185.08
      Required ratio:    0.00 (Cumulative area) 
      Partial area ratio:  990.35
      Required ratio:  400.00 (Side area) (VIOLATED)
      Cumulative area ratio:  997.46
      Required ratio:    0.00 (Cumulative side area) 

    Layer: via3
      Partial area ratio:    0.32
      Required ratio:    6.00 (Gate area) 
      Cumulative area ratio:    1.04
      Required ratio:    0.00 (Cumulative area) 

    Layer: met4
      Partial area ratio:    0.86
      Required ratio:    0.00 (Gate area) 
      Cumulative area ratio:  185.94
      Required ratio:    0.00 (Cumulative area) 
      Partial area ratio:    8.38
      Required ratio:  400.00 (Side area) 
      Cumulative area ratio: 1005.84
      Required ratio:    0.00 (Cumulative side area) 



Net: dout\[3\]
  Pin:   _486_/A0 (sky130_fd_sc_hd__mux2_1)
    Layer: mcon
      Partial area ratio:    0.23
      Required ratio:    3.00 (Gate area) 
      Cumulative area ratio:    0.23
      Required ratio:    0.00 (Cumulative area) 

    Layer: met1
      Partial area ratio:   94.55
      Required ratio:    0.00 (Gate area) 
      Cumulative area ratio:   94.55
      Required ratio:    0.00 (Cumulative area) 
      Partial area ratio:  471.28
      Required ratio:  400.00 (Side area) (VIOLATED)
      Cumulative area ratio:  471.28
      Required ratio:    0.00 (Cumulative side area) 

    Layer: via
      Partial area ratio:    0.36
      Required ratio:    6.00 (Gate area) 
      Cumulative area ratio:    0.59
      Required ratio:    0.00 (Cumulative area) 

    Layer: met2
      Partial area ratio:   32.43
      Required ratio:    0.00 (Gate area) 
      Cumulative area ratio:  126.98
      Required ratio:    0.00 (Cumulative area) 
      Partial area ratio:  160.69
      Required ratio:  400.00 (Side area) 
      Cumulative area ratio:  631.97
      Required ratio:    0.00 (Cumulative side area) 

    Layer: via2
      Partial area ratio:    0.32
      Required ratio:    6.00 (Gate area) 
      Cumulative area ratio:    0.90
      Required ratio:    0.00 (Cumulative area) 

    Layer: met3
      Partial area ratio:    0.99
      Required ratio:    0.00 (Gate area) 
      Cumulative area ratio:  127.97
      Required ratio:    0.00 (Cumulative area) 
      Partial area ratio:    9.02
      Required ratio:  400.00 (Side area) 
      Cumulative area ratio:  640.99
      Required ratio:    0.00 (Cumulative side area) 

    Layer: via3
      Partial area ratio:    0.32
      Required ratio:    6.00 (Gate area) 
      Cumulative area ratio:    1.22
      Required ratio:    0.00 (Cumulative area) 

    Layer: met4
      Partial area ratio:    0.86
      Required ratio:    0.00 (Gate area) 
      Cumulative area ratio:  128.83
      Required ratio:    0.00 (Cumulative area) 
      Partial area ratio:    8.38
      Required ratio:  400.00 (Side area) 
      Cumulative area ratio:  649.37
      Required ratio:    0.00 (Cumulative side area) 



Net: dout\[8\]
  Pin:   _466_/A0 (sky130_fd_sc_hd__mux2_1)
    Layer: mcon
      Partial area ratio:    0.23
      Required ratio:    3.00 (Gate area) 
      Cumulative area ratio:    0.23
      Required ratio:    0.00 (Cumulative area) 

    Layer: met1
      Partial area ratio:   43.13
      Required ratio:    0.00 (Gate area) 
      Cumulative area ratio:   43.13
      Required ratio:    0.00 (Cumulative area) 
      Partial area ratio:  214.17
      Required ratio:  400.00 (Side area) 
      Cumulative area ratio:  214.17
      Required ratio:    0.00 (Cumulative side area) 

    Layer: via
      Partial area ratio:    0.36
      Required ratio:    6.00 (Gate area) 
      Cumulative area ratio:    0.59
      Required ratio:    0.00 (Cumulative area) 

    Layer: met2
      Partial area ratio:   17.09
      Required ratio:    0.00 (Gate area) 
      Cumulative area ratio:   60.22
      Required ratio:    0.00 (Cumulative area) 
      Partial area ratio:   84.03
      Required ratio:  400.00 (Side area) 
      Cumulative area ratio:  298.19
      Required ratio:    0.00 (Cumulative side area) 

    Layer: via2
      Partial area ratio:    0.32
      Required ratio:    6.00 (Gate area) 
      Cumulative area ratio:    0.90
      Required ratio:    0.00 (Cumulative area) 

    Layer: met3
      Partial area ratio:    0.99
      Required ratio:    0.00 (Gate area) 
      Cumulative area ratio:   61.21
      Required ratio:    0.00 (Cumulative area) 
      Partial area ratio:    9.02
      Required ratio:  400.00 (Side area) 
      Cumulative area ratio:  307.21
      Required ratio:    0.00 (Cumulative side area) 

    Layer: via3
      Partial area ratio:    0.32
      Required ratio:    6.00 (Gate area) 
      Cumulative area ratio:    1.22
      Required ratio:    0.00 (Cumulative area) 

    Layer: met4
      Partial area ratio:   77.54
      Required ratio:    0.00 (Gate area) 
      Cumulative area ratio:  138.75
      Required ratio:    0.00 (Cumulative area) 
      Partial area ratio:  417.33
      Required ratio:  400.00 (Side area) (VIOLATED)
      Cumulative area ratio:  724.54
      Required ratio:    0.00 (Cumulative side area) 



Net: scan_chain.scan_cells\[32\].scan_cell.data_out
  Pin:   _365_/A1 (sky130_fd_sc_hd__mux2_1)
    Layer: mcon
      Partial area ratio:    0.23
      Required ratio:    3.00 (Gate area) 
      Cumulative area ratio:    0.23
      Required ratio:    0.00 (Cumulative area) 

    Layer: met1
      Partial area ratio:  121.74
      Required ratio:    0.00 (Gate area) 
      Cumulative area ratio:  121.74
      Required ratio:    0.00 (Cumulative area) 
      Partial area ratio:  607.22
      Required ratio:  400.00 (Side area) (VIOLATED)
      Cumulative area ratio:  607.22
      Required ratio:    0.00 (Cumulative side area) 

    Layer: via
      Partial area ratio:    0.36
      Required ratio:    6.00 (Gate area) 
      Cumulative area ratio:    0.59
      Required ratio:    0.00 (Cumulative area) 

    Layer: met2
      Partial area ratio:    3.76
      Required ratio:    0.00 (Gate area) 
      Cumulative area ratio:  125.50
      Required ratio:    0.00 (Cumulative area) 
      Partial area ratio:   18.37
      Required ratio: 2771.60 (Side area) 
      Cumulative area ratio:  625.59
      Required ratio:    0.00 (Cumulative side area) 


  Pin:   _368_/A0 (sky130_fd_sc_hd__mux2_1)
    Layer: mcon
      Partial area ratio:    0.23
      Required ratio:    3.00 (Gate area) 
      Cumulative area ratio:    0.23
      Required ratio:    0.00 (Cumulative area) 

    Layer: met1
      Partial area ratio:   24.82
      Required ratio:    0.00 (Gate area) 
      Cumulative area ratio:   24.82
      Required ratio:    0.00 (Cumulative area) 
      Partial area ratio:  121.98
      Required ratio: 2771.60 (Side area) 
      Cumulative area ratio:  121.98
      Required ratio:    0.00 (Cumulative side area) 

    Layer: via
      Partial area ratio:    0.36
      Required ratio:   21.44 (Gate area) 
      Cumulative area ratio:    0.59
      Required ratio:    0.00 (Cumulative area) 

    Layer: met2
      Partial area ratio:    3.76
      Required ratio:    0.00 (Gate area) 
      Cumulative area ratio:   28.58
      Required ratio:    0.00 (Cumulative area) 
      Partial area ratio:   18.37
      Required ratio: 2771.60 (Side area) 
      Cumulative area ratio:  140.35
      Required ratio:    0.00 (Cumulative side area) 


  Pin:   _371_/A0 (sky130_fd_sc_hd__mux2_1)
    Layer: mcon
      Partial area ratio:    0.23
      Required ratio:    3.00 (Gate area) 
      Cumulative area ratio:    0.23
      Required ratio:    0.00 (Cumulative area) 

    Layer: met1
      Partial area ratio:   24.82
      Required ratio:    0.00 (Gate area) 
      Cumulative area ratio:   24.82
      Required ratio:    0.00 (Cumulative area) 
      Partial area ratio:  121.98
      Required ratio: 2771.60 (Side area) 
      Cumulative area ratio:  121.98
      Required ratio:    0.00 (Cumulative side area) 

    Layer: via
      Partial area ratio:    0.36
      Required ratio:   21.44 (Gate area) 
      Cumulative area ratio:    0.59
      Required ratio:    0.00 (Cumulative area) 

    Layer: met2
      Partial area ratio:    3.76
      Required ratio:    0.00 (Gate area) 
      Cumulative area ratio:   28.58
      Required ratio:    0.00 (Cumulative area) 
      Partial area ratio:   18.37
      Required ratio: 2771.60 (Side area) 
      Cumulative area ratio:  140.35
      Required ratio:    0.00 (Cumulative side area) 



Net: scan_chain.scan_cells\[53\].scan_cell.data_in
  Pin:   _302_/A1 (sky130_fd_sc_hd__mux2_1)
    Layer: mcon
      Partial area ratio:    0.23
      Required ratio:    3.00 (Gate area) 
      Cumulative area ratio:    0.23
      Required ratio:    0.00 (Cumulative area) 

    Layer: met1
      Partial area ratio:    4.62
      Required ratio:    0.00 (Gate area) 
      Cumulative area ratio:    4.62
      Required ratio:    0.00 (Cumulative area) 
      Partial area ratio:   21.61
      Required ratio:  400.00 (Side area) 
      Cumulative area ratio:   21.61
      Required ratio:    0.00 (Cumulative side area) 

    Layer: via
      Partial area ratio:    0.36
      Required ratio:    6.00 (Gate area) 
      Cumulative area ratio:    0.59
      Required ratio:    0.00 (Cumulative area) 

    Layer: met2
      Partial area ratio:   11.89
      Required ratio:    0.00 (Gate area) 
      Cumulative area ratio:   16.51
      Required ratio:    0.00 (Cumulative area) 
      Partial area ratio:   58.31
      Required ratio: 2778.20 (Side area) 
      Cumulative area ratio:   79.92
      Required ratio:    0.00 (Cumulative side area) 

    Layer: via2
      Partial area ratio:    0.11
      Required ratio:   22.04 (Gate area) 
      Cumulative area ratio:    0.69
      Required ratio:    0.00 (Cumulative area) 

    Layer: met3
      Partial area ratio:   33.19
      Required ratio:    0.00 (Gate area) 
      Cumulative area ratio:   49.69
      Required ratio:    0.00 (Cumulative area) 
      Partial area ratio:  178.22
      Required ratio: 2778.20 (Side area) 
      Cumulative area ratio:  258.14
      Required ratio:    0.00 (Cumulative side area) 

    Layer: via3
      Partial area ratio:    0.11
      Required ratio:   22.04 (Gate area) 
      Cumulative area ratio:    0.80
      Required ratio:    0.00 (Cumulative area) 

    Layer: met4
      Partial area ratio:    8.20
      Required ratio:    0.00 (Gate area) 
      Cumulative area ratio:   57.90
      Required ratio:    0.00 (Cumulative area) 
      Partial area ratio:   45.02
      Required ratio: 2778.20 (Side area) 
      Cumulative area ratio:  303.15
      Required ratio:    0.00 (Cumulative side area) 


  Pin:   _305_/A0 (sky130_fd_sc_hd__mux2_1)
    Layer: mcon
      Partial area ratio:    0.23
      Required ratio:    3.00 (Gate area) 
      Cumulative area ratio:    0.23
      Required ratio:    0.00 (Cumulative area) 

    Layer: met1
      Partial area ratio:  110.05
      Required ratio:    0.00 (Gate area) 
      Cumulative area ratio:  110.05
      Required ratio:    0.00 (Cumulative area) 
      Partial area ratio:  547.94
      Required ratio:  400.00 (Side area) (VIOLATED)
      Cumulative area ratio:  547.94
      Required ratio:    0.00 (Cumulative side area) 

    Layer: via
      Partial area ratio:    0.54
      Required ratio:    6.00 (Gate area) 
      Cumulative area ratio:    0.77
      Required ratio:    0.00 (Cumulative area) 

    Layer: met2
      Partial area ratio:   11.89
      Required ratio:    0.00 (Gate area) 
      Cumulative area ratio:  121.95
      Required ratio:    0.00 (Cumulative area) 
      Partial area ratio:   58.31
      Required ratio: 2778.20 (Side area) 
      Cumulative area ratio:  606.25
      Required ratio:    0.00 (Cumulative side area) 

    Layer: via2
      Partial area ratio:    0.11
      Required ratio:   22.04 (Gate area) 
      Cumulative area ratio:    0.87
      Required ratio:    0.00 (Cumulative area) 

    Layer: met3
      Partial area ratio:   33.19
      Required ratio:    0.00 (Gate area) 
      Cumulative area ratio:  155.13
      Required ratio:    0.00 (Cumulative area) 
      Partial area ratio:  178.22
      Required ratio: 2778.20 (Side area) 
      Cumulative area ratio:  784.47
      Required ratio:    0.00 (Cumulative side area) 

    Layer: via3
      Partial area ratio:    0.11
      Required ratio:   22.04 (Gate area) 
      Cumulative area ratio:    0.98
      Required ratio:    0.00 (Cumulative area) 

    Layer: met4
      Partial area ratio:    8.20
      Required ratio:    0.00 (Gate area) 
      Cumulative area ratio:  163.34
      Required ratio:    0.00 (Cumulative area) 
      Partial area ratio:   45.02
      Required ratio: 2778.20 (Side area) 
      Cumulative area ratio:  829.49
      Required ratio:    0.00 (Cumulative side area) 


  Pin:   _307_/A1 (sky130_fd_sc_hd__mux2_1)
    Layer: mcon
      Partial area ratio:    0.23
      Required ratio:    3.00 (Gate area) 
      Cumulative area ratio:    0.23
      Required ratio:    0.00 (Cumulative area) 

    Layer: met1
      Partial area ratio:    8.55
      Required ratio:    0.00 (Gate area) 
      Cumulative area ratio:    8.55
      Required ratio:    0.00 (Cumulative area) 
      Partial area ratio:   40.03
      Required ratio: 2778.20 (Side area) 
      Cumulative area ratio:   40.03
      Required ratio:    0.00 (Cumulative side area) 

    Layer: via
      Partial area ratio:    0.54
      Required ratio:   22.04 (Gate area) 
      Cumulative area ratio:    0.77
      Required ratio:    0.00 (Cumulative area) 

    Layer: met2
      Partial area ratio:   11.89
      Required ratio:    0.00 (Gate area) 
      Cumulative area ratio:   20.44
      Required ratio:    0.00 (Cumulative area) 
      Partial area ratio:   58.31
      Required ratio: 2778.20 (Side area) 
      Cumulative area ratio:   98.33
      Required ratio:    0.00 (Cumulative side area) 

    Layer: via2
      Partial area ratio:    0.11
      Required ratio:   22.04 (Gate area) 
      Cumulative area ratio:    0.87
      Required ratio:    0.00 (Cumulative area) 

    Layer: met3
      Partial area ratio:   33.19
      Required ratio:    0.00 (Gate area) 
      Cumulative area ratio:   53.63
      Required ratio:    0.00 (Cumulative area) 
      Partial area ratio:  178.22
      Required ratio: 2778.20 (Side area) 
      Cumulative area ratio:  276.56
      Required ratio:    0.00 (Cumulative side area) 

    Layer: via3
      Partial area ratio:    0.11
      Required ratio:   22.04 (Gate area) 
      Cumulative area ratio:    0.98
      Required ratio:    0.00 (Cumulative area) 

    Layer: met4
      Partial area ratio:    8.20
      Required ratio:    0.00 (Gate area) 
      Cumulative area ratio:   61.83
      Required ratio:    0.00 (Cumulative area) 
      Partial area ratio:   45.02
      Required ratio: 2778.20 (Side area) 
      Cumulative area ratio:  321.57
      Required ratio:    0.00 (Cumulative side area) 



Net: scan_chain.scan_cells\[61\].scan_cell.data_in
  Pin:   _278_/A1 (sky130_fd_sc_hd__mux2_1)
    Layer: mcon
      Partial area ratio:    0.23
      Required ratio:    3.00 (Gate area) 
      Cumulative area ratio:    0.23
      Required ratio:    0.00 (Cumulative area) 

    Layer: met1
      Partial area ratio:  187.92
      Required ratio:    0.00 (Gate area) 
      Cumulative area ratio:  187.92
      Required ratio:    0.00 (Cumulative area) 
      Partial area ratio:  937.28
      Required ratio:  400.00 (Side area) (VIOLATED)
      Cumulative area ratio:  937.28
      Required ratio:    0.00 (Cumulative side area) 

    Layer: via
      Partial area ratio:    0.54
      Required ratio:    6.00 (Gate area) 
      Cumulative area ratio:    0.77
      Required ratio:    0.00 (Cumulative area) 

    Layer: met2
      Partial area ratio:    9.41
      Required ratio:    0.00 (Gate area) 
      Cumulative area ratio:  197.33
      Required ratio:    0.00 (Cumulative area) 
      Partial area ratio:   45.69
      Required ratio: 2956.40 (Side area) 
      Cumulative area ratio:  982.97
      Required ratio:    0.00 (Cumulative side area) 

    Layer: via2
      Partial area ratio:    0.11
      Required ratio:   38.08 (Gate area) 
      Cumulative area ratio:    0.87
      Required ratio:    0.00 (Cumulative area) 

    Layer: met3
      Partial area ratio:   44.14
      Required ratio:    0.00 (Gate area) 
      Cumulative area ratio:  241.47
      Required ratio:    0.00 (Cumulative area) 
      Partial area ratio:  236.63
      Required ratio: 2956.40 (Side area) 
      Cumulative area ratio: 1219.61
      Required ratio:    0.00 (Cumulative side area) 

    Layer: via3
      Partial area ratio:    0.11
      Required ratio:   38.08 (Gate area) 
      Cumulative area ratio:    0.98
      Required ratio:    0.00 (Cumulative area) 

    Layer: met4
      Partial area ratio:    9.25
      Required ratio:    0.00 (Gate area) 
      Cumulative area ratio:  250.72
      Required ratio:    0.00 (Cumulative area) 
      Partial area ratio:   50.60
      Required ratio: 2956.40 (Side area) 
      Cumulative area ratio: 1270.21
      Required ratio:    0.00 (Cumulative side area) 


  Pin:   _281_/A0 (sky130_fd_sc_hd__mux2_1)
    Layer: mcon
      Partial area ratio:    0.23
      Required ratio:    3.00 (Gate area) 
      Cumulative area ratio:    0.23
      Required ratio:    0.00 (Cumulative area) 

    Layer: met1
      Partial area ratio:    8.08
      Required ratio:    0.00 (Gate area) 
      Cumulative area ratio:    8.08
      Required ratio:    0.00 (Cumulative area) 
      Partial area ratio:   38.75
      Required ratio:  400.00 (Side area) 
      Cumulative area ratio:   38.75
      Required ratio:    0.00 (Cumulative side area) 

    Layer: via
      Partial area ratio:    0.32
      Required ratio:    6.00 (Gate area) 
      Cumulative area ratio:    0.55
      Required ratio:    0.00 (Cumulative area) 

    Layer: met2
      Partial area ratio:    9.41
      Required ratio:    0.00 (Gate area) 
      Cumulative area ratio:   17.49
      Required ratio:    0.00 (Cumulative area) 
      Partial area ratio:   45.69
      Required ratio: 2956.40 (Side area) 
      Cumulative area ratio:   84.44
      Required ratio:    0.00 (Cumulative side area) 

    Layer: via2
      Partial area ratio:    0.11
      Required ratio:   38.08 (Gate area) 
      Cumulative area ratio:    0.66
      Required ratio:    0.00 (Cumulative area) 

    Layer: met3
      Partial area ratio:   44.14
      Required ratio:    0.00 (Gate area) 
      Cumulative area ratio:   61.63
      Required ratio:    0.00 (Cumulative area) 
      Partial area ratio:  236.63
      Required ratio: 2956.40 (Side area) 
      Cumulative area ratio:  321.08
      Required ratio:    0.00 (Cumulative side area) 

    Layer: via3
      Partial area ratio:    0.11
      Required ratio:   38.08 (Gate area) 
      Cumulative area ratio:    0.76
      Required ratio:    0.00 (Cumulative area) 

    Layer: met4
      Partial area ratio:    9.25
      Required ratio:    0.00 (Gate area) 
      Cumulative area ratio:   70.88
      Required ratio:    0.00 (Cumulative area) 
      Partial area ratio:   50.60
      Required ratio: 2956.40 (Side area) 
      Cumulative area ratio:  371.68
      Required ratio:    0.00 (Cumulative side area) 


  Pin:   _283_/A1 (sky130_fd_sc_hd__mux2_1)
    Layer: mcon
      Partial area ratio:    0.23
      Required ratio:    3.00 (Gate area) 
      Cumulative area ratio:    0.23
      Required ratio:    0.00 (Cumulative area) 

    Layer: met1
      Partial area ratio:    8.08
      Required ratio:    0.00 (Gate area) 
      Cumulative area ratio:    8.08
      Required ratio:    0.00 (Cumulative area) 
      Partial area ratio:   38.75
      Required ratio:  400.00 (Side area) 
      Cumulative area ratio:   38.75
      Required ratio:    0.00 (Cumulative side area) 

    Layer: via
      Partial area ratio:    0.32
      Required ratio:    6.00 (Gate area) 
      Cumulative area ratio:    0.55
      Required ratio:    0.00 (Cumulative area) 

    Layer: met2
      Partial area ratio:    9.41
      Required ratio:    0.00 (Gate area) 
      Cumulative area ratio:   17.49
      Required ratio:    0.00 (Cumulative area) 
      Partial area ratio:   45.69
      Required ratio: 2956.40 (Side area) 
      Cumulative area ratio:   84.44
      Required ratio:    0.00 (Cumulative side area) 

    Layer: via2
      Partial area ratio:    0.11
      Required ratio:   38.08 (Gate area) 
      Cumulative area ratio:    0.66
      Required ratio:    0.00 (Cumulative area) 

    Layer: met3
      Partial area ratio:   44.14
      Required ratio:    0.00 (Gate area) 
      Cumulative area ratio:   61.63
      Required ratio:    0.00 (Cumulative area) 
      Partial area ratio:  236.63
      Required ratio: 2956.40 (Side area) 
      Cumulative area ratio:  321.08
      Required ratio:    0.00 (Cumulative side area) 

    Layer: via3
      Partial area ratio:    0.11
      Required ratio:   38.08 (Gate area) 
      Cumulative area ratio:    0.76
      Required ratio:    0.00 (Cumulative area) 

    Layer: met4
      Partial area ratio:    9.25
      Required ratio:    0.00 (Gate area) 
      Cumulative area ratio:   70.88
      Required ratio:    0.00 (Cumulative area) 
      Partial area ratio:   50.60
      Required ratio: 2956.40 (Side area) 
      Cumulative area ratio:  371.68
      Required ratio:    0.00 (Cumulative side area) 



Net: scan_chain.scan_cells\[62\].scan_cell.data_in
  Pin:   _275_/A1 (sky130_fd_sc_hd__mux2_1)
    Layer: mcon
      Partial area ratio:    0.23
      Required ratio:    3.00 (Gate area) 
      Cumulative area ratio:    0.23
      Required ratio:    0.00 (Cumulative area) 

    Layer: met1
      Partial area ratio:   12.07
      Required ratio:    0.00 (Gate area) 
      Cumulative area ratio:   12.07
      Required ratio:    0.00 (Cumulative area) 
      Partial area ratio:   58.23
      Required ratio: 2956.40 (Side area) 
      Cumulative area ratio:   58.23
      Required ratio:    0.00 (Cumulative side area) 

    Layer: via
      Partial area ratio:    0.36
      Required ratio:   38.08 (Gate area) 
      Cumulative area ratio:    0.59
      Required ratio:    0.00 (Cumulative area) 

    Layer: met2
      Partial area ratio:    6.68
      Required ratio:    0.00 (Gate area) 
      Cumulative area ratio:   18.75
      Required ratio:    0.00 (Cumulative area) 
      Partial area ratio:   32.53
      Required ratio: 2956.40 (Side area) 
      Cumulative area ratio:   90.76
      Required ratio:    0.00 (Cumulative side area) 

    Layer: via2
      Partial area ratio:    0.11
      Required ratio:   38.08 (Gate area) 
      Cumulative area ratio:    0.69
      Required ratio:    0.00 (Cumulative area) 

    Layer: met3
      Partial area ratio:    0.33
      Required ratio:    0.00 (Gate area) 
      Cumulative area ratio:   19.08
      Required ratio:    0.00 (Cumulative area) 
      Partial area ratio:    3.01
      Required ratio: 2956.40 (Side area) 
      Cumulative area ratio:   93.76
      Required ratio:    0.00 (Cumulative side area) 

    Layer: via3
      Partial area ratio:    0.11
      Required ratio:   38.08 (Gate area) 
      Cumulative area ratio:    0.80
      Required ratio:    0.00 (Cumulative area) 

    Layer: met4
      Partial area ratio:    0.29
      Required ratio:    0.00 (Gate area) 
      Cumulative area ratio:   19.37
      Required ratio:    0.00 (Cumulative area) 
      Partial area ratio:    2.79
      Required ratio: 2956.40 (Side area) 
      Cumulative area ratio:   96.56
      Required ratio:    0.00 (Cumulative side area) 


  Pin:   _278_/A0 (sky130_fd_sc_hd__mux2_1)
    Layer: mcon
      Partial area ratio:    0.23
      Required ratio:    3.00 (Gate area) 
      Cumulative area ratio:    0.23
      Required ratio:    0.00 (Cumulative area) 

    Layer: met1
      Partial area ratio:   12.07
      Required ratio:    0.00 (Gate area) 
      Cumulative area ratio:   12.07
      Required ratio:    0.00 (Cumulative area) 
      Partial area ratio:   58.23
      Required ratio: 2956.40 (Side area) 
      Cumulative area ratio:   58.23
      Required ratio:    0.00 (Cumulative side area) 

    Layer: via
      Partial area ratio:    0.36
      Required ratio:   38.08 (Gate area) 
      Cumulative area ratio:    0.59
      Required ratio:    0.00 (Cumulative area) 

    Layer: met2
      Partial area ratio:    6.68
      Required ratio:    0.00 (Gate area) 
      Cumulative area ratio:   18.75
      Required ratio:    0.00 (Cumulative area) 
      Partial area ratio:   32.53
      Required ratio: 2956.40 (Side area) 
      Cumulative area ratio:   90.76
      Required ratio:    0.00 (Cumulative side area) 

    Layer: via2
      Partial area ratio:    0.11
      Required ratio:   38.08 (Gate area) 
      Cumulative area ratio:    0.69
      Required ratio:    0.00 (Cumulative area) 

    Layer: met3
      Partial area ratio:    0.33
      Required ratio:    0.00 (Gate area) 
      Cumulative area ratio:   19.08
      Required ratio:    0.00 (Cumulative area) 
      Partial area ratio:    3.01
      Required ratio: 2956.40 (Side area) 
      Cumulative area ratio:   93.76
      Required ratio:    0.00 (Cumulative side area) 

    Layer: via3
      Partial area ratio:    0.11
      Required ratio:   38.08 (Gate area) 
      Cumulative area ratio:    0.80
      Required ratio:    0.00 (Cumulative area) 

    Layer: met4
      Partial area ratio:    0.29
      Required ratio:    0.00 (Gate area) 
      Cumulative area ratio:   19.37
      Required ratio:    0.00 (Cumulative area) 
      Partial area ratio:    2.79
      Required ratio: 2956.40 (Side area) 
      Cumulative area ratio:   96.56
      Required ratio:    0.00 (Cumulative side area) 


  Pin:   _280_/A1 (sky130_fd_sc_hd__mux2_1)
    Layer: mcon
      Partial area ratio:    0.23
      Required ratio:    3.00 (Gate area) 
      Cumulative area ratio:    0.23
      Required ratio:    0.00 (Cumulative area) 

    Layer: met1
      Partial area ratio:  254.87
      Required ratio:    0.00 (Gate area) 
      Cumulative area ratio:  254.87
      Required ratio:    0.00 (Cumulative area) 
      Partial area ratio: 1272.00
      Required ratio:  400.00 (Side area) (VIOLATED)
      Cumulative area ratio: 1272.00
      Required ratio:    0.00 (Cumulative side area) 

    Layer: via
      Partial area ratio:    0.54
      Required ratio:    6.00 (Gate area) 
      Cumulative area ratio:    0.77
      Required ratio:    0.00 (Cumulative area) 

    Layer: met2
      Partial area ratio:    6.68
      Required ratio:    0.00 (Gate area) 
      Cumulative area ratio:  261.55
      Required ratio:    0.00 (Cumulative area) 
      Partial area ratio:   32.53
      Required ratio: 2956.40 (Side area) 
      Cumulative area ratio: 1304.53
      Required ratio:    0.00 (Cumulative side area) 

    Layer: via2
      Partial area ratio:    0.11
      Required ratio:   38.08 (Gate area) 
      Cumulative area ratio:    0.87
      Required ratio:    0.00 (Cumulative area) 

    Layer: met3
      Partial area ratio:    0.33
      Required ratio:    0.00 (Gate area) 
      Cumulative area ratio:  261.88
      Required ratio:    0.00 (Cumulative area) 
      Partial area ratio:    3.01
      Required ratio: 2956.40 (Side area) 
      Cumulative area ratio: 1307.53
      Required ratio:    0.00 (Cumulative side area) 

    Layer: via3
      Partial area ratio:    0.11
      Required ratio:   38.08 (Gate area) 
      Cumulative area ratio:    0.98
      Required ratio:    0.00 (Cumulative area) 

    Layer: met4
      Partial area ratio:    0.29
      Required ratio:    0.00 (Gate area) 
      Cumulative area ratio:  262.16
      Required ratio:    0.00 (Cumulative area) 
      Partial area ratio:    2.79
      Required ratio: 2956.40 (Side area) 
      Cumulative area ratio: 1310.33
      Required ratio:    0.00 (Cumulative side area) 



[INFO ANT-0002] Found 25 net violations.
[INFO ANT-0001] Found 25 pin violations.
