
===========================================================================
report_checks -unconstrained
===========================================================================
======================= min_ff_n40C_1v95 Corner ===================================

Startpoint: rst_n (input port clocked by sclkb)
Endpoint: _513_ (recovery check against rising-edge clock sclkb)
Path Group: asynchronous
Path Type: max

Fanout         Cap        Slew       Delay        Time   Description
---------------------------------------------------------------------------------------------
                                  0.000000    0.000000   clock sclkb (rise edge)
                                  0.000000    0.000000   clock network delay (propagated)
                                  0.000000    0.000000 ^ input external delay
     1    0.002858    0.014124    0.007371    0.007371 ^ rst_n (in)
                                                         rst_n (net)
                      0.014124    0.000000    0.007371 ^ hold1/A (sky130_fd_sc_hd__dlygate4sd3_1)
     1    0.003763    0.044031    0.373046    0.380417 ^ hold1/X (sky130_fd_sc_hd__dlygate4sd3_1)
                                                         net78 (net)
                      0.044031    0.000048    0.380465 ^ input1/A (sky130_fd_sc_hd__clkbuf_1)
     1    0.002742    0.031821    0.053986    0.434451 ^ input1/X (sky130_fd_sc_hd__clkbuf_1)
                                                         net1 (net)
                      0.031821    0.000031    0.434482 ^ hold2/A (sky130_fd_sc_hd__dlygate4sd3_1)
     1    0.003953    0.045301    0.378111    0.812592 ^ hold2/X (sky130_fd_sc_hd__dlygate4sd3_1)
                                                         net79 (net)
                      0.045301    0.000042    0.812634 ^ fanout55/A (sky130_fd_sc_hd__clkbuf_2)
     5    0.033858    0.143464    0.148979    0.961613 ^ fanout55/X (sky130_fd_sc_hd__clkbuf_2)
                                                         net55 (net)
                      0.143467    0.000550    0.962163 ^ fanout54/A (sky130_fd_sc_hd__buf_4)
     6    0.062873    0.133995    0.165084    1.127247 ^ fanout54/X (sky130_fd_sc_hd__buf_4)
                                                         net54 (net)
                      0.134132    0.003583    1.130830 ^ fanout53/A (sky130_fd_sc_hd__buf_2)
     6    0.045501    0.168084    0.186991    1.317822 ^ fanout53/X (sky130_fd_sc_hd__buf_2)
                                                         net53 (net)
                      0.168084    0.000091    1.317913 ^ fanout52/A (sky130_fd_sc_hd__clkbuf_4)
    10    0.052226    0.123108    0.186170    1.504083 ^ fanout52/X (sky130_fd_sc_hd__clkbuf_4)
                                                         net52 (net)
                      0.123173    0.000951    1.505034 ^ fanout51/A (sky130_fd_sc_hd__clkbuf_4)
    10    0.046679    0.111089    0.170755    1.675789 ^ fanout51/X (sky130_fd_sc_hd__clkbuf_4)
                                                         net51 (net)
                      0.111093    0.000840    1.676630 ^ _513_/RESET_B (sky130_fd_sc_hd__dfrtp_4)
                                              1.676630   data arrival time

                               10000.000000 10000.000000   clock sclkb (rise edge)
                                  0.000000 10000.000000   clock source latency
     1    0.022623    0.080437    0.055479 10000.055664 ^ ui_in[4] (in)
                                                         ui_in[4] (net)
                      0.080453    0.000000 10000.055664 ^ clkbuf_0_ui_in[4]/A (sky130_fd_sc_hd__clkbuf_16)
     8    0.122260    0.105805    0.152795 10000.208008 ^ clkbuf_0_ui_in[4]/X (sky130_fd_sc_hd__clkbuf_16)
                                                         clknet_0_ui_in[4] (net)
                      0.106745    0.008185 10000.216797 ^ clkbuf_3_4__f_ui_in[4]/A (sky130_fd_sc_hd__clkbuf_16)
     8    0.040532    0.046031    0.117325 10000.333984 ^ clkbuf_3_4__f_ui_in[4]/X (sky130_fd_sc_hd__clkbuf_16)
                                                         clknet_3_4__leaf_ui_in[4] (net)
                      0.046277    0.001819 10000.335938 ^ _513_/CLK (sky130_fd_sc_hd__dfrtp_4)
                                 -0.250000 10000.085938   clock uncertainty
                                  0.000000 10000.085938   clock reconvergence pessimism
                                  0.108282 10000.193359   library recovery time
                                           10000.193359   data required time
---------------------------------------------------------------------------------------------
                                           10000.193359   data required time
                                             -1.676630   data arrival time
---------------------------------------------------------------------------------------------
                                           9998.517578   slack (MET)


Startpoint: _508_ (rising edge-triggered flip-flop clocked by sclka)
Endpoint: _508_ (rising edge-triggered flip-flop clocked by sclka)
Path Group: sclka
Path Type: max

Fanout         Cap        Slew       Delay        Time   Description
---------------------------------------------------------------------------------------------
                                  0.000000    0.000000   clock sclka (rise edge)
                                  0.000000    0.000000   clock source latency
     1    0.017958    0.064943    0.044236    0.044236 ^ ui_in[3] (in)
                                                         ui_in[3] (net)
                      0.064950    0.000000    0.044236 ^ clkbuf_0_ui_in[3]/A (sky130_fd_sc_hd__clkbuf_16)
     8    0.118695    0.103020    0.146934    0.191170 ^ clkbuf_0_ui_in[3]/X (sky130_fd_sc_hd__clkbuf_16)
                                                         clknet_0_ui_in[3] (net)
                      0.103232    0.003836    0.195006 ^ clkbuf_3_2__f_ui_in[3]/A (sky130_fd_sc_hd__clkbuf_16)
    11    0.045124    0.049268    0.119396    0.314403 ^ clkbuf_3_2__f_ui_in[3]/X (sky130_fd_sc_hd__clkbuf_16)
                                                         clknet_3_2__leaf_ui_in[3] (net)
                      0.049327    0.001447    0.315850 ^ _508_/CLK (sky130_fd_sc_hd__dfrtp_1)
     2    0.006285    0.038971    0.239785    0.555634 v _508_/Q (sky130_fd_sc_hd__dfrtp_1)
                                                         scan_chain.scan_cells[67].scan_cell.primary_ff (net)
                      0.038971    0.000095    0.555729 v hold89/A (sky130_fd_sc_hd__dlygate4sd3_1)
     1    0.003366    0.040641    0.366352    0.922082 v hold89/X (sky130_fd_sc_hd__dlygate4sd3_1)
                                                         net166 (net)
                      0.040641    0.000045    0.922126 v _264_/A0 (sky130_fd_sc_hd__mux2_1)
     1    0.004397    0.044263    0.152281    1.074407 v _264_/X (sky130_fd_sc_hd__mux2_1)
                                                         _034_ (net)
                      0.044263    0.000070    1.074478 v _508_/D (sky130_fd_sc_hd__dfrtp_1)
                                              1.074478   data arrival time

                               10000.000000 10000.000000   clock sclka (rise edge)
                                  0.000000 10000.000000   clock source latency
     1    0.017958    0.064943    0.044565 10000.044922 ^ ui_in[3] (in)
                                                         ui_in[3] (net)
                      0.064950    0.000000 10000.044922 ^ clkbuf_0_ui_in[3]/A (sky130_fd_sc_hd__clkbuf_16)
     8    0.118695    0.103020    0.146429 10000.191406 ^ clkbuf_0_ui_in[3]/X (sky130_fd_sc_hd__clkbuf_16)
                                                         clknet_0_ui_in[3] (net)
                      0.103232    0.003638 10000.194336 ^ clkbuf_3_2__f_ui_in[3]/A (sky130_fd_sc_hd__clkbuf_16)
    11    0.045124    0.049268    0.120053 10000.314453 ^ clkbuf_3_2__f_ui_in[3]/X (sky130_fd_sc_hd__clkbuf_16)
                                                         clknet_3_2__leaf_ui_in[3] (net)
                      0.049327    0.000909 10000.315430 ^ _508_/CLK (sky130_fd_sc_hd__dfrtp_1)
                                 -0.250000 10000.065430   clock uncertainty
                                  0.000000 10000.065430   clock reconvergence pessimism
                                 -0.075154 9999.990234   library setup time
                                           9999.990234   data required time
---------------------------------------------------------------------------------------------
                                           9999.990234   data required time
                                             -1.074478   data arrival time
---------------------------------------------------------------------------------------------
                                           9998.916016   slack (MET)


Startpoint: ui_in[1] (input port clocked by sclkb)
Endpoint: _501_ (rising edge-triggered flip-flop clocked by sclkb)
Path Group: sclkb
Path Type: max

Fanout         Cap        Slew       Delay        Time   Description
---------------------------------------------------------------------------------------------
                                  0.000000    0.000000   clock sclkb (rise edge)
                                  0.000000    0.000000   clock network delay (propagated)
                                  0.000000    0.000000 ^ input external delay
     1    0.002618    0.013270    0.006742    0.006742 ^ ui_in[1] (in)
                                                         ui_in[1] (net)
                      0.013270    0.000000    0.006742 ^ hold3/A (sky130_fd_sc_hd__dlygate4sd3_1)
     1    0.002537    0.035714    0.364991    0.371733 ^ hold3/X (sky130_fd_sc_hd__dlygate4sd3_1)
                                                         net80 (net)
                      0.035714    0.000021    0.371754 ^ input3/A (sky130_fd_sc_hd__clkbuf_2)
     4    0.028769    0.122960    0.132308    0.504062 ^ input3/X (sky130_fd_sc_hd__clkbuf_2)
                                                         net3 (net)
                      0.122963    0.000513    0.504575 ^ fanout36/A (sky130_fd_sc_hd__buf_4)
     7    0.070748    0.149215    0.173371    0.677946 ^ fanout36/X (sky130_fd_sc_hd__buf_4)
                                                         net36 (net)
                      0.149512    0.005524    0.683470 ^ fanout35/A (sky130_fd_sc_hd__buf_2)
     7    0.045621    0.168518    0.188860    0.872330 ^ fanout35/X (sky130_fd_sc_hd__buf_2)
                                                         net35 (net)
                      0.168519    0.000329    0.872659 ^ fanout34/A (sky130_fd_sc_hd__clkbuf_4)
    10    0.062649    0.145384    0.202550    1.075209 ^ fanout34/X (sky130_fd_sc_hd__clkbuf_4)
                                                         net34 (net)
                      0.145386    0.000905    1.076114 ^ _252_/B (sky130_fd_sc_hd__nand2_2)
     3    0.035421    0.108550    0.108030    1.184144 v _252_/Y (sky130_fd_sc_hd__nand2_2)
                                                         _145_ (net)
                      0.108556    0.000727    1.184872 v fanout6/A (sky130_fd_sc_hd__clkbuf_4)
    10    0.059215    0.087829    0.181483    1.366354 v fanout6/X (sky130_fd_sc_hd__clkbuf_4)
                                                         net6 (net)
                      0.087911    0.002430    1.368784 v fanout5/A (sky130_fd_sc_hd__clkbuf_4)
    10    0.052684    0.079480    0.166141    1.534925 v fanout5/X (sky130_fd_sc_hd__clkbuf_4)
                                                         net5 (net)
                      0.079480    0.000398    1.535323 v _253_/S (sky130_fd_sc_hd__mux2_1)
     1    0.002446    0.036656    0.191130    1.726453 v _253_/X (sky130_fd_sc_hd__mux2_1)
                                                         _027_ (net)
                      0.036656    0.000021    1.726474 v _501_/D (sky130_fd_sc_hd__dfrtp_4)
                                              1.726474   data arrival time

                               10000.000000 10000.000000   clock sclkb (rise edge)
                                  0.000000 10000.000000   clock source latency
     1    0.022623    0.080437    0.055479 10000.055664 ^ ui_in[4] (in)
                                                         ui_in[4] (net)
                      0.080453    0.000000 10000.055664 ^ clkbuf_0_ui_in[4]/A (sky130_fd_sc_hd__clkbuf_16)
     8    0.122260    0.105805    0.152795 10000.208008 ^ clkbuf_0_ui_in[4]/X (sky130_fd_sc_hd__clkbuf_16)
                                                         clknet_0_ui_in[4] (net)
                      0.106233    0.005457 10000.213867 ^ clkbuf_3_2__f_ui_in[4]/A (sky130_fd_sc_hd__clkbuf_16)
    12    0.037820    0.044202    0.116415 10000.330078 ^ clkbuf_3_2__f_ui_in[4]/X (sky130_fd_sc_hd__clkbuf_16)
                                                         clknet_3_2__leaf_ui_in[4] (net)
                      0.044233    0.000909 10000.331055 ^ _501_/CLK (sky130_fd_sc_hd__dfrtp_4)
                                 -0.250000 10000.081055   clock uncertainty
                                  0.000000 10000.081055   clock reconvergence pessimism
                                 -0.073010 10000.007812   library setup time
                                           10000.007812   data required time
---------------------------------------------------------------------------------------------
                                           10000.007812   data required time
                                             -1.726474   data arrival time
---------------------------------------------------------------------------------------------
                                           9998.282227   slack (MET)




===========================================================================
report_checks --slack_max -0.01
============================================================================
======================= min_ff_n40C_1v95 Corner ===================================

No paths found.


===========================================================================
 report_check_types -max_slew -max_cap -max_fanout -violators
============================================================================
======================= min_ff_n40C_1v95 Corner ===================================

max fanout

Pin                                   Limit Fanout  Slack
---------------------------------------------------------
clkbuf_3_3__f_ui_in[3]/X                 10     13     -3 (VIOLATED)
clkbuf_3_2__f_ui_in[4]/X                 10     12     -2 (VIOLATED)
clkbuf_3_3__f_ui_in[4]/X                 10     12     -2 (VIOLATED)
clkbuf_3_6__f_ui_in[3]/X                 10     12     -2 (VIOLATED)
clkbuf_3_2__f_ui_in[3]/X                 10     11        (VIOLATED)
clkbuf_3_7__f_ui_in[4]/X                 10     11        (VIOLATED)



===========================================================================
report_parasitic_annotation -report_unannotated
============================================================================
Found 42 unannotated drivers.
 clk
 ena
 uio_in[4]
 uio_in[5]
 uio_in[6]
 uio_in[7]
 clkload0/Y
 clkload1/Y
 clkload10/Y
 clkload11/Y
 clkload12/Y
 clkload13/X
 clkload2/Y
 clkload3/Y
 clkload4/Y
 clkload5/X
 clkload6/Y
 clkload7/Y
 clkload8/Y
 clkload9/X
 tt_um_openram_top_56/HI
 tt_um_openram_top_57/HI
 tt_um_openram_top_58/HI
 tt_um_openram_top_59/HI
 tt_um_openram_top_60/HI
 tt_um_openram_top_61/HI
 tt_um_openram_top_62/HI
 tt_um_openram_top_63/HI
 tt_um_openram_top_64/HI
 tt_um_openram_top_65/HI
 tt_um_openram_top_66/HI
 tt_um_openram_top_67/HI
 tt_um_openram_top_68/HI
 tt_um_openram_top_69/HI
 tt_um_openram_top_70/HI
 tt_um_openram_top_71/HI
 tt_um_openram_top_72/HI
 tt_um_openram_top_73/HI
 tt_um_openram_top_74/HI
 tt_um_openram_top_75/HI
 tt_um_openram_top_76/HI
 tt_um_openram_top_77/HI
Found 42 partially unannotated drivers.
 uio_in[0]
  SRAM/wmask0[3]
 uio_in[1]
  SRAM/wmask0[2]
 uio_in[2]
  SRAM/wmask0[1]
 uio_in[3]
  SRAM/wmask0[0]
 _501_/Q
  SRAM/addr0[0]
 _503_/Q
  SRAM/addr0[1]
 _505_/Q
  SRAM/addr0[2]
 _507_/Q
  SRAM/addr0[3]
 _509_/Q
  SRAM/addr0[4]
 _511_/Q
  SRAM/addr0[5]
 _513_/Q
  SRAM/din0[0]
 _515_/Q
  SRAM/din0[1]
 _517_/Q
  SRAM/din0[2]
 _519_/Q
  SRAM/din0[3]
 _521_/Q
  SRAM/din0[4]
 _523_/Q
  SRAM/din0[5]
 _525_/Q
  SRAM/din0[6]
 _527_/Q
  SRAM/din0[7]
 _529_/Q
  SRAM/din0[8]
 _531_/Q
  SRAM/din0[9]
 _533_/Q
  SRAM/din0[10]
 _535_/Q
  SRAM/din0[11]
 _537_/Q
  SRAM/din0[12]
 _539_/Q
  SRAM/din0[13]
 _541_/Q
  SRAM/din0[14]
 _543_/Q
  SRAM/din0[15]
 _547_/Q
  SRAM/din0[17]
 _549_/Q
  SRAM/din0[18]
 _551_/Q
  SRAM/din0[19]
 _553_/Q
  SRAM/din0[20]
 _555_/Q
  SRAM/din0[21]
 _557_/Q
  SRAM/din0[22]
 _559_/Q
  SRAM/din0[23]
 _561_/Q
  SRAM/din0[24]
 _563_/Q
  SRAM/din0[25]
 _565_/Q
  SRAM/din0[26]
 _567_/Q
  SRAM/din0[27]
 _569_/Q
  SRAM/din0[28]
 _571_/Q
  SRAM/din0[29]
 _573_/Q
  SRAM/din0[30]
 _575_/Q
  SRAM/din0[31]
 _577_/Q
  SRAM/din0[32]

===========================================================================
max slew violation count 0
max fanout violation count 6
max cap violation count 0
============================================================================

===========================================================================
check_setup -verbose -unconstrained_endpoints -multiple_clock -no_clock -no_input_delay -loops -generated_clocks
===========================================================================
Warning: There are 22 unconstrained endpoints.
  uio_oe[0]
  uio_oe[1]
  uio_oe[2]
  uio_oe[3]
  uio_oe[4]
  uio_oe[5]
  uio_oe[6]
  uio_oe[7]
  uio_out[0]
  uio_out[1]
  uio_out[2]
  uio_out[3]
  uio_out[4]
  uio_out[5]
  uio_out[6]
  uio_out[7]
  uo_out[2]
  uo_out[3]
  uo_out[4]
  uo_out[5]
  uo_out[6]
  uo_out[7]
