Clock: sclka
Sources: ui_in[3] 
Generated: no
Virtual: yes
Propagated: no
Period: 10000.000000

===========================================================================
report_clock_properties
============================================================================
Clock                   Period          Waveform
----------------------------------------------------
sclka               10000.000000    0.0000005000.000000

===========================================================================
report_clock_latency
============================================================================
Clock sclka
rise -> rise
    min     max
0.000000 0.000000 source latency
0.319408         network latency _547_/CLK
        0.333295 network latency _618_/CLK
---------------
0.319408 0.333295 latency
        0.013887 skew

rise -> fall
    min     max
0.000000 0.000000 source latency
0.279685         network latency _547_/CLK
        0.287726 network latency _621_/CLK
---------------
0.279685 0.287726 latency
        0.008040 skew

fall -> fall
    min     max
0.000000 0.000000 source latency
0.283308         network latency _556_/CLK
        0.292403 network latency _618_/CLK
---------------
0.283308 0.292403 latency
        0.009095 skew



===========================================================================
report_clock_min_period
============================================================================
sclka period_min = 1.10 fmax = 913.22
Clock: sclkb
Sources: ui_in[4] 
Generated: no
Virtual: yes
Propagated: no
Period: 10000.000000

===========================================================================
report_clock_properties
============================================================================
Clock                   Period          Waveform
----------------------------------------------------
sclkb               10000.000000    0.0000005000.000000

===========================================================================
report_clock_latency
============================================================================
Clock sclkb
rise -> rise
    min     max
0.000000 0.000000 source latency
0.319408         network latency _547_/CLK
        0.333295 network latency _618_/CLK
---------------
0.319408 0.333295 latency
        0.013887 skew

rise -> fall
    min     max
0.000000 0.000000 source latency
0.283635         network latency _608_/CLK
        0.292101 network latency _618_/CLK
---------------
0.283635 0.292101 latency
        0.008466 skew

fall -> fall
    min     max
0.000000 0.000000 source latency
0.280124         network latency _547_/CLK
        0.287855 network latency _621_/CLK
---------------
0.280124 0.287855 latency
        0.007731 skew



===========================================================================
report_clock_min_period
============================================================================
sclkb period_min = 1.11 fmax = 899.76
