Clock: sclka
Sources: ui_in[3] 
Generated: no
Virtual: yes
Propagated: no
Period: 10000.000000

===========================================================================
report_clock_properties
============================================================================
Clock                   Period          Waveform
----------------------------------------------------
sclka               10000.000000    0.0000005000.000000

===========================================================================
report_clock_latency
============================================================================
Clock sclka
rise -> rise
    min     max
0.000000 0.000000 source latency
0.316230         network latency _546_/CLK
        0.339746 network latency _621_/CLK
---------------
0.316230 0.339746 latency
        0.023516 skew

rise -> fall
    min     max
0.000000 0.000000 source latency
0.286860         network latency _611_/CLK
        0.294325 network latency _621_/CLK
---------------
0.286860 0.294325 latency
        0.007464 skew

fall -> fall
    min     max
0.000000 0.000000 source latency
0.279215         network latency _546_/CLK
        0.288310 network latency _592_/CLK
---------------
0.279215 0.288310 latency
        0.009095 skew



===========================================================================
report_clock_min_period
============================================================================
sclka period_min = 1.10 fmax = 908.69
Clock: sclkb
Sources: ui_in[4] 
Generated: no
Virtual: yes
Propagated: no
Period: 10000.000000

===========================================================================
report_clock_properties
============================================================================
Clock                   Period          Waveform
----------------------------------------------------
sclkb               10000.000000    0.0000005000.000000

===========================================================================
report_clock_latency
============================================================================
Clock sclkb
rise -> rise
    min     max
0.000000 0.000000 source latency
0.316230         network latency _546_/CLK
        0.339746 network latency _621_/CLK
---------------
0.316230 0.339746 latency
        0.023516 skew

rise -> fall
    min     max
0.000000 0.000000 source latency
0.279017         network latency _546_/CLK
        0.288609 network latency _618_/CLK
---------------
0.279017 0.288609 latency
        0.009592 skew

fall -> fall
    min     max
0.000000 0.000000 source latency
0.286491         network latency _611_/CLK
        0.294222 network latency _593_/CLK
---------------
0.286491 0.294222 latency
        0.007731 skew



===========================================================================
report_clock_min_period
============================================================================
sclkb period_min = 1.12 fmax = 890.29
