
===========================================================================
 report_power
============================================================================
======================= min_ff_n40C_1v95 Corner ===================================

Group                    Internal    Switching      Leakage        Total
                            Power        Power        Power        Power (Watts)
------------------------------------------------------------------------
Sequential           8.353181e-07 1.336194e-07 2.537560e-09 9.714751e-07  43.2%
Combinational        3.090407e-07 1.460007e-07 4.703586e-09 4.597450e-07  20.4%
Clock                4.746111e-07 3.420147e-07 3.320204e-09 8.199460e-07  36.4%
Macro                0.000000e+00 0.000000e+00 0.000000e+00 0.000000e+00   0.0%
Pad                  0.000000e+00 0.000000e+00 0.000000e+00 0.000000e+00   0.0%
------------------------------------------------------------------------
Total                1.618970e-06 6.216347e-07 1.056136e-08 2.251166e-06 100.0%
                            71.9%        27.6%         0.5%

