
===========================================================================
report_checks -unconstrained
===========================================================================
======================= nom_tt_025C_1v80 Corner ===================================

Startpoint: rst_n (input port clocked by sclkb)
Endpoint: _513_ (recovery check against rising-edge clock sclkb)
Path Group: asynchronous
Path Type: max

Fanout         Cap        Slew       Delay        Time   Description
---------------------------------------------------------------------------------------------
                                  0.000000    0.000000   clock sclkb (rise edge)
                                  0.000000    0.000000   clock network delay (propagated)
                                  0.000000    0.000000 ^ input external delay
     1    0.002499    0.019089    0.009241    0.009241 ^ rst_n (in)
                                                         rst_n (net)
                      0.019089    0.000000    0.009241 ^ input1/A (sky130_fd_sc_hd__clkbuf_1)
     1    0.002731    0.044897    0.071041    0.080282 ^ input1/X (sky130_fd_sc_hd__clkbuf_1)
                                                         net1 (net)
                      0.044897    0.000007    0.080289 ^ fanout55/A (sky130_fd_sc_hd__clkbuf_2)
     5    0.020823    0.118886    0.158233    0.238522 ^ fanout55/X (sky130_fd_sc_hd__clkbuf_2)
                                                         net55 (net)
                      0.118886    0.000131    0.238652 ^ fanout54/A (sky130_fd_sc_hd__buf_4)
     6    0.042134    0.122781    0.196636    0.435289 ^ fanout54/X (sky130_fd_sc_hd__buf_4)
                                                         net54 (net)
                      0.122804    0.001400    0.436689 ^ fanout53/A (sky130_fd_sc_hd__buf_2)
     6    0.033460    0.166926    0.223590    0.660279 ^ fanout53/X (sky130_fd_sc_hd__buf_2)
                                                         net53 (net)
                      0.166926    0.000008    0.660287 ^ fanout52/A (sky130_fd_sc_hd__clkbuf_4)
    10    0.044563    0.141548    0.249952    0.910239 ^ fanout52/X (sky130_fd_sc_hd__clkbuf_4)
                                                         net52 (net)
                      0.141548    0.000434    0.910673 ^ fanout51/A (sky130_fd_sc_hd__clkbuf_4)
    10    0.043023    0.136979    0.238657    1.149330 ^ fanout51/X (sky130_fd_sc_hd__clkbuf_4)
                                                         net51 (net)
                      0.136979    0.000203    1.149532 ^ _513_/RESET_B (sky130_fd_sc_hd__dfrtp_4)
                                              1.149532   data arrival time

                               10000.000000 10000.000000   clock sclkb (rise edge)
                                  0.000000 10000.000000   clock source latency
     1    0.015667    0.076404    0.051841 10000.051758 ^ ui_in[4] (in)
                                                         ui_in[4] (net)
                      0.076411    0.000000 10000.051758 ^ clkbuf_0_ui_in[4]/A (sky130_fd_sc_hd__clkbuf_16)
     8    0.091862    0.107917    0.190994 10000.243164 ^ clkbuf_0_ui_in[4]/X (sky130_fd_sc_hd__clkbuf_16)
                                                         clknet_0_ui_in[4] (net)
                      0.108164    0.003638 10000.246094 ^ clkbuf_3_4__f_ui_in[4]/A (sky130_fd_sc_hd__clkbuf_16)
     8    0.030835    0.051792    0.158252 10000.404297 ^ clkbuf_3_4__f_ui_in[4]/X (sky130_fd_sc_hd__clkbuf_16)
                                                         clknet_3_4__leaf_ui_in[4] (net)
                      0.051796    0.000909 10000.405273 ^ _513_/CLK (sky130_fd_sc_hd__dfrtp_4)
                                 -0.250000 10000.155273   clock uncertainty
                                  0.000000 10000.155273   clock reconvergence pessimism
                                  0.189548 10000.344727   library recovery time
                                           10000.344727   data required time
---------------------------------------------------------------------------------------------
                                           10000.344727   data required time
                                             -1.149532   data arrival time
---------------------------------------------------------------------------------------------
                                           9999.195312   slack (MET)


Startpoint: _500_ (rising edge-triggered flip-flop clocked by sclka)
Endpoint: _500_ (rising edge-triggered flip-flop clocked by sclka)
Path Group: sclka
Path Type: max

Fanout         Cap        Slew       Delay        Time   Description
---------------------------------------------------------------------------------------------
                                  0.000000    0.000000   clock sclka (rise edge)
                                  0.000000    0.000000   clock source latency
     1    0.014683    0.072018    0.049134    0.049134 ^ ui_in[3] (in)
                                                         ui_in[3] (net)
                      0.072023    0.000000    0.049134 ^ clkbuf_0_ui_in[3]/A (sky130_fd_sc_hd__clkbuf_16)
     8    0.091661    0.107727    0.189176    0.238310 ^ clkbuf_0_ui_in[3]/X (sky130_fd_sc_hd__clkbuf_16)
                                                         clknet_0_ui_in[3] (net)
                      0.107812    0.001522    0.239832 ^ clkbuf_3_0__f_ui_in[3]/A (sky130_fd_sc_hd__clkbuf_16)
     9    0.031091    0.052085    0.158410    0.398242 ^ clkbuf_3_0__f_ui_in[3]/X (sky130_fd_sc_hd__clkbuf_16)
                                                         clknet_3_0__leaf_ui_in[3] (net)
                      0.052085    0.000030    0.398272 ^ _500_/CLK (sky130_fd_sc_hd__dfrtp_1)
     2    0.004507    0.048757    0.365695    0.763966 v _500_/Q (sky130_fd_sc_hd__dfrtp_1)
                                                         scan_chain.scan_cells[9].scan_cell.primary_ff (net)
                      0.048757    0.000010    0.763977 v _251_/A0 (sky130_fd_sc_hd__mux2_1)
     1    0.002476    0.054893    0.274623    1.038600 v _251_/X (sky130_fd_sc_hd__mux2_1)
                                                         _026_ (net)
                      0.054893    0.000008    1.038608 v _500_/D (sky130_fd_sc_hd__dfrtp_1)
                                              1.038608   data arrival time

                               10000.000000 10000.000000   clock sclka (rise edge)
                                  0.000000 10000.000000   clock source latency
     1    0.014683    0.072018    0.049113 10000.048828 ^ ui_in[3] (in)
                                                         ui_in[3] (net)
                      0.072023    0.000000 10000.048828 ^ clkbuf_0_ui_in[3]/A (sky130_fd_sc_hd__clkbuf_16)
     8    0.091661    0.107727    0.189175 10000.238281 ^ clkbuf_0_ui_in[3]/X (sky130_fd_sc_hd__clkbuf_16)
                                                         clknet_0_ui_in[3] (net)
                      0.107812    0.001819 10000.240234 ^ clkbuf_3_0__f_ui_in[3]/A (sky130_fd_sc_hd__clkbuf_16)
     9    0.031091    0.052085    0.158252 10000.398438 ^ clkbuf_3_0__f_ui_in[3]/X (sky130_fd_sc_hd__clkbuf_16)
                                                         clknet_3_0__leaf_ui_in[3] (net)
                      0.052085    0.000000 10000.398438 ^ _500_/CLK (sky130_fd_sc_hd__dfrtp_1)
                                 -0.250000 10000.148438   clock uncertainty
                                  0.000000 10000.148438   clock reconvergence pessimism
                                 -0.116967 10000.031250   library setup time
                                           10000.031250   data required time
---------------------------------------------------------------------------------------------
                                           10000.031250   data required time
                                             -1.038608   data arrival time
---------------------------------------------------------------------------------------------
                                           9998.992188   slack (MET)


Startpoint: ui_in[1] (input port clocked by sclkb)
Endpoint: _501_ (rising edge-triggered flip-flop clocked by sclkb)
Path Group: sclkb
Path Type: max

Fanout         Cap        Slew       Delay        Time   Description
---------------------------------------------------------------------------------------------
                                  0.000000    0.000000   clock sclkb (rise edge)
                                  0.000000    0.000000   clock network delay (propagated)
                                  0.000000    0.000000 ^ input external delay
     1    0.002647    0.019756    0.009759    0.009759 ^ ui_in[1] (in)
                                                         ui_in[1] (net)
                      0.019756    0.000000    0.009759 ^ input3/A (sky130_fd_sc_hd__clkbuf_2)
     4    0.018880    0.108707    0.142388    0.152146 ^ input3/X (sky130_fd_sc_hd__clkbuf_2)
                                                         net3 (net)
                      0.108707    0.000125    0.152271 ^ fanout36/A (sky130_fd_sc_hd__buf_4)
     7    0.046527    0.134220    0.201068    0.353339 ^ fanout36/X (sky130_fd_sc_hd__buf_4)
                                                         net36 (net)
                      0.134267    0.002089    0.355428 ^ fanout35/A (sky130_fd_sc_hd__buf_2)
     7    0.034584    0.172186    0.230457    0.585885 ^ fanout35/X (sky130_fd_sc_hd__buf_2)
                                                         net35 (net)
                      0.172186    0.000106    0.585991 ^ fanout34/A (sky130_fd_sc_hd__clkbuf_4)
    10    0.047260    0.148957    0.257698    0.843689 ^ fanout34/X (sky130_fd_sc_hd__clkbuf_4)
                                                         net34 (net)
                      0.148957    0.000294    0.843983 ^ _252_/B (sky130_fd_sc_hd__nand2_2)
     3    0.020655    0.099644    0.122305    0.966288 v _252_/Y (sky130_fd_sc_hd__nand2_2)
                                                         _145_ (net)
                      0.099657    0.000909    0.967198 v fanout6/A (sky130_fd_sc_hd__clkbuf_4)
    10    0.045526    0.099501    0.224652    1.191849 v fanout6/X (sky130_fd_sc_hd__clkbuf_4)
                                                         net6 (net)
                      0.099507    0.000829    1.192678 v fanout5/A (sky130_fd_sc_hd__clkbuf_4)
    10    0.041196    0.091647    0.218105    1.410784 v fanout5/X (sky130_fd_sc_hd__clkbuf_4)
                                                         net5 (net)
                      0.091647    0.000019    1.410802 v _253_/S (sky130_fd_sc_hd__mux2_1)
     1    0.002559    0.055455    0.318185    1.728988 v _253_/X (sky130_fd_sc_hd__mux2_1)
                                                         _027_ (net)
                      0.055455    0.000009    1.728996 v _501_/D (sky130_fd_sc_hd__dfrtp_4)
                                              1.728996   data arrival time

                               10000.000000 10000.000000   clock sclkb (rise edge)
                                  0.000000 10000.000000   clock source latency
     1    0.015667    0.076404    0.051841 10000.051758 ^ ui_in[4] (in)
                                                         ui_in[4] (net)
                      0.076411    0.000000 10000.051758 ^ clkbuf_0_ui_in[4]/A (sky130_fd_sc_hd__clkbuf_16)
     8    0.091862    0.107917    0.190994 10000.243164 ^ clkbuf_0_ui_in[4]/X (sky130_fd_sc_hd__clkbuf_16)
                                                         clknet_0_ui_in[4] (net)
                      0.108036    0.002728 10000.245117 ^ clkbuf_3_2__f_ui_in[4]/A (sky130_fd_sc_hd__clkbuf_16)
    12    0.031977    0.052831    0.159162 10000.404297 ^ clkbuf_3_2__f_ui_in[4]/X (sky130_fd_sc_hd__clkbuf_16)
                                                         clknet_3_2__leaf_ui_in[4] (net)
                      0.052831    0.000000 10000.404297 ^ _501_/CLK (sky130_fd_sc_hd__dfrtp_4)
                                 -0.250000 10000.154297   clock uncertainty
                                  0.000000 10000.154297   clock reconvergence pessimism
                                 -0.117041 10000.037109   library setup time
                                           10000.037109   data required time
---------------------------------------------------------------------------------------------
                                           10000.037109   data required time
                                             -1.728996   data arrival time
---------------------------------------------------------------------------------------------
                                           9998.308594   slack (MET)




===========================================================================
report_checks --slack_max -0.01
============================================================================
======================= nom_tt_025C_1v80 Corner ===================================

No paths found.


===========================================================================
 report_check_types -max_slew -max_cap -max_fanout -violators
============================================================================
======================= nom_tt_025C_1v80 Corner ===================================

max fanout

Pin                                   Limit Fanout  Slack
---------------------------------------------------------
clkbuf_3_3__f_ui_in[3]/X                 10     13     -3 (VIOLATED)
clkbuf_3_2__f_ui_in[4]/X                 10     12     -2 (VIOLATED)
clkbuf_3_3__f_ui_in[4]/X                 10     12     -2 (VIOLATED)
clkbuf_3_6__f_ui_in[3]/X                 10     12     -2 (VIOLATED)
clkbuf_3_2__f_ui_in[3]/X                 10     11        (VIOLATED)
clkbuf_3_7__f_ui_in[4]/X                 10     11        (VIOLATED)



===========================================================================
report_parasitic_annotation -report_unannotated
============================================================================
Found 42 unannotated drivers.
 clk
 ena
 uio_in[4]
 uio_in[5]
 uio_in[6]
 uio_in[7]
 clkload0/Y
 clkload1/Y
 clkload10/Y
 clkload11/Y
 clkload12/Y
 clkload13/X
 clkload2/Y
 clkload3/Y
 clkload4/Y
 clkload5/X
 clkload6/Y
 clkload7/Y
 clkload8/Y
 clkload9/X
 tt_um_openram_top_56/HI
 tt_um_openram_top_57/HI
 tt_um_openram_top_58/HI
 tt_um_openram_top_59/HI
 tt_um_openram_top_60/HI
 tt_um_openram_top_61/HI
 tt_um_openram_top_62/HI
 tt_um_openram_top_63/HI
 tt_um_openram_top_64/HI
 tt_um_openram_top_65/HI
 tt_um_openram_top_66/HI
 tt_um_openram_top_67/HI
 tt_um_openram_top_68/HI
 tt_um_openram_top_69/HI
 tt_um_openram_top_70/HI
 tt_um_openram_top_71/HI
 tt_um_openram_top_72/HI
 tt_um_openram_top_73/HI
 tt_um_openram_top_74/HI
 tt_um_openram_top_75/HI
 tt_um_openram_top_76/HI
 tt_um_openram_top_77/HI
Found 0 partially unannotated drivers.

===========================================================================
max slew violation count 0
Writing metric design__max_slew_violation__count__corner:nom_tt_025C_1v80: 0
max fanout violation count 6
Writing metric design__max_fanout_violation__count__corner:nom_tt_025C_1v80: 6
max cap violation count 0
Writing metric design__max_cap_violation__count__corner:nom_tt_025C_1v80: 0
============================================================================

===========================================================================
check_setup -verbose -unconstrained_endpoints -multiple_clock -no_clock -no_input_delay -loops -generated_clocks
===========================================================================
Warning: There are 22 unconstrained endpoints.
  uio_oe[0]
  uio_oe[1]
  uio_oe[2]
  uio_oe[3]
  uio_oe[4]
  uio_oe[5]
  uio_oe[6]
  uio_oe[7]
  uio_out[0]
  uio_out[1]
  uio_out[2]
  uio_out[3]
  uio_out[4]
  uio_out[5]
  uio_out[6]
  uio_out[7]
  uo_out[2]
  uo_out[3]
  uo_out[4]
  uo_out[5]
  uo_out[6]
  uo_out[7]
