Clock: sclka
Sources: ui_in[3] 
Generated: no
Virtual: yes
Propagated: no
Period: 10000.000000

===========================================================================
report_clock_properties
============================================================================
Clock                   Period          Waveform
----------------------------------------------------
sclka               10000.000000    0.0000005000.000000

===========================================================================
report_clock_latency
============================================================================
Clock sclka
rise -> rise
    min     max
0.000000 0.000000 source latency
0.398520         network latency _556_/CLK
        0.407786 network latency _575_/CLK
---------------
0.398520 0.407786 latency
        0.009266 skew

rise -> fall
    min     max
0.000000 0.000000 source latency
0.369197         network latency _611_/CLK
        0.373703 network latency _575_/CLK
---------------
0.369197 0.373703 latency
        0.004506 skew

fall -> fall
    min     max
0.000000 0.000000 source latency
0.366526         network latency _500_/CLK
        0.372893 network latency _516_/CLK
---------------
0.366526 0.372893 latency
        0.006366 skew



===========================================================================
report_clock_min_period
============================================================================
sclka period_min = 1.01 fmax = 986.99
Clock: sclkb
Sources: ui_in[4] 
Generated: no
Virtual: yes
Propagated: no
Period: 10000.000000

===========================================================================
report_clock_properties
============================================================================
Clock                   Period          Waveform
----------------------------------------------------
sclkb               10000.000000    0.0000005000.000000

===========================================================================
report_clock_latency
============================================================================
Clock sclkb
rise -> rise
    min     max
0.000000 0.000000 source latency
0.398520         network latency _556_/CLK
        0.407786 network latency _575_/CLK
---------------
0.398520 0.407786 latency
        0.009266 skew

rise -> fall
    min     max
0.000000 0.000000 source latency
0.367143         network latency _556_/CLK
        0.373393 network latency _518_/CLK
---------------
0.367143 0.373393 latency
        0.006250 skew

fall -> fall
    min     max
0.000000 0.000000 source latency
0.369255         network latency _547_/CLK
        0.373802 network latency _575_/CLK
---------------
0.369255 0.373802 latency
        0.004547 skew



===========================================================================
report_clock_min_period
============================================================================
sclkb period_min = 1.21 fmax = 829.82
