
===========================================================================
 report_power
============================================================================
======================= nom_tt_025C_1v80 Corner ===================================

Group                    Internal    Switching      Leakage        Total
                            Power        Power        Power        Power (Watts)
------------------------------------------------------------------------
Sequential           7.199195e-07 7.935796e-08 1.781407e-09 8.010588e-07  49.3%
Combinational        1.364644e-07 8.076454e-08 1.567871e-09 2.187968e-07  13.5%
Clock                3.757685e-07 2.277708e-07 8.009300e-10 6.043402e-07  37.2%
Macro                0.000000e+00 0.000000e+00 0.000000e+00 0.000000e+00   0.0%
Pad                  0.000000e+00 0.000000e+00 0.000000e+00 0.000000e+00   0.0%
------------------------------------------------------------------------
Total                1.232152e-06 3.878933e-07 4.150209e-09 1.624196e-06 100.0%
                            75.9%        23.9%         0.3%
Writing metric power__internal__total: 1.2321521580815897e-6
Writing metric power__switching__total: 3.878933227952075e-7
Writing metric power__leakage__total: 4.150209065301169e-9
Writing metric power__total: 1.624195760996372e-6

