
===========================================================================
 report_power
============================================================================
======================= nom_tt_025C_1v80 Corner ===================================

Group                    Internal    Switching      Leakage        Total
                            Power        Power        Power        Power (Watts)
------------------------------------------------------------------------
Sequential           7.198375e-07 7.940716e-08 1.783084e-09 8.010278e-07  48.1%
Combinational        1.368976e-07 8.176732e-08 1.578625e-09 2.202435e-07  13.2%
Clock                4.144016e-07 2.303595e-07 8.307033e-10 6.455919e-07  38.7%
Macro                0.000000e+00 0.000000e+00 0.000000e+00 0.000000e+00   0.0%
Pad                  0.000000e+00 0.000000e+00 0.000000e+00 0.000000e+00   0.0%
------------------------------------------------------------------------
Total                1.271137e-06 3.915340e-07 4.192411e-09 1.666863e-06 100.0%
                            76.3%        23.5%         0.3%
Writing metric power__internal__total: 1.2711367389783845e-6
Writing metric power__switching__total: 3.915340016646951e-7
Writing metric power__leakage__total: 4.1924113070024305e-9
Writing metric power__total: 1.6668631133143208e-6

