
===========================================================================
Violator List
============================================================================
[hold in-reg] rst_n -> _623_/RESET_B : -0.650628
[hold in-reg] rst_n -> _615_/RESET_B : -0.650442
[hold in-reg] rst_n -> _617_/RESET_B : -0.650379
[hold in-reg] rst_n -> _509_/RESET_B : -0.644668
[hold in-reg] rst_n -> _511_/RESET_B : -0.644667
[hold in-reg] rst_n -> _597_/RESET_B : -0.643393
[hold in-reg] rst_n -> _643_/RESET_B : -0.619345
[hold in-reg] rst_n -> _631_/RESET_B : -0.619305
[hold in-reg] rst_n -> _567_/RESET_B : -0.619277
[hold in-reg] rst_n -> _633_/RESET_B : -0.619239
[hold in-reg] rst_n -> _571_/RESET_B : -0.615025
[hold in-reg] rst_n -> _569_/RESET_B : -0.614961
[hold in-reg] rst_n -> _605_/RESET_B : -0.458609
[hold in-reg] rst_n -> _541_/RESET_B : -0.458552
[hold in-reg] rst_n -> _577_/RESET_B : -0.445597
[hold in-reg] rst_n -> _575_/RESET_B : -0.445531
[hold in-reg] rst_n -> _573_/RESET_B : -0.441430
[hold in-reg] rst_n -> _603_/RESET_B : -0.432198
[hold in-reg] rst_n -> _601_/RESET_B : -0.431947
[hold in-reg] rst_n -> _599_/RESET_B : -0.431944
[hold in-reg] rst_n -> _529_/RESET_B : -0.429796
[hold in-reg] rst_n -> _561_/RESET_B : -0.429772
[hold in-reg] rst_n -> _587_/RESET_B : -0.429706
[hold in-reg] rst_n -> _539_/RESET_B : -0.429676
[hold in-reg] rst_n -> _531_/RESET_B : -0.429627
[hold in-reg] rst_n -> _625_/RESET_B : -0.425452
[hold in-reg] rst_n -> _557_/RESET_B : -0.425237
[hold in-reg] rst_n -> _559_/RESET_B : -0.425124
[hold in-reg] rst_n -> _553_/RESET_B : -0.414425
[hold in-reg] rst_n -> _555_/RESET_B : -0.414361
[hold in-reg] rst_n -> _591_/RESET_B : -0.413556
[hold in-reg] rst_n -> _619_/RESET_B : -0.413202
[hold in-reg] rst_n -> _593_/RESET_B : -0.413111
[hold in-reg] rst_n -> _595_/RESET_B : -0.412990
[hold in-reg] rst_n -> _613_/RESET_B : -0.412911
[hold in-reg] rst_n -> _621_/RESET_B : -0.412880
[hold in-reg] rst_n -> _549_/RESET_B : -0.412866
[hold in-reg] rst_n -> _551_/RESET_B : -0.412469
[hold in-reg] rst_n -> _501_/RESET_B : -0.400998
[hold in-reg] rst_n -> _505_/RESET_B : -0.400939
[hold in-reg] rst_n -> _503_/RESET_B : -0.400909
[hold in-reg] rst_n -> _507_/RESET_B : -0.400878
[hold in-reg] rst_n -> _641_/RESET_B : -0.382108
[hold in-reg] rst_n -> _639_/RESET_B : -0.382074
[hold in-reg] rst_n -> _637_/RESET_B : -0.382055
[hold in-reg] rst_n -> _635_/RESET_B : -0.377826
[hold in-reg] rst_n -> _579_/RESET_B : -0.243194
[hold in-reg] rst_n -> _581_/RESET_B : -0.243030
[hold in-reg] rst_n -> _583_/RESET_B : -0.242844
[hold in-reg] rst_n -> _543_/RESET_B : -0.242779
[hold in-reg] rst_n -> _545_/RESET_B : -0.236412
[hold in-reg] rst_n -> _609_/RESET_B : -0.234211
[hold in-reg] rst_n -> _611_/RESET_B : -0.234196
[hold in-reg] rst_n -> _607_/RESET_B : -0.233972
[hold in-reg] rst_n -> _547_/RESET_B : -0.233970
[hold in-reg] rst_n -> _513_/RESET_B : -0.181018
[hold in-reg] rst_n -> _515_/RESET_B : -0.180961
[hold in-reg] rst_n -> _589_/RESET_B : -0.180571
[hold in-reg] rst_n -> _535_/RESET_B : -0.172480
[hold in-reg] rst_n -> _537_/RESET_B : -0.172355
[hold in-reg] rst_n -> _527_/RESET_B : -0.172310
[hold in-reg] rst_n -> _585_/RESET_B : -0.172260
[hold in-reg] rst_n -> _533_/RESET_B : -0.172164
[hold in-reg] rst_n -> _563_/RESET_B : -0.162970
[hold in-reg] rst_n -> _565_/RESET_B : -0.162927
[hold in-reg] rst_n -> _629_/RESET_B : -0.162870
[hold in-reg] rst_n -> _627_/RESET_B : -0.158286
[hold in-reg] ui_in[1] -> _597_/D : -0.123670
[hold in-reg] ui_in[2] -> _619_/D : -0.028513
Writing metric timing__hold_vio__count__corner:nom_tt_025C_1v80: 69
Writing metric timing__hold_r2r__ws__corner:nom_tt_025C_1v80: 0.221552
Writing metric timing__hold_r2r_vio__count__corner:nom_tt_025C_1v80: 0
Writing metric timing__setup_vio__count__corner:nom_tt_025C_1v80: 0
Writing metric timing__setup_r2r__ws__corner:nom_tt_025C_1v80: 9998.816406
Writing metric timing__setup_r2r_vio__count__corner:nom_tt_025C_1v80: 0
