
===========================================================================
Violator List
============================================================================
[hold in-reg] rst_n -> _511_/RESET_B : -0.562099
[hold in-reg] rst_n -> _509_/RESET_B : -0.562074
[hold in-reg] rst_n -> _619_/RESET_B : -0.556872
[hold in-reg] rst_n -> _561_/RESET_B : -0.547336
[hold in-reg] rst_n -> _625_/RESET_B : -0.544295
[hold in-reg] rst_n -> _557_/RESET_B : -0.544219
[hold in-reg] rst_n -> _559_/RESET_B : -0.544134
[hold in-reg] rst_n -> _613_/RESET_B : -0.541150
[hold in-reg] rst_n -> _551_/RESET_B : -0.540676
[hold in-reg] rst_n -> _555_/RESET_B : -0.539774
[hold in-reg] rst_n -> _571_/RESET_B : -0.530250
[hold in-reg] rst_n -> _569_/RESET_B : -0.530202
[hold in-reg] rst_n -> _631_/RESET_B : -0.529690
[hold in-reg] rst_n -> _643_/RESET_B : -0.529476
[hold in-reg] rst_n -> _633_/RESET_B : -0.529210
[hold in-reg] rst_n -> _567_/RESET_B : -0.529106
[hold in-reg] rst_n -> _575_/RESET_B : -0.360675
[hold in-reg] rst_n -> _573_/RESET_B : -0.360516
[hold in-reg] rst_n -> _605_/RESET_B : -0.360213
[hold in-reg] rst_n -> _541_/RESET_B : -0.360202
[hold in-reg] rst_n -> _577_/RESET_B : -0.359433
[hold in-reg] rst_n -> _549_/RESET_B : -0.358440
[hold in-reg] rst_n -> _603_/RESET_B : -0.345420
[hold in-reg] rst_n -> _601_/RESET_B : -0.345142
[hold in-reg] rst_n -> _599_/RESET_B : -0.344930
[hold in-reg] rst_n -> _529_/RESET_B : -0.344614
[hold in-reg] rst_n -> _587_/RESET_B : -0.344549
[hold in-reg] rst_n -> _531_/RESET_B : -0.344408
[hold in-reg] rst_n -> _539_/RESET_B : -0.344223
[hold in-reg] rst_n -> _591_/RESET_B : -0.326205
[hold in-reg] rst_n -> _597_/RESET_B : -0.325864
[hold in-reg] rst_n -> _593_/RESET_B : -0.325722
[hold in-reg] rst_n -> _595_/RESET_B : -0.325634
[hold in-reg] rst_n -> _621_/RESET_B : -0.325486
[hold in-reg] rst_n -> _501_/RESET_B : -0.321752
[hold in-reg] rst_n -> _503_/RESET_B : -0.321555
[hold in-reg] rst_n -> _505_/RESET_B : -0.321526
[hold in-reg] rst_n -> _507_/RESET_B : -0.321502
[hold in-reg] rst_n -> _637_/RESET_B : -0.294286
[hold in-reg] rst_n -> _635_/RESET_B : -0.294215
[hold in-reg] rst_n -> _641_/RESET_B : -0.293357
[hold in-reg] rst_n -> _629_/RESET_B : -0.293281
[hold in-reg] rst_n -> _565_/RESET_B : -0.293269
[hold in-reg] rst_n -> _639_/RESET_B : -0.293207
[hold in-reg] rst_n -> _563_/RESET_B : -0.290043
[hold in-reg] rst_n -> _627_/RESET_B : -0.290018
[hold in-reg] rst_n -> _615_/RESET_B : -0.281536
[hold in-reg] rst_n -> _617_/RESET_B : -0.281364
[hold in-reg] rst_n -> _553_/RESET_B : -0.281358
[hold in-reg] rst_n -> _609_/RESET_B : -0.281230
[hold in-reg] rst_n -> _623_/RESET_B : -0.280733
[hold in-reg] rst_n -> _579_/RESET_B : -0.153023
[hold in-reg] rst_n -> _581_/RESET_B : -0.152938
[hold in-reg] rst_n -> _583_/RESET_B : -0.152837
[hold in-reg] ui_in[1] -> _627_/D : -0.134354
[hold in-reg] ui_in[1] -> _629_/D : -0.133368
[hold in-reg] ui_in[1] -> _597_/D : -0.124977
[hold in-reg] rst_n -> _545_/RESET_B : -0.119496
[hold in-reg] rst_n -> _547_/RESET_B : -0.119444
[hold in-reg] rst_n -> _543_/RESET_B : -0.119439
[hold in-reg] rst_n -> _611_/RESET_B : -0.118000
[hold in-reg] rst_n -> _607_/RESET_B : -0.117766
[hold in-reg] ui_in[1] -> _631_/D : -0.106129
[hold in-reg] ui_in[1] -> _633_/D : -0.105573
[hold in-reg] ui_in[1] -> _643_/D : -0.099321
[hold in-reg] rst_n -> _515_/RESET_B : -0.094747
[hold in-reg] rst_n -> _513_/RESET_B : -0.094723
[hold in-reg] rst_n -> _589_/RESET_B : -0.094131
[hold in-reg] rst_n -> _527_/RESET_B : -0.088579
[hold in-reg] rst_n -> _533_/RESET_B : -0.088418
[hold in-reg] rst_n -> _585_/RESET_B : -0.088395
[hold in-reg] rst_n -> _535_/RESET_B : -0.088129
[hold in-reg] rst_n -> _537_/RESET_B : -0.087960
[hold in-reg] ui_in[2] -> _619_/D : -0.019502
Writing metric timing__hold_vio__count__corner:nom_tt_025C_1v80: 74
Writing metric timing__hold_r2r__ws__corner:nom_tt_025C_1v80: 0.221775
Writing metric timing__hold_r2r_vio__count__corner:nom_tt_025C_1v80: 0
Writing metric timing__setup_vio__count__corner:nom_tt_025C_1v80: 0
Writing metric timing__setup_r2r__ws__corner:nom_tt_025C_1v80: 9998.814453
Writing metric timing__setup_r2r_vio__count__corner:nom_tt_025C_1v80: 0
