
===========================================================================
Violator List
============================================================================
[hold in-reg] rst_n -> _597_/RESET_B : -0.560030
[hold in-reg] rst_n -> _509_/RESET_B : -0.555771
[hold in-reg] rst_n -> _571_/RESET_B : -0.555559
[hold in-reg] rst_n -> _573_/RESET_B : -0.555459
[hold in-reg] rst_n -> _559_/RESET_B : -0.550403
[hold in-reg] rst_n -> _565_/RESET_B : -0.550397
[hold in-reg] rst_n -> _555_/RESET_B : -0.545643
[hold in-reg] rst_n -> _625_/RESET_B : -0.545638
[hold in-reg] rst_n -> _561_/RESET_B : -0.545381
[hold in-reg] rst_n -> _613_/RESET_B : -0.542564
[hold in-reg] rst_n -> _617_/RESET_B : -0.542388
[hold in-reg] rst_n -> _631_/RESET_B : -0.542329
[hold in-reg] rst_n -> _643_/RESET_B : -0.542156
[hold in-reg] rst_n -> _633_/RESET_B : -0.542020
[hold in-reg] rst_n -> _567_/RESET_B : -0.541912
[hold in-reg] rst_n -> _569_/RESET_B : -0.539168
[hold in-reg] rst_n -> _577_/RESET_B : -0.355293
[hold in-reg] rst_n -> _575_/RESET_B : -0.355234
[hold in-reg] rst_n -> _601_/RESET_B : -0.348732
[hold in-reg] rst_n -> _599_/RESET_B : -0.348652
[hold in-reg] rst_n -> _531_/RESET_B : -0.338325
[hold in-reg] rst_n -> _579_/RESET_B : -0.337921
[hold in-reg] rst_n -> _529_/RESET_B : -0.337819
[hold in-reg] rst_n -> _581_/RESET_B : -0.337774
[hold in-reg] rst_n -> _605_/RESET_B : -0.337648
[hold in-reg] rst_n -> _547_/RESET_B : -0.335916
[hold in-reg] rst_n -> _585_/RESET_B : -0.335362
[hold in-reg] rst_n -> _539_/RESET_B : -0.335296
[hold in-reg] rst_n -> _591_/RESET_B : -0.330596
[hold in-reg] rst_n -> _619_/RESET_B : -0.330234
[hold in-reg] rst_n -> _593_/RESET_B : -0.330207
[hold in-reg] rst_n -> _595_/RESET_B : -0.330025
[hold in-reg] rst_n -> _621_/RESET_B : -0.329928
[hold in-reg] rst_n -> _501_/RESET_B : -0.309754
[hold in-reg] rst_n -> _503_/RESET_B : -0.309750
[hold in-reg] rst_n -> _505_/RESET_B : -0.309738
[hold in-reg] rst_n -> _507_/RESET_B : -0.309617
[hold in-reg] rst_n -> _511_/RESET_B : -0.309573
[hold in-reg] rst_n -> _563_/RESET_B : -0.293296
[hold in-reg] rst_n -> _629_/RESET_B : -0.293219
[hold in-reg] rst_n -> _557_/RESET_B : -0.288629
[hold in-reg] rst_n -> _627_/RESET_B : -0.288219
[hold in-reg] rst_n -> _623_/RESET_B : -0.288112
[hold in-reg] rst_n -> _553_/RESET_B : -0.287891
[hold in-reg] rst_n -> _551_/RESET_B : -0.287887
[hold in-reg] rst_n -> _615_/RESET_B : -0.287877
[hold in-reg] rst_n -> _611_/RESET_B : -0.284762
[hold in-reg] rst_n -> _549_/RESET_B : -0.284683
[hold in-reg] rst_n -> _641_/RESET_B : -0.273901
[hold in-reg] rst_n -> _639_/RESET_B : -0.273870
[hold in-reg] rst_n -> _635_/RESET_B : -0.271185
[hold in-reg] rst_n -> _637_/RESET_B : -0.271028
[hold in-reg] ui_in[1] -> _643_/D : -0.120498
[hold in-reg] ui_in[1] -> _631_/D : -0.119885
[hold in-reg] ui_in[1] -> _597_/D : -0.117315
[hold in-reg] ui_in[1] -> _629_/D : -0.117232
[hold in-reg] ui_in[1] -> _623_/D : -0.116755
[hold in-reg] ui_in[1] -> _633_/D : -0.116627
[hold in-reg] ui_in[1] -> _615_/D : -0.115168
[hold in-reg] rst_n -> _527_/RESET_B : -0.109460
[hold in-reg] rst_n -> _533_/RESET_B : -0.109419
[hold in-reg] rst_n -> _535_/RESET_B : -0.109387
[hold in-reg] rst_n -> _537_/RESET_B : -0.109299
[hold in-reg] rst_n -> _583_/RESET_B : -0.106977
[hold in-reg] rst_n -> _515_/RESET_B : -0.093261
[hold in-reg] rst_n -> _603_/RESET_B : -0.092472
[hold in-reg] rst_n -> _589_/RESET_B : -0.092348
[hold in-reg] rst_n -> _525_/RESET_B : -0.091870
[hold in-reg] rst_n -> _523_/RESET_B : -0.091482
[hold in-reg] rst_n -> _543_/RESET_B : -0.071698
[hold in-reg] rst_n -> _545_/RESET_B : -0.071675
[hold in-reg] rst_n -> _541_/RESET_B : -0.071428
[hold in-reg] rst_n -> _609_/RESET_B : -0.070074
[hold in-reg] rst_n -> _607_/RESET_B : -0.069970
[hold in-reg] ui_in[2] -> _627_/D : -0.044369
Writing metric timing__hold_vio__count__corner:nom_tt_025C_1v80: 75
Writing metric timing__hold_r2r__ws__corner:nom_tt_025C_1v80: 0.221374
Writing metric timing__hold_r2r_vio__count__corner:nom_tt_025C_1v80: 0
Writing metric timing__setup_vio__count__corner:nom_tt_025C_1v80: 0
Writing metric timing__setup_r2r__ws__corner:nom_tt_025C_1v80: 9998.818359
Writing metric timing__setup_r2r_vio__count__corner:nom_tt_025C_1v80: 0
