
===========================================================================
 report_power
============================================================================
======================= nom_ss_100C_1v60 Corner ===================================

Group                    Internal    Switching      Leakage        Total
                            Power        Power        Power        Power (Watts)
------------------------------------------------------------------------
Sequential           5.565985e-07 9.127682e-08 2.719993e-06 3.367869e-06  45.7%
Combinational        2.213794e-07 9.516580e-08 2.716297e-06 3.032843e-06  41.2%
Clock                3.091734e-07 2.325604e-07 4.254438e-07 9.671776e-07  13.1%
Macro                0.000000e+00 0.000000e+00 0.000000e+00 0.000000e+00   0.0%
Pad                  0.000000e+00 0.000000e+00 0.000000e+00 0.000000e+00   0.0%
------------------------------------------------------------------------
Total                1.087152e-06 4.190032e-07 5.861731e-06 7.367886e-06 100.0%
                            14.8%         5.7%        79.6%

