                                                                        Cells by Master                                                                         
┏━━━━━━━━━━━━━━━━━━━━━━━━━━━━━━━━━━━━━━━━━━━━━━━━━━━━━━━━━━━━━━━━━━━━━━━━━━━━━━━━━━━━━━━━━━━━━━━━━━━━━━━━━━━━━━━━━━━━━━━━━━━━━━━━━┳━━━━━━━━━━━━━━━━━━━━━━━━━━━━┓
┃ Cell                                                                                                                            ┃ Count                      ┃
┡━━━━━━━━━━━━━━━━━━━━━━━━━━━━━━━━━━━━━━━━━━━━━━━━━━━━━━━━━━━━━━━━━━━━━━━━━━━━━━━━━━━━━━━━━━━━━━━━━━━━━━━━━━━━━━━━━━━━━━━━━━━━━━━━━╇━━━━━━━━━━━━━━━━━━━━━━━━━━━━┩
│ sky130_ef_sc_hd__decap_12                                                                                                       │ 209                        │
│ sky130_fd_sc_hd__buf_2                                                                                                          │ 8                          │
│ sky130_fd_sc_hd__buf_4                                                                                                          │ 4                          │
│ sky130_fd_sc_hd__bufinv_16                                                                                                      │ 1                          │
│ sky130_fd_sc_hd__clkbuf_1                                                                                                       │ 3                          │
│ sky130_fd_sc_hd__clkbuf_16                                                                                                      │ 18                         │
│ sky130_fd_sc_hd__clkbuf_2                                                                                                       │ 12                         │
│ sky130_fd_sc_hd__clkbuf_4                                                                                                       │ 31                         │
│ sky130_fd_sc_hd__clkbuf_8                                                                                                       │ 3                          │
│ sky130_fd_sc_hd__clkinv_2                                                                                                       │ 1                          │
│ sky130_fd_sc_hd__clkinv_4                                                                                                       │ 1                          │
│ sky130_fd_sc_hd__clkinvlp_4                                                                                                     │ 3                          │
│ sky130_fd_sc_hd__conb_1                                                                                                         │ 22                         │
│ sky130_fd_sc_hd__decap_3                                                                                                        │ 239                        │
│ sky130_fd_sc_hd__decap_4                                                                                                        │ 84                         │
│ sky130_fd_sc_hd__decap_6                                                                                                        │ 95                         │
│ sky130_fd_sc_hd__decap_8                                                                                                        │ 58                         │
│ sky130_fd_sc_hd__dfrtp_1                                                                                                        │ 119                        │
│ sky130_fd_sc_hd__dfrtp_2                                                                                                        │ 8                          │
│ sky130_fd_sc_hd__dfrtp_4                                                                                                        │ 17                         │
│ sky130_fd_sc_hd__diode_2                                                                                                        │ 33                         │
│ sky130_fd_sc_hd__dlygate4sd3_1                                                                                                  │ 112                        │
│ sky130_fd_sc_hd__fill_1                                                                                                         │ 184                        │
│ sky130_fd_sc_hd__fill_2                                                                                                         │ 71                         │
│ sky130_fd_sc_hd__inv_4                                                                                                          │ 3                          │
│ sky130_fd_sc_hd__inv_6                                                                                                          │ 1                          │
│ sky130_fd_sc_hd__mux2_1                                                                                                         │ 249                        │
│ sky130_fd_sc_hd__nand2_2                                                                                                        │ 1                          │
│ sky130_fd_sc_hd__tapvpwrvgnd_1                                                                                                  │ 200                        │
│ sky130_sram_128B_1rw_32x32                                                                                                      │ 1                          │
└─────────────────────────────────────────────────────────────────────────────────────────────────────────────────────────────────┴────────────────────────────┘
