
===========================================================================
report_checks -unconstrained
===========================================================================
======================= min_tt_025C_1v80 Corner ===================================

Startpoint: rst_n (input port clocked by sclkb)
Endpoint: _517_ (recovery check against rising-edge clock sclkb)
Path Group: asynchronous
Path Type: max

Fanout         Cap        Slew       Delay        Time   Description
---------------------------------------------------------------------------------------------
                                  0.000000    0.000000   clock sclkb (rise edge)
                                  0.000000    0.000000   clock network delay (propagated)
                                  0.000000    0.000000 ^ input external delay
     1    0.002613    0.018934    0.009642    0.009642 ^ rst_n (in)
                                                         rst_n (net)
                      0.018934    0.000000    0.009642 ^ hold1/A (sky130_fd_sc_hd__dlygate4sd3_1)
     1    0.004816    0.070435    0.542707    0.552349 ^ hold1/X (sky130_fd_sc_hd__dlygate4sd3_1)
                                                         net80 (net)
                      0.070435    0.000091    0.552440 ^ input1/A (sky130_fd_sc_hd__clkbuf_2)
     1    0.003570    0.031786    0.102679    0.655119 ^ input1/X (sky130_fd_sc_hd__clkbuf_2)
                                                         net1 (net)
                      0.031786    0.000055    0.655174 ^ hold2/A (sky130_fd_sc_hd__dlygate4sd3_1)
     4    0.030989    0.310063    0.727983    1.383157 ^ hold2/X (sky130_fd_sc_hd__dlygate4sd3_1)
                                                         net81 (net)
                      0.310063    0.000820    1.383977 ^ fanout57/A (sky130_fd_sc_hd__buf_4)
     6    0.064832    0.182940    0.286447    1.670424 ^ fanout57/X (sky130_fd_sc_hd__buf_4)
                                                         net57 (net)
                      0.182995    0.002662    1.673086 ^ fanout56/A (sky130_fd_sc_hd__buf_2)
     6    0.045803    0.224860    0.279416    1.952502 ^ fanout56/X (sky130_fd_sc_hd__buf_2)
                                                         net56 (net)
                      0.224860    0.000102    1.952604 ^ fanout55/A (sky130_fd_sc_hd__clkbuf_4)
     9    0.048840    0.153931    0.277532    2.230137 ^ fanout55/X (sky130_fd_sc_hd__clkbuf_4)
                                                         net55 (net)
                      0.153932    0.000826    2.230963 ^ fanout54/A (sky130_fd_sc_hd__clkbuf_4)
    10    0.046424    0.146685    0.249401    2.480364 ^ fanout54/X (sky130_fd_sc_hd__clkbuf_4)
                                                         net54 (net)
                      0.146687    0.000792    2.481156 ^ _517_/RESET_B (sky130_fd_sc_hd__dfrtp_4)
                                              2.481156   data arrival time

                               10000.000000 10000.000000   clock sclkb (rise edge)
                                  0.000000 10000.000000   clock source latency
     1    0.021308    0.101562    0.070031 10000.070312 ^ ui_in[4] (in)
                                                         ui_in[4] (net)
                      0.101571    0.000000 10000.070312 ^ clkbuf_0_ui_in[4]/A (sky130_fd_sc_hd__clkbuf_16)
     8    0.115446    0.129195    0.215550 10000.285156 ^ clkbuf_0_ui_in[4]/X (sky130_fd_sc_hd__clkbuf_16)
                                                         clknet_0_ui_in[4] (net)
                      0.129917    0.007276 10000.292969 ^ clkbuf_3_4__f_ui_in[4]/A (sky130_fd_sc_hd__clkbuf_16)
     8    0.039814    0.059782    0.172804 10000.465820 ^ clkbuf_3_4__f_ui_in[4]/X (sky130_fd_sc_hd__clkbuf_16)
                                                         clknet_3_4__leaf_ui_in[4] (net)
                      0.059815    0.000909 10000.466797 ^ _517_/CLK (sky130_fd_sc_hd__dfrtp_4)
                                 -0.250000 10000.216797   clock uncertainty
                                  0.000000 10000.216797   clock reconvergence pessimism
                                  0.188928 10000.405273   library recovery time
                                           10000.405273   data required time
---------------------------------------------------------------------------------------------
                                           10000.405273   data required time
                                             -2.481156   data arrival time
---------------------------------------------------------------------------------------------
                                           9997.924805   slack (MET)


Startpoint: _544_ (rising edge-triggered flip-flop clocked by sclka)
Endpoint: _544_ (rising edge-triggered flip-flop clocked by sclka)
Path Group: sclka
Path Type: max

Fanout         Cap        Slew       Delay        Time   Description
---------------------------------------------------------------------------------------------
                                  0.000000    0.000000   clock sclka (rise edge)
                                  0.000000    0.000000   clock source latency
     1    0.021308    0.101557    0.069844    0.069844 ^ ui_in[3] (in)
                                                         ui_in[3] (net)
                      0.101564    0.000000    0.069844 ^ clkbuf_0_ui_in[3]/A (sky130_fd_sc_hd__clkbuf_16)
     8    0.121636    0.135098    0.218969    0.288813 ^ clkbuf_0_ui_in[3]/X (sky130_fd_sc_hd__clkbuf_16)
                                                         clknet_0_ui_in[3] (net)
                      0.135543    0.006230    0.295043 ^ clkbuf_3_2__f_ui_in[3]/A (sky130_fd_sc_hd__clkbuf_16)
    11    0.038019    0.058270    0.172523    0.467565 ^ clkbuf_3_2__f_ui_in[3]/X (sky130_fd_sc_hd__clkbuf_16)
                                                         clknet_3_2__leaf_ui_in[3] (net)
                      0.058278    0.000562    0.468127 ^ _544_/CLK (sky130_fd_sc_hd__dfrtp_1)
     2    0.007520    0.061047    0.384180    0.852307 v _544_/Q (sky130_fd_sc_hd__dfrtp_1)
                                                         scan_chain.scan_cells[4].scan_cell.primary_ff (net)
                      0.061047    0.000114    0.852421 v hold88/A (sky130_fd_sc_hd__dlygate4sd3_1)
     1    0.003410    0.056947    0.560423    1.412844 v hold88/X (sky130_fd_sc_hd__dlygate4sd3_1)
                                                         net167 (net)
                      0.056947    0.000053    1.412896 v _318_/A0 (sky130_fd_sc_hd__mux2_1)
     1    0.003775    0.060664    0.288772    1.701668 v _318_/X (sky130_fd_sc_hd__mux2_1)
                                                         _070_ (net)
                      0.060664    0.000054    1.701722 v _544_/D (sky130_fd_sc_hd__dfrtp_1)
                                              1.701722   data arrival time

                               10000.000000 10000.000000   clock sclka (rise edge)
                                  0.000000 10000.000000   clock source latency
     1    0.021308    0.101557    0.070031 10000.070312 ^ ui_in[3] (in)
                                                         ui_in[3] (net)
                      0.101564    0.000000 10000.070312 ^ clkbuf_0_ui_in[3]/A (sky130_fd_sc_hd__clkbuf_16)
     8    0.121636    0.135098    0.219188 10000.289062 ^ clkbuf_0_ui_in[3]/X (sky130_fd_sc_hd__clkbuf_16)
                                                         clknet_0_ui_in[3] (net)
                      0.135543    0.005457 10000.294922 ^ clkbuf_3_2__f_ui_in[3]/A (sky130_fd_sc_hd__clkbuf_16)
    11    0.038019    0.058270    0.172804 10000.467773 ^ clkbuf_3_2__f_ui_in[3]/X (sky130_fd_sc_hd__clkbuf_16)
                                                         clknet_3_2__leaf_ui_in[3] (net)
                      0.058278    0.000909 10000.468750 ^ _544_/CLK (sky130_fd_sc_hd__dfrtp_1)
                                 -0.250000 10000.218750   clock uncertainty
                                  0.000000 10000.218750   clock reconvergence pessimism
                                 -0.118064 10000.099609   library setup time
                                           10000.099609   data required time
---------------------------------------------------------------------------------------------
                                           10000.099609   data required time
                                             -1.701722   data arrival time
---------------------------------------------------------------------------------------------
                                           9998.398438   slack (MET)


Startpoint: ui_in[2] (input port clocked by sclkb)
Endpoint: _501_ (rising edge-triggered flip-flop clocked by sclkb)
Path Group: sclkb
Path Type: max

Fanout         Cap        Slew       Delay        Time   Description
---------------------------------------------------------------------------------------------
                                  0.000000    0.000000   clock sclkb (rise edge)
                                  0.000000    0.000000   clock network delay (propagated)
                                  0.000000    0.000000 ^ input external delay
     1    0.008084    0.042895    0.027840    0.027840 ^ ui_in[2] (in)
                                                         ui_in[2] (net)
                      0.042895    0.000000    0.027840 ^ hold5/A (sky130_fd_sc_hd__dlygate4sd3_1)
     1    0.008195    0.100056    0.576603    0.604443 ^ hold5/X (sky130_fd_sc_hd__dlygate4sd3_1)
                                                         net84 (net)
                      0.100056    0.000240    0.604683 ^ input4/A (sky130_fd_sc_hd__clkbuf_1)
     1    0.005811    0.077686    0.119892    0.724575 ^ input4/X (sky130_fd_sc_hd__clkbuf_1)
                                                         net4 (net)
                      0.077686    0.000119    0.724694 ^ fanout23/A (sky130_fd_sc_hd__clkbuf_4)
     5    0.085693    0.258424    0.296363    1.021057 ^ fanout23/X (sky130_fd_sc_hd__clkbuf_4)
                                                         net23 (net)
                      0.258509    0.003927    1.024984 ^ fanout22/A (sky130_fd_sc_hd__clkbuf_2)
     5    0.032828    0.182197    0.265403    1.290387 ^ fanout22/X (sky130_fd_sc_hd__clkbuf_2)
                                                         net22 (net)
                      0.182204    0.001333    1.291719 ^ fanout21/A (sky130_fd_sc_hd__clkbuf_4)
     8    0.054922    0.169122    0.275277    1.566997 ^ fanout21/X (sky130_fd_sc_hd__clkbuf_4)
                                                         net21 (net)
                      0.169122    0.000491    1.567488 ^ fanout20/A (sky130_fd_sc_hd__clkbuf_4)
    10    0.056713    0.174691    0.275319    1.842807 ^ fanout20/X (sky130_fd_sc_hd__clkbuf_4)
                                                         net20 (net)
                      0.174692    0.000873    1.843680 ^ _252_/A (sky130_fd_sc_hd__nand2_2)
     3    0.035601    0.151456    0.172025    2.015705 v _252_/Y (sky130_fd_sc_hd__nand2_2)
                                                         _145_ (net)
                      0.151537    0.002877    2.018583 v fanout6/A (sky130_fd_sc_hd__clkbuf_4)
    10    0.057283    0.117965    0.264206    2.282789 v fanout6/X (sky130_fd_sc_hd__clkbuf_4)
                                                         net6 (net)
                      0.118023    0.002434    2.285222 v fanout5/A (sky130_fd_sc_hd__clkbuf_4)
    10    0.054842    0.113464    0.245578    2.530800 v fanout5/X (sky130_fd_sc_hd__clkbuf_4)
                                                         net5 (net)
                      0.113517    0.002295    2.533095 v _253_/S (sky130_fd_sc_hd__mux2_1)
     1    0.002713    0.054777    0.327507    2.860602 v _253_/X (sky130_fd_sc_hd__mux2_1)
                                                         _027_ (net)
                      0.054777    0.000028    2.860631 v _501_/D (sky130_fd_sc_hd__dfrtp_4)
                                              2.860631   data arrival time

                               10000.000000 10000.000000   clock sclkb (rise edge)
                                  0.000000 10000.000000   clock source latency
     1    0.021308    0.101562    0.070031 10000.070312 ^ ui_in[4] (in)
                                                         ui_in[4] (net)
                      0.101571    0.000000 10000.070312 ^ clkbuf_0_ui_in[4]/A (sky130_fd_sc_hd__clkbuf_16)
     8    0.115446    0.129195    0.215550 10000.285156 ^ clkbuf_0_ui_in[4]/X (sky130_fd_sc_hd__clkbuf_16)
                                                         clknet_0_ui_in[4] (net)
                      0.129517    0.004547 10000.290039 ^ clkbuf_3_2__f_ui_in[4]/A (sky130_fd_sc_hd__clkbuf_16)
    11    0.038681    0.058752    0.171895 10000.461914 ^ clkbuf_3_2__f_ui_in[4]/X (sky130_fd_sc_hd__clkbuf_16)
                                                         clknet_3_2__leaf_ui_in[4] (net)
                      0.058774    0.000909 10000.462891 ^ _501_/CLK (sky130_fd_sc_hd__dfrtp_4)
                                 -0.250000 10000.212891   clock uncertainty
                                  0.000000 10000.212891   clock reconvergence pessimism
                                 -0.115384 10000.097656   library setup time
                                           10000.097656   data required time
---------------------------------------------------------------------------------------------
                                           10000.097656   data required time
                                             -2.860631   data arrival time
---------------------------------------------------------------------------------------------
                                           9997.237305   slack (MET)




===========================================================================
report_checks --slack_max -0.01
============================================================================
======================= min_tt_025C_1v80 Corner ===================================

No paths found.


===========================================================================
 report_check_types -max_slew -max_cap -max_fanout -violators
============================================================================
======================= min_tt_025C_1v80 Corner ===================================

max fanout

Pin                                   Limit Fanout  Slack
---------------------------------------------------------
clkbuf_3_3__f_ui_in[3]/X                 10     13     -3 (VIOLATED)
clkbuf_3_3__f_ui_in[4]/X                 10     13     -3 (VIOLATED)
clkbuf_3_6__f_ui_in[3]/X                 10     13     -3 (VIOLATED)
clkbuf_3_2__f_ui_in[3]/X                 10     11        (VIOLATED)
clkbuf_3_2__f_ui_in[4]/X                 10     11        (VIOLATED)
clkbuf_3_6__f_ui_in[4]/X                 10     11        (VIOLATED)



===========================================================================
report_parasitic_annotation -report_unannotated
============================================================================
Found 42 unannotated drivers.
 clk
 ena
 uio_in[4]
 uio_in[5]
 uio_in[6]
 uio_in[7]
 clkload0/Y
 clkload1/Y
 clkload10/Y
 clkload11/Y
 clkload12/Y
 clkload13/Y
 clkload2/Y
 clkload3/Y
 clkload4/Y
 clkload5/X
 clkload6/Y
 clkload7/Y
 clkload8/Y
 clkload9/Y
 tt_um_openram_top_58/HI
 tt_um_openram_top_59/HI
 tt_um_openram_top_60/HI
 tt_um_openram_top_61/HI
 tt_um_openram_top_62/HI
 tt_um_openram_top_63/HI
 tt_um_openram_top_64/HI
 tt_um_openram_top_65/HI
 tt_um_openram_top_66/HI
 tt_um_openram_top_67/HI
 tt_um_openram_top_68/HI
 tt_um_openram_top_69/HI
 tt_um_openram_top_70/HI
 tt_um_openram_top_71/HI
 tt_um_openram_top_72/HI
 tt_um_openram_top_73/HI
 tt_um_openram_top_74/HI
 tt_um_openram_top_75/HI
 tt_um_openram_top_76/HI
 tt_um_openram_top_77/HI
 tt_um_openram_top_78/HI
 tt_um_openram_top_79/HI
Found 42 partially unannotated drivers.
 uio_in[0]
  SRAM/wmask0[3]
 uio_in[1]
  SRAM/wmask0[2]
 uio_in[2]
  SRAM/wmask0[1]
 uio_in[3]
  SRAM/wmask0[0]
 _501_/Q
  SRAM/addr0[0]
 _503_/Q
  SRAM/addr0[1]
 _505_/Q
  SRAM/addr0[2]
 _507_/Q
  SRAM/addr0[3]
 _509_/Q
  SRAM/addr0[4]
 _511_/Q
  SRAM/addr0[5]
 _513_/Q
  SRAM/din0[0]
 _515_/Q
  SRAM/din0[1]
 _517_/Q
  SRAM/din0[2]
 _519_/Q
  SRAM/din0[3]
 _521_/Q
  SRAM/din0[4]
 _523_/Q
  SRAM/din0[5]
 _525_/Q
  SRAM/din0[6]
 _527_/Q
  SRAM/din0[7]
 _529_/Q
  SRAM/din0[8]
 _531_/Q
  SRAM/din0[9]
 _533_/Q
  SRAM/din0[10]
 _535_/Q
  SRAM/din0[11]
 _537_/Q
  SRAM/din0[12]
 _539_/Q
  SRAM/din0[13]
 _541_/Q
  SRAM/din0[14]
 _543_/Q
  SRAM/din0[15]
 _547_/Q
  SRAM/din0[17]
 _549_/Q
  SRAM/din0[18]
 _551_/Q
  SRAM/din0[19]
 _553_/Q
  SRAM/din0[20]
 _555_/Q
  SRAM/din0[21]
 _557_/Q
  SRAM/din0[22]
 _559_/Q
  SRAM/din0[23]
 _561_/Q
  SRAM/din0[24]
 _563_/Q
  SRAM/din0[25]
 _565_/Q
  SRAM/din0[26]
 _567_/Q
  SRAM/din0[27]
 _569_/Q
  SRAM/din0[28]
 _571_/Q
  SRAM/din0[29]
 _573_/Q
  SRAM/din0[30]
 _575_/Q
  SRAM/din0[31]
 _577_/Q
  SRAM/din0[32]

===========================================================================
max slew violation count 0
max fanout violation count 6
max cap violation count 0
============================================================================

===========================================================================
check_setup -verbose -unconstrained_endpoints -multiple_clock -no_clock -no_input_delay -loops -generated_clocks
===========================================================================
Warning: There are 22 unconstrained endpoints.
  uio_oe[0]
  uio_oe[1]
  uio_oe[2]
  uio_oe[3]
  uio_oe[4]
  uio_oe[5]
  uio_oe[6]
  uio_oe[7]
  uio_out[0]
  uio_out[1]
  uio_out[2]
  uio_out[3]
  uio_out[4]
  uio_out[5]
  uio_out[6]
  uio_out[7]
  uo_out[2]
  uo_out[3]
  uo_out[4]
  uo_out[5]
  uo_out[6]
  uo_out[7]
