Clock: sclka
Sources: ui_in[3] 
Generated: no
Virtual: yes
Propagated: no
Period: 10000.000000

===========================================================================
report_clock_properties
============================================================================
Clock                   Period          Waveform
----------------------------------------------------
sclka               10000.000000    0.0000005000.000000

===========================================================================
report_clock_latency
============================================================================
Clock sclka
rise -> rise
    min     max
0.000000 0.000000 source latency
0.459625         network latency _547_/CLK
        0.475435 network latency _618_/CLK
---------------
0.459625 0.475435 latency
        0.015810 skew

rise -> fall
    min     max
0.000000 0.000000 source latency
0.406198         network latency _547_/CLK
        0.414938 network latency _575_/CLK
---------------
0.406198 0.414938 latency
        0.008740 skew

fall -> fall
    min     max
0.000000 0.000000 source latency
0.410182         network latency _556_/CLK
        0.419732 network latency _586_/CLK
---------------
0.410182 0.419732 latency
        0.009550 skew



===========================================================================
report_clock_min_period
============================================================================
sclka period_min = 1.61 fmax = 620.84
Clock: sclkb
Sources: ui_in[4] 
Generated: no
Virtual: yes
Propagated: no
Period: 10000.000000

===========================================================================
report_clock_properties
============================================================================
Clock                   Period          Waveform
----------------------------------------------------
sclkb               10000.000000    0.0000005000.000000

===========================================================================
report_clock_latency
============================================================================
Clock sclkb
rise -> rise
    min     max
0.000000 0.000000 source latency
0.459625         network latency _547_/CLK
        0.475435 network latency _618_/CLK
---------------
0.459625 0.475435 latency
        0.015810 skew

rise -> fall
    min     max
0.000000 0.000000 source latency
0.410666         network latency _556_/CLK
        0.420085 network latency _618_/CLK
---------------
0.410666 0.420085 latency
        0.009419 skew

fall -> fall
    min     max
0.000000 0.000000 source latency
0.406089         network latency _547_/CLK
        0.414730 network latency _575_/CLK
---------------
0.406089 0.414730 latency
        0.008640 skew



===========================================================================
report_clock_min_period
============================================================================
sclkb period_min = 1.64 fmax = 610.84
