Clock: sclka
Sources: ui_in[3] 
Generated: no
Virtual: yes
Propagated: no
Period: 10000.000000

===========================================================================
report_clock_properties
============================================================================
Clock                   Period          Waveform
----------------------------------------------------
sclka               10000.000000    0.0000005000.000000

===========================================================================
report_clock_latency
============================================================================
Clock sclka
rise -> rise
    min     max
0.000000 0.000000 source latency
0.453681         network latency _546_/CLK
        0.485991 network latency _621_/CLK
---------------
0.453681 0.485991 latency
        0.032310 skew

rise -> fall
    min     max
0.000000 0.000000 source latency
0.416285         network latency _625_/CLK
        0.424214 network latency _621_/CLK
---------------
0.416285 0.424214 latency
        0.007928 skew

fall -> fall
    min     max
0.000000 0.000000 source latency
0.404270         network latency _556_/CLK
        0.414730 network latency _592_/CLK
---------------
0.404270 0.414730 latency
        0.010459 skew



===========================================================================
report_clock_min_period
============================================================================
sclka period_min = 1.62 fmax = 617.70
Clock: sclkb
Sources: ui_in[4] 
Generated: no
Virtual: yes
Propagated: no
Period: 10000.000000

===========================================================================
report_clock_properties
============================================================================
Clock                   Period          Waveform
----------------------------------------------------
sclkb               10000.000000    0.0000005000.000000

===========================================================================
report_clock_latency
============================================================================
Clock sclkb
rise -> rise
    min     max
0.000000 0.000000 source latency
0.453681         network latency _546_/CLK
        0.485991 network latency _621_/CLK
---------------
0.453681 0.485991 latency
        0.032310 skew

rise -> fall
    min     max
0.000000 0.000000 source latency
0.404361         network latency _546_/CLK
        0.414647 network latency _618_/CLK
---------------
0.404361 0.414647 latency
        0.010286 skew

fall -> fall
    min     max
0.000000 0.000000 source latency
0.416094         network latency _625_/CLK
        0.424279 network latency _593_/CLK
---------------
0.416094 0.424279 latency
        0.008185 skew



===========================================================================
report_clock_min_period
============================================================================
sclkb period_min = 1.65 fmax = 605.12
