
===========================================================================
 report_power
============================================================================
======================= min_tt_025C_1v80 Corner ===================================

Group                    Internal    Switching      Leakage        Total
                            Power        Power        Power        Power (Watts)
------------------------------------------------------------------------
Sequential           7.199808e-07 1.094220e-07 1.781071e-09 8.311839e-07  43.5%
Combinational        2.756741e-07 1.223730e-07 2.151551e-09 4.001986e-07  20.9%
Clock                3.911025e-07 2.866902e-07 1.780726e-09 6.795734e-07  35.6%
Macro                0.000000e+00 0.000000e+00 0.000000e+00 0.000000e+00   0.0%
Pad                  0.000000e+00 0.000000e+00 0.000000e+00 0.000000e+00   0.0%
------------------------------------------------------------------------
Total                1.386758e-06 5.184854e-07 5.713349e-09 1.910957e-06 100.0%
                            72.6%        27.1%         0.3%

