
===========================================================================
 report_power
============================================================================
======================= min_tt_025C_1v80 Corner ===================================

Group                    Internal    Switching      Leakage        Total
                            Power        Power        Power        Power (Watts)
------------------------------------------------------------------------
Sequential           7.200499e-07 1.093612e-07 1.783084e-09 8.311942e-07  43.7%
Combinational        2.759397e-07 1.234770e-07 2.147158e-09 4.015638e-07  21.1%
Clock                3.807193e-07 2.877032e-07 1.826376e-09 6.702488e-07  35.2%
Macro                0.000000e+00 0.000000e+00 0.000000e+00 0.000000e+00   0.0%
Pad                  0.000000e+00 0.000000e+00 0.000000e+00 0.000000e+00   0.0%
------------------------------------------------------------------------
Total                1.376709e-06 5.205411e-07 5.756617e-09 1.903007e-06 100.0%
                            72.3%        27.4%         0.3%

