
===========================================================================
 report_power
============================================================================
======================= min_tt_025C_1v80 Corner ===================================

Group                    Internal    Switching      Leakage        Total
                            Power        Power        Power        Power (Watts)
------------------------------------------------------------------------
Sequential           7.199898e-07 1.086743e-07 1.781407e-09 8.304455e-07  43.8%
Combinational        2.779281e-07 1.196915e-07 2.145896e-09 3.997655e-07  21.1%
Clock                3.766227e-07 2.853290e-07 1.734277e-09 6.636860e-07  35.0%
Macro                0.000000e+00 0.000000e+00 0.000000e+00 0.000000e+00   0.0%
Pad                  0.000000e+00 0.000000e+00 0.000000e+00 0.000000e+00   0.0%
------------------------------------------------------------------------
Total                1.374541e-06 5.136945e-07 5.661581e-09 1.893897e-06 100.0%
                            72.6%        27.1%         0.3%

