
===========================================================================
report_checks -unconstrained
===========================================================================
======================= nom_tt_025C_1v80 Corner ===================================

Startpoint: rst_n (input port clocked by sclkb)
Endpoint: _517_ (recovery check against rising-edge clock sclkb)
Path Group: asynchronous
Path Type: max

Fanout         Cap        Slew       Delay        Time   Description
---------------------------------------------------------------------------------------------
                                  0.000000    0.000000   clock sclkb (rise edge)
                                  0.000000    0.000000   clock network delay (propagated)
                                  0.000000    0.000000 ^ input external delay
     1    0.002350    0.017830    0.008722    0.008722 ^ rst_n (in)
                                                         rst_n (net)
                      0.017830    0.000000    0.008722 ^ hold1/A (sky130_fd_sc_hd__dlygate4sd3_1)
     1    0.002934    0.056359    0.527117    0.535839 ^ hold1/X (sky130_fd_sc_hd__dlygate4sd3_1)
                                                         net79 (net)
                      0.056359    0.000012    0.535851 ^ input1/A (sky130_fd_sc_hd__clkbuf_1)
     1    0.002339    0.040566    0.080446    0.616297 ^ input1/X (sky130_fd_sc_hd__clkbuf_1)
                                                         net1 (net)
                      0.040566    0.000008    0.616304 ^ hold2/A (sky130_fd_sc_hd__dlygate4sd3_1)
     1    0.003011    0.057104    0.535408    1.151712 ^ hold2/X (sky130_fd_sc_hd__dlygate4sd3_1)
                                                         net80 (net)
                      0.057104    0.000012    1.151724 ^ fanout56/A (sky130_fd_sc_hd__clkbuf_2)
     5    0.022979    0.130152    0.170331    1.322055 ^ fanout56/X (sky130_fd_sc_hd__clkbuf_2)
                                                         net56 (net)
                      0.130152    0.000076    1.322132 ^ fanout55/A (sky130_fd_sc_hd__buf_4)
     6    0.042283    0.123227    0.200318    1.522449 ^ fanout55/X (sky130_fd_sc_hd__buf_4)
                                                         net55 (net)
                      0.123248    0.001327    1.523777 ^ fanout54/A (sky130_fd_sc_hd__buf_2)
     6    0.033414    0.166728    0.223496    1.747273 ^ fanout54/X (sky130_fd_sc_hd__buf_2)
                                                         net54 (net)
                      0.166728    0.000089    1.747362 ^ fanout53/A (sky130_fd_sc_hd__clkbuf_4)
     9    0.040822    0.131156    0.242095    1.989457 ^ fanout53/X (sky130_fd_sc_hd__clkbuf_4)
                                                         net53 (net)
                      0.131156    0.000174    1.989631 ^ fanout52/A (sky130_fd_sc_hd__clkbuf_4)
    10    0.041905    0.133821    0.232784    2.222415 ^ fanout52/X (sky130_fd_sc_hd__clkbuf_4)
                                                         net52 (net)
                      0.133821    0.000279    2.222694 ^ _517_/RESET_B (sky130_fd_sc_hd__dfrtp_4)
                                              2.222694   data arrival time

                               10000.000000 10000.000000   clock sclkb (rise edge)
                                  0.000000 10000.000000   clock source latency
     1    0.015667    0.076404    0.051841 10000.051758 ^ ui_in[4] (in)
                                                         ui_in[4] (net)
                      0.076411    0.000000 10000.051758 ^ clkbuf_0_ui_in[4]/A (sky130_fd_sc_hd__clkbuf_16)
     8    0.091025    0.107116    0.190994 10000.243164 ^ clkbuf_0_ui_in[4]/X (sky130_fd_sc_hd__clkbuf_16)
                                                         clknet_0_ui_in[4] (net)
                      0.107347    0.003638 10000.246094 ^ clkbuf_3_4__f_ui_in[4]/A (sky130_fd_sc_hd__clkbuf_16)
     8    0.031199    0.052102    0.157343 10000.404297 ^ clkbuf_3_4__f_ui_in[4]/X (sky130_fd_sc_hd__clkbuf_16)
                                                         clknet_3_4__leaf_ui_in[4] (net)
                      0.052107    0.000909 10000.404297 ^ _517_/CLK (sky130_fd_sc_hd__dfrtp_4)
                                 -0.250000 10000.154297   clock uncertainty
                                  0.000000 10000.154297   clock reconvergence pessimism
                                  0.190667 10000.345703   library recovery time
                                           10000.345703   data required time
---------------------------------------------------------------------------------------------
                                           10000.345703   data required time
                                             -2.222694   data arrival time
---------------------------------------------------------------------------------------------
                                           9998.123047   slack (MET)


Startpoint: _504_ (rising edge-triggered flip-flop clocked by sclka)
Endpoint: _504_ (rising edge-triggered flip-flop clocked by sclka)
Path Group: sclka
Path Type: max

Fanout         Cap        Slew       Delay        Time   Description
---------------------------------------------------------------------------------------------
                                  0.000000    0.000000   clock sclka (rise edge)
                                  0.000000    0.000000   clock source latency
     1    0.014800    0.072542    0.049507    0.049507 ^ ui_in[3] (in)
                                                         ui_in[3] (net)
                      0.072547    0.000000    0.049507 ^ clkbuf_0_ui_in[3]/A (sky130_fd_sc_hd__clkbuf_16)
     8    0.091661    0.107720    0.189390    0.238897 ^ clkbuf_0_ui_in[3]/X (sky130_fd_sc_hd__clkbuf_16)
                                                         clknet_0_ui_in[3] (net)
                      0.107829    0.001967    0.240865 ^ clkbuf_3_3__f_ui_in[3]/A (sky130_fd_sc_hd__clkbuf_16)
    13    0.037761    0.057864    0.163348    0.404212 ^ clkbuf_3_3__f_ui_in[3]/X (sky130_fd_sc_hd__clkbuf_16)
                                                         clknet_3_3__leaf_ui_in[3] (net)
                      0.057864    0.000199    0.404411 ^ _504_/CLK (sky130_fd_sc_hd__dfrtp_1)
     2    0.006231    0.054700    0.377107    0.781518 v _504_/Q (sky130_fd_sc_hd__dfrtp_1)
                                                         scan_chain.scan_cells[6].scan_cell.primary_ff (net)
                      0.054700    0.000049    0.781567 v hold95/A (sky130_fd_sc_hd__dlygate4sd3_1)
     1    0.002348    0.052132    0.547967    1.329535 v hold95/X (sky130_fd_sc_hd__dlygate4sd3_1)
                                                         net173 (net)
                      0.052132    0.000011    1.329546 v _258_/A0 (sky130_fd_sc_hd__mux2_1)
     1    0.002476    0.054897    0.275652    1.605198 v _258_/X (sky130_fd_sc_hd__mux2_1)
                                                         _030_ (net)
                      0.054897    0.000008    1.605206 v _504_/D (sky130_fd_sc_hd__dfrtp_1)
                                              1.605206   data arrival time

                               10000.000000 10000.000000   clock sclka (rise edge)
                                  0.000000 10000.000000   clock source latency
     1    0.014800    0.072542    0.049113 10000.048828 ^ ui_in[3] (in)
                                                         ui_in[3] (net)
                      0.072547    0.000000 10000.048828 ^ clkbuf_0_ui_in[3]/A (sky130_fd_sc_hd__clkbuf_16)
     8    0.091661    0.107720    0.190084 10000.239258 ^ clkbuf_0_ui_in[3]/X (sky130_fd_sc_hd__clkbuf_16)
                                                         clknet_0_ui_in[3] (net)
                      0.107829    0.001819 10000.241211 ^ clkbuf_3_3__f_ui_in[3]/A (sky130_fd_sc_hd__clkbuf_16)
    13    0.037761    0.057864    0.162800 10000.404297 ^ clkbuf_3_3__f_ui_in[3]/X (sky130_fd_sc_hd__clkbuf_16)
                                                         clknet_3_3__leaf_ui_in[3] (net)
                      0.057864    0.000909 10000.404297 ^ _504_/CLK (sky130_fd_sc_hd__dfrtp_1)
                                 -0.250000 10000.154297   clock uncertainty
                                  0.000000 10000.154297   clock reconvergence pessimism
                                 -0.115645 10000.039062   library setup time
                                           10000.039062   data required time
---------------------------------------------------------------------------------------------
                                           10000.039062   data required time
                                             -1.605206   data arrival time
---------------------------------------------------------------------------------------------
                                           9998.433594   slack (MET)


Startpoint: ui_in[2] (input port clocked by sclkb)
Endpoint: _513_ (rising edge-triggered flip-flop clocked by sclkb)
Path Group: sclkb
Path Type: max

Fanout         Cap        Slew       Delay        Time   Description
---------------------------------------------------------------------------------------------
                                  0.000000    0.000000   clock sclkb (rise edge)
                                  0.000000    0.000000   clock network delay (propagated)
                                  0.000000    0.000000 ^ input external delay
     1    0.002247    0.017398    0.008360    0.008360 ^ ui_in[2] (in)
                                                         ui_in[2] (net)
                      0.017398    0.000000    0.008360 ^ hold5/A (sky130_fd_sc_hd__dlygate4sd3_1)
     1    0.002797    0.055119    0.525672    0.534033 ^ hold5/X (sky130_fd_sc_hd__dlygate4sd3_1)
                                                         net83 (net)
                      0.055119    0.000010    0.534043 ^ input4/A (sky130_fd_sc_hd__clkbuf_1)
     1    0.004306    0.060618    0.095975    0.630018 ^ input4/X (sky130_fd_sc_hd__clkbuf_1)
                                                         net4 (net)
                      0.060618    0.000039    0.630057 ^ fanout22/A (sky130_fd_sc_hd__buf_4)
     8    0.063169    0.177251    0.214625    0.844683 ^ fanout22/X (sky130_fd_sc_hd__buf_4)
                                                         net22 (net)
                      0.177299    0.002418    0.847101 ^ fanout21/A (sky130_fd_sc_hd__clkbuf_2)
     5    0.024633    0.139302    0.214675    1.061776 ^ fanout21/X (sky130_fd_sc_hd__clkbuf_2)
                                                         net21 (net)
                      0.139303    0.000634    1.062410 ^ fanout20/A (sky130_fd_sc_hd__clkbuf_4)
     8    0.040144    0.129220    0.230929    1.293339 ^ fanout20/X (sky130_fd_sc_hd__clkbuf_4)
                                                         net20 (net)
                      0.129220    0.000122    1.293461 ^ fanout19/A (sky130_fd_sc_hd__clkbuf_4)
    10    0.047874    0.150523    0.244385    1.537847 ^ fanout19/X (sky130_fd_sc_hd__clkbuf_4)
                                                         net19 (net)
                      0.150523    0.000333    1.538179 ^ _252_/A (sky130_fd_sc_hd__nand2_2)
     3    0.022145    0.104436    0.124464    1.662643 v _252_/Y (sky130_fd_sc_hd__nand2_2)
                                                         _145_ (net)
                      0.104436    0.000022    1.662665 v fanout8/A (sky130_fd_sc_hd__clkbuf_4)
    10    0.047675    0.103628    0.229582    1.892247 v fanout8/X (sky130_fd_sc_hd__clkbuf_4)
                                                         net8 (net)
                      0.103628    0.000123    1.892371 v fanout7/A (sky130_fd_sc_hd__clkbuf_4)
    10    0.043796    0.096381    0.223807    2.116177 v fanout7/X (sky130_fd_sc_hd__clkbuf_4)
                                                         net7 (net)
                      0.096381    0.000257    2.116434 v _271_/S (sky130_fd_sc_hd__mux2_1)
     1    0.002444    0.054708    0.318811    2.435246 v _271_/X (sky130_fd_sc_hd__mux2_1)
                                                         _039_ (net)
                      0.054708    0.000007    2.435253 v _513_/D (sky130_fd_sc_hd__dfrtp_4)
                                              2.435253   data arrival time

                               10000.000000 10000.000000   clock sclkb (rise edge)
                                  0.000000 10000.000000   clock source latency
     1    0.015667    0.076404    0.051841 10000.051758 ^ ui_in[4] (in)
                                                         ui_in[4] (net)
                      0.076411    0.000000 10000.051758 ^ clkbuf_0_ui_in[4]/A (sky130_fd_sc_hd__clkbuf_16)
     8    0.091025    0.107116    0.190994 10000.243164 ^ clkbuf_0_ui_in[4]/X (sky130_fd_sc_hd__clkbuf_16)
                                                         clknet_0_ui_in[4] (net)
                      0.107347    0.003638 10000.246094 ^ clkbuf_3_4__f_ui_in[4]/A (sky130_fd_sc_hd__clkbuf_16)
     8    0.031199    0.052102    0.157343 10000.404297 ^ clkbuf_3_4__f_ui_in[4]/X (sky130_fd_sc_hd__clkbuf_16)
                                                         clknet_3_4__leaf_ui_in[4] (net)
                      0.052106    0.000909 10000.404297 ^ _513_/CLK (sky130_fd_sc_hd__dfrtp_4)
                                 -0.250000 10000.154297   clock uncertainty
                                  0.000000 10000.154297   clock reconvergence pessimism
                                 -0.116882 10000.037109   library setup time
                                           10000.037109   data required time
---------------------------------------------------------------------------------------------
                                           10000.037109   data required time
                                             -2.435253   data arrival time
---------------------------------------------------------------------------------------------
                                           9997.601562   slack (MET)




===========================================================================
report_checks --slack_max -0.01
============================================================================
======================= nom_tt_025C_1v80 Corner ===================================

No paths found.


===========================================================================
 report_check_types -max_slew -max_cap -max_fanout -violators
============================================================================
======================= nom_tt_025C_1v80 Corner ===================================

max fanout

Pin                                   Limit Fanout  Slack
---------------------------------------------------------
clkbuf_3_3__f_ui_in[3]/X                 10     13     -3 (VIOLATED)
clkbuf_3_6__f_ui_in[3]/X                 10     13     -3 (VIOLATED)
clkbuf_3_2__f_ui_in[4]/X                 10     12     -2 (VIOLATED)
clkbuf_3_3__f_ui_in[4]/X                 10     11        (VIOLATED)
clkbuf_3_6__f_ui_in[4]/X                 10     11        (VIOLATED)
clkbuf_3_7__f_ui_in[4]/X                 10     11        (VIOLATED)



===========================================================================
report_parasitic_annotation -report_unannotated
============================================================================
Found 41 unannotated drivers.
 clk
 ena
 uio_in[4]
 uio_in[5]
 uio_in[6]
 uio_in[7]
 clkload0/Y
 clkload1/Y
 clkload10/Y
 clkload11/X
 clkload12/X
 clkload2/Y
 clkload3/Y
 clkload4/Y
 clkload5/Y
 clkload6/Y
 clkload7/Y
 clkload8/X
 clkload9/Y
 tt_um_openram_top_57/HI
 tt_um_openram_top_58/HI
 tt_um_openram_top_59/HI
 tt_um_openram_top_60/HI
 tt_um_openram_top_61/HI
 tt_um_openram_top_62/HI
 tt_um_openram_top_63/HI
 tt_um_openram_top_64/HI
 tt_um_openram_top_65/HI
 tt_um_openram_top_66/HI
 tt_um_openram_top_67/HI
 tt_um_openram_top_68/HI
 tt_um_openram_top_69/HI
 tt_um_openram_top_70/HI
 tt_um_openram_top_71/HI
 tt_um_openram_top_72/HI
 tt_um_openram_top_73/HI
 tt_um_openram_top_74/HI
 tt_um_openram_top_75/HI
 tt_um_openram_top_76/HI
 tt_um_openram_top_77/HI
 tt_um_openram_top_78/HI
Found 0 partially unannotated drivers.

===========================================================================
max slew violation count 0
Writing metric design__max_slew_violation__count__corner:nom_tt_025C_1v80: 0
max fanout violation count 6
Writing metric design__max_fanout_violation__count__corner:nom_tt_025C_1v80: 6
max cap violation count 0
Writing metric design__max_cap_violation__count__corner:nom_tt_025C_1v80: 0
============================================================================

===========================================================================
check_setup -verbose -unconstrained_endpoints -multiple_clock -no_clock -no_input_delay -loops -generated_clocks
===========================================================================
Warning: There are 22 unconstrained endpoints.
  uio_oe[0]
  uio_oe[1]
  uio_oe[2]
  uio_oe[3]
  uio_oe[4]
  uio_oe[5]
  uio_oe[6]
  uio_oe[7]
  uio_out[0]
  uio_out[1]
  uio_out[2]
  uio_out[3]
  uio_out[4]
  uio_out[5]
  uio_out[6]
  uio_out[7]
  uo_out[2]
  uo_out[3]
  uo_out[4]
  uo_out[5]
  uo_out[6]
  uo_out[7]
