
===========================================================================
 report_power
============================================================================
======================= nom_tt_025C_1v80 Corner ===================================

Group                    Internal    Switching      Leakage        Total
                            Power        Power        Power        Power (Watts)
------------------------------------------------------------------------
Sequential           7.199556e-07 8.141704e-08 1.783084e-09 8.031557e-07  44.0%
Combinational        2.710553e-07 1.013627e-07 2.141797e-09 3.745599e-07  20.5%
Clock                4.143995e-07 2.303405e-07 8.307033e-10 6.455707e-07  35.4%
Macro                0.000000e+00 0.000000e+00 0.000000e+00 0.000000e+00   0.0%
Pad                  0.000000e+00 0.000000e+00 0.000000e+00 0.000000e+00   0.0%
------------------------------------------------------------------------
Total                1.405410e-06 4.131205e-07 4.755586e-09 1.823286e-06 100.0%
                            77.1%        22.7%         0.3%
Writing metric power__internal__total: 1.4054101029614685e-6
Writing metric power__switching__total: 4.131204605073435e-7
Writing metric power__leakage__total: 4.755586147098256e-9
Writing metric power__total: 1.823286197577545e-6

