
===========================================================================
 report_power
============================================================================
======================= nom_tt_025C_1v80 Corner ===================================

Group                    Internal    Switching      Leakage        Total
                            Power        Power        Power        Power (Watts)
------------------------------------------------------------------------
Sequential           7.200419e-07 8.211023e-08 1.781071e-09 8.039332e-07  44.6%
Combinational        2.746048e-07 1.014269e-07 2.151551e-09 3.781832e-07  21.0%
Clock                3.902434e-07 2.283744e-07 8.052845e-10 6.194230e-07  34.4%
Macro                0.000000e+00 0.000000e+00 0.000000e+00 0.000000e+00   0.0%
Pad                  0.000000e+00 0.000000e+00 0.000000e+00 0.000000e+00   0.0%
------------------------------------------------------------------------
Total                1.384890e-06 4.119114e-07 4.737910e-09 1.801539e-06 100.0%
                            76.9%        22.9%         0.3%
Writing metric power__internal__total: 1.3848898561263923e-6
Writing metric power__switching__total: 4.119113725664647e-7
Writing metric power__leakage__total: 4.737910064278594e-9
Writing metric power__total: 1.8015391560766147e-6

