
===========================================================================
 report_power
============================================================================
======================= nom_tt_025C_1v80 Corner ===================================

Group                    Internal    Switching      Leakage        Total
                            Power        Power        Power        Power (Watts)
------------------------------------------------------------------------
Sequential           7.199012e-07 1.174943e-07 1.781407e-09 8.391769e-07  43.7%
Combinational        2.781323e-07 1.246828e-07 2.145896e-09 4.049610e-07  21.1%
Clock                3.767082e-07 2.994383e-07 1.734277e-09 6.778807e-07  35.3%
Macro                0.000000e+00 0.000000e+00 0.000000e+00 0.000000e+00   0.0%
Pad                  0.000000e+00 0.000000e+00 0.000000e+00 0.000000e+00   0.0%
------------------------------------------------------------------------
Total                1.374742e-06 5.416152e-07 5.661581e-09 1.922019e-06 100.0%
                            71.5%        28.2%         0.3%

