
===========================================================================
 report_power
============================================================================
======================= nom_tt_025C_1v80 Corner ===================================

Group                    Internal    Switching      Leakage        Total
                            Power        Power        Power        Power (Watts)
------------------------------------------------------------------------
Sequential           7.199585e-07 1.177885e-07 1.783084e-09 8.395300e-07  43.5%
Combinational        2.761657e-07 1.290120e-07 2.147158e-09 4.073248e-07  21.1%
Clock                3.808260e-07 3.022868e-07 1.826376e-09 6.849391e-07  35.5%
Macro                0.000000e+00 0.000000e+00 0.000000e+00 0.000000e+00   0.0%
Pad                  0.000000e+00 0.000000e+00 0.000000e+00 0.000000e+00   0.0%
------------------------------------------------------------------------
Total                1.376950e-06 5.490873e-07 5.756617e-09 1.931794e-06 100.0%
                            71.3%        28.4%         0.3%

