Clock: sclka
Sources: ui_in[3] 
Generated: no
Virtual: yes
Propagated: no
Period: 10000.000000

===========================================================================
report_clock_properties
============================================================================
Clock                   Period          Waveform
----------------------------------------------------
sclka               10000.000000    0.0000005000.000000

===========================================================================
report_clock_latency
============================================================================
Clock sclka
rise -> rise
    min     max
0.000000 0.000000 source latency
0.788097         network latency _547_/CLK
        0.811052 network latency _618_/CLK
---------------
0.788097 0.811052 latency
        0.022954 skew

rise -> fall
    min     max
0.000000 0.000000 source latency
0.718785         network latency _547_/CLK
        0.731393 network latency _575_/CLK
---------------
0.718785 0.731393 latency
        0.012608 skew

fall -> fall
    min     max
0.000000 0.000000 source latency
0.723048         network latency _500_/CLK
        0.737600 network latency _574_/CLK
---------------
0.723048 0.737600 latency
        0.014552 skew



===========================================================================
report_clock_min_period
============================================================================
sclka period_min = 3.16 fmax = 316.13
Clock: sclkb
Sources: ui_in[4] 
Generated: no
Virtual: yes
Propagated: no
Period: 10000.000000

===========================================================================
report_clock_properties
============================================================================
Clock                   Period          Waveform
----------------------------------------------------
sclkb               10000.000000    0.0000005000.000000

===========================================================================
report_clock_latency
============================================================================
Clock sclkb
rise -> rise
    min     max
0.000000 0.000000 source latency
0.788097         network latency _547_/CLK
        0.811052 network latency _618_/CLK
---------------
0.788097 0.811052 latency
        0.022954 skew

rise -> fall
    min     max
0.000000 0.000000 source latency
0.723249         network latency _556_/CLK
        0.737407 network latency _586_/CLK
---------------
0.723249 0.737407 latency
        0.014158 skew

fall -> fall
    min     max
0.000000 0.000000 source latency
0.719410         network latency _547_/CLK
        0.731688 network latency _575_/CLK
---------------
0.719410 0.731688 latency
        0.012278 skew



===========================================================================
report_clock_min_period
============================================================================
sclkb period_min = 3.22 fmax = 310.77
