Clock: sclka
Sources: ui_in[3] 
Generated: no
Virtual: yes
Propagated: no
Period: 10000.000000

===========================================================================
report_clock_properties
============================================================================
Clock                   Period          Waveform
----------------------------------------------------
sclka               10000.000000    0.0000005000.000000

===========================================================================
report_clock_latency
============================================================================
Clock sclka
rise -> rise
    min     max
0.000000 0.000000 source latency
0.769539         network latency _608_/CLK
        0.830183 network latency _505_/CLK
---------------
0.769539 0.830183 latency
        0.060644 skew

rise -> fall
    min     max
0.000000 0.000000 source latency
0.731539         network latency _631_/CLK
        0.748725 network latency _505_/CLK
---------------
0.731539 0.748725 latency
        0.017186 skew

fall -> fall
    min     max
0.000000 0.000000 source latency
0.706677         network latency _546_/CLK
        0.723958 network latency _592_/CLK
---------------
0.706677 0.723958 latency
        0.017280 skew



===========================================================================
report_clock_min_period
============================================================================
sclka period_min = 3.20 fmax = 312.27
Clock: sclkb
Sources: ui_in[4] 
Generated: no
Virtual: yes
Propagated: no
Period: 10000.000000

===========================================================================
report_clock_properties
============================================================================
Clock                   Period          Waveform
----------------------------------------------------
sclkb               10000.000000    0.0000005000.000000

===========================================================================
report_clock_latency
============================================================================
Clock sclkb
rise -> rise
    min     max
0.000000 0.000000 source latency
0.769539         network latency _608_/CLK
        0.830183 network latency _505_/CLK
---------------
0.769539 0.830183 latency
        0.060644 skew

rise -> fall
    min     max
0.000000 0.000000 source latency
0.706974         network latency _608_/CLK
        0.723880 network latency _618_/CLK
---------------
0.706974 0.723880 latency
        0.016907 skew

fall -> fall
    min     max
0.000000 0.000000 source latency
0.731234         network latency _553_/CLK
        0.748514 network latency _501_/CLK
---------------
0.731234 0.748514 latency
        0.017280 skew



===========================================================================
report_clock_min_period
============================================================================
sclkb period_min = 3.51 fmax = 284.85
