
===========================================================================
 report_power
============================================================================
======================= min_ss_100C_1v60 Corner ===================================

Group                    Internal    Switching      Leakage        Total
                            Power        Power        Power        Power (Watts)
------------------------------------------------------------------------
Sequential           5.567898e-07 8.484727e-08 2.719347e-06 3.360984e-06  45.6%
Combinational        2.196713e-07 9.422650e-08 2.715040e-06 3.028938e-06  41.1%
Clock                3.124032e-07 2.233154e-07 4.380725e-07 9.737912e-07  13.2%
Macro                0.000000e+00 0.000000e+00 0.000000e+00 0.000000e+00   0.0%
Pad                  0.000000e+00 0.000000e+00 0.000000e+00 0.000000e+00   0.0%
------------------------------------------------------------------------
Total                1.088864e-06 4.023891e-07 5.872458e-06 7.363711e-06 100.0%
                            14.8%         5.5%        79.7%

