
===========================================================================
 report_power
============================================================================
======================= min_ss_100C_1v60 Corner ===================================

Group                    Internal    Switching      Leakage        Total
                            Power        Power        Power        Power (Watts)
------------------------------------------------------------------------
Sequential           5.567398e-07 8.635411e-08 2.719347e-06 3.362441e-06  45.3%
Combinational        2.166579e-07 9.257023e-08 2.706756e-06 3.015984e-06  40.6%
Clock                3.408946e-07 2.231726e-07 4.769721e-07 1.041039e-06  14.0%
Macro                0.000000e+00 0.000000e+00 0.000000e+00 0.000000e+00   0.0%
Pad                  0.000000e+00 0.000000e+00 0.000000e+00 0.000000e+00   0.0%
------------------------------------------------------------------------
Total                1.114292e-06 4.020968e-07 5.903074e-06 7.419462e-06 100.0%
                            15.0%         5.4%        79.6%

