
===========================================================================
 report_power
============================================================================
======================= min_ss_100C_1v60 Corner ===================================

Group                    Internal    Switching      Leakage        Total
                            Power        Power        Power        Power (Watts)
------------------------------------------------------------------------
Sequential           5.568491e-07 8.491627e-08 2.721319e-06 3.363084e-06  45.6%
Combinational        2.194300e-07 9.335135e-08 2.722810e-06 3.035592e-06  41.1%
Clock                3.208777e-07 2.224807e-07 4.352351e-07 9.785936e-07  13.3%
Macro                0.000000e+00 0.000000e+00 0.000000e+00 0.000000e+00   0.0%
Pad                  0.000000e+00 0.000000e+00 0.000000e+00 0.000000e+00   0.0%
------------------------------------------------------------------------
Total                1.097157e-06 4.007484e-07 5.879361e-06 7.377266e-06 100.0%
                            14.9%         5.4%        79.7%

